Archive member included because of file (symbol)

/Applications/SimplicityStudio_v3/developer/toolchains/gnu_arm/4.8_2013q4/bin/../lib/gcc/arm-none-eabi/4.8.3/armv6-m/libgcc.a(_thumb1_case_uqi.o)
                              ./emlib/em_adc.o (__gnu_thumb1_case_uqi)
/Applications/SimplicityStudio_v3/developer/toolchains/gnu_arm/4.8_2013q4/bin/../lib/gcc/arm-none-eabi/4.8.3/armv6-m/libgcc.a(_udivsi3.o)
                              ./src/weatherstation.o (__aeabi_uidiv)
/Applications/SimplicityStudio_v3/developer/toolchains/gnu_arm/4.8_2013q4/bin/../lib/gcc/arm-none-eabi/4.8.3/armv6-m/libgcc.a(_divsi3.o)
                              ./src/graphics.o (__aeabi_idiv)
/Applications/SimplicityStudio_v3/developer/toolchains/gnu_arm/4.8_2013q4/bin/../lib/gcc/arm-none-eabi/4.8.3/armv6-m/libgcc.a(_dvmd_tls.o)
                              /Applications/SimplicityStudio_v3/developer/toolchains/gnu_arm/4.8_2013q4/bin/../lib/gcc/arm-none-eabi/4.8.3/armv6-m/libgcc.a(_udivsi3.o) (__aeabi_idiv0)
/Applications/SimplicityStudio_v3/developer/toolchains/gnu_arm/4.8_2013q4/bin/../lib/gcc/arm-none-eabi/4.8.3/armv6-m/libgcc.a(_aeabi_uldivmod.o)
                              ./Drivers/rtcdriver.o (__aeabi_uldivmod)
/Applications/SimplicityStudio_v3/developer/toolchains/gnu_arm/4.8_2013q4/bin/../lib/gcc/arm-none-eabi/4.8.3/armv6-m/libgcc.a(_muldi3.o)
                              ./Drivers/rtcdriver.o (__aeabi_lmul)
/Applications/SimplicityStudio_v3/developer/toolchains/gnu_arm/4.8_2013q4/bin/../lib/gcc/arm-none-eabi/4.8.3/armv6-m/libgcc.a(bpabi.o)
                              /Applications/SimplicityStudio_v3/developer/toolchains/gnu_arm/4.8_2013q4/bin/../lib/gcc/arm-none-eabi/4.8.3/armv6-m/libgcc.a(_aeabi_uldivmod.o) (__gnu_uldivmod_helper)
/Applications/SimplicityStudio_v3/developer/toolchains/gnu_arm/4.8_2013q4/bin/../lib/gcc/arm-none-eabi/4.8.3/armv6-m/libgcc.a(addsf3.o)
                              ./src/graphics.o (__aeabi_fadd)
/Applications/SimplicityStudio_v3/developer/toolchains/gnu_arm/4.8_2013q4/bin/../lib/gcc/arm-none-eabi/4.8.3/armv6-m/libgcc.a(mulsf3.o)
                              ./src/graphics.o (__aeabi_fmul)
/Applications/SimplicityStudio_v3/developer/toolchains/gnu_arm/4.8_2013q4/bin/../lib/gcc/arm-none-eabi/4.8.3/armv6-m/libgcc.a(fixsfsi.o)
                              ./src/graphics.o (__aeabi_f2iz)
/Applications/SimplicityStudio_v3/developer/toolchains/gnu_arm/4.8_2013q4/bin/../lib/gcc/arm-none-eabi/4.8.3/armv6-m/libgcc.a(floatsisf.o)
                              ./src/graphics.o (__aeabi_i2f)
/Applications/SimplicityStudio_v3/developer/toolchains/gnu_arm/4.8_2013q4/bin/../lib/gcc/arm-none-eabi/4.8.3/armv6-m/libgcc.a(_clzsi2.o)
                              /Applications/SimplicityStudio_v3/developer/toolchains/gnu_arm/4.8_2013q4/bin/../lib/gcc/arm-none-eabi/4.8.3/armv6-m/libgcc.a(addsf3.o) (__clzsi2)
/Applications/SimplicityStudio_v3/developer/toolchains/gnu_arm/4.8_2013q4/bin/../lib/gcc/arm-none-eabi/4.8.3/armv6-m/libgcc.a(_divdi3.o)
                              /Applications/SimplicityStudio_v3/developer/toolchains/gnu_arm/4.8_2013q4/bin/../lib/gcc/arm-none-eabi/4.8.3/armv6-m/libgcc.a(bpabi.o) (__divdi3)
/Applications/SimplicityStudio_v3/developer/toolchains/gnu_arm/4.8_2013q4/bin/../lib/gcc/arm-none-eabi/4.8.3/armv6-m/libgcc.a(_udivdi3.o)
                              /Applications/SimplicityStudio_v3/developer/toolchains/gnu_arm/4.8_2013q4/bin/../lib/gcc/arm-none-eabi/4.8.3/armv6-m/libgcc.a(bpabi.o) (__udivdi3)
/Applications/SimplicityStudio_v3/developer/toolchains/gnu_arm/4.8_2013q4/bin/../lib/gcc/arm-none-eabi/4.8.3/../../../../arm-none-eabi/lib/armv6-m/libc_s.a(lib_a-exit.o)
                              /Applications/SimplicityStudio_v3/developer/toolchains/gnu_arm/4.8_2013q4/bin/../lib/gcc/arm-none-eabi/4.8.3/../../../../arm-none-eabi/lib/armv6-m/crt0.o (exit)
/Applications/SimplicityStudio_v3/developer/toolchains/gnu_arm/4.8_2013q4/bin/../lib/gcc/arm-none-eabi/4.8.3/../../../../arm-none-eabi/lib/armv6-m/libc_s.a(lib_a-impure.o)
                              /Applications/SimplicityStudio_v3/developer/toolchains/gnu_arm/4.8_2013q4/bin/../lib/gcc/arm-none-eabi/4.8.3/../../../../arm-none-eabi/lib/armv6-m/libc_s.a(lib_a-exit.o) (_global_impure_ptr)
/Applications/SimplicityStudio_v3/developer/toolchains/gnu_arm/4.8_2013q4/bin/../lib/gcc/arm-none-eabi/4.8.3/../../../../arm-none-eabi/lib/armv6-m/libc_s.a(lib_a-init.o)
                              /Applications/SimplicityStudio_v3/developer/toolchains/gnu_arm/4.8_2013q4/bin/../lib/gcc/arm-none-eabi/4.8.3/../../../../arm-none-eabi/lib/armv6-m/crt0.o (__libc_init_array)
/Applications/SimplicityStudio_v3/developer/toolchains/gnu_arm/4.8_2013q4/bin/../lib/gcc/arm-none-eabi/4.8.3/../../../../arm-none-eabi/lib/armv6-m/libc_s.a(lib_a-memcpy-stub.o)
                              ./Graphics/dmd_display.o (memcpy)
[...]
Memory Configuration

Name             Origin             Length             Attributes
FLASH            0x0000000000000000 0x0000000000008000 xr
RAM              0x0000000020000000 0x0000000000001000 xrw
*default*        0x0000000000000000 0xffffffffffffffff

Linker script and memory map

LOAD /Applications/SimplicityStudio_v3/developer/toolchains/gnu_arm/4.8_2013q4/bin/../lib/gcc/arm-none-eabi/4.8.3/armv6-m/crti.o
LOAD /Applications/SimplicityStudio_v3/developer/toolchains/gnu_arm/4.8_2013q4/bin/../lib/gcc/arm-none-eabi/4.8.3/armv6-m/crtbegin.o
LOAD /Applications/SimplicityStudio_v3/developer/toolchains/gnu_arm/4.8_2013q4/bin/../lib/gcc/arm-none-eabi/4.8.3/../../../../arm-none-eabi/lib/armv6-m/crt0.o
LOAD ./src/graphics.o
LOAD ./src/sensor.o
LOAD ./src/weatherstation.o
LOAD ./emlib/em_adc.o
LOAD ./emlib/em_assert.o
LOAD ./emlib/em_cmu.o
LOAD ./emlib/em_emu.o
LOAD ./emlib/em_gpio.o
LOAD ./emlib/em_i2c.o
LOAD ./emlib/em_int.o
LOAD ./emlib/em_leuart.o
LOAD ./emlib/em_rtc.o
LOAD ./emlib/em_usart.o
LOAD ./Graphics/dmd_display.o
LOAD ./Graphics/glib.o
LOAD ./Graphics/glib_bitmap.o
LOAD ./Graphics/glib_circle.o
LOAD ./Graphics/glib_font_normal_8x8.o
LOAD ./Graphics/glib_line.o
LOAD ./Graphics/glib_rectangle.o
LOAD ./Graphics/glib_string.o
LOAD ./Drivers/display.o
LOAD ./Drivers/displayls013b7dh03.o
LOAD ./Drivers/displaypalemlib.o
LOAD ./Drivers/i2cspm.o
LOAD ./Drivers/rtcdriver.o
LOAD ./Drivers/si1147_i2c.o
LOAD ./Drivers/si114x_algorithm.o
LOAD ./Drivers/si114x_functions.o
LOAD ./Drivers/si7013.o
LOAD ./Drivers/udelay.o
LOAD ./CMSIS/efm32zg/startup_efm32zg.o
LOAD ./CMSIS/efm32zg/system_efm32zg.o
LOAD ./BSP/bsp_bcc.o
LOAD ./BSP/bsp_stk.o
START GROUP
LOAD /Applications/SimplicityStudio_v3/developer/toolchains/gnu_arm/4.8_2013q4/bin/../lib/gcc/arm-none-eabi/4.8.3/armv6-m/libgcc.a
LOAD /Applications/SimplicityStudio_v3/developer/toolchains/gnu_arm/4.8_2013q4/bin/../lib/gcc/arm-none-eabi/4.8.3/../../../../arm-none-eabi/lib/armv6-m/libc_s.a
LOAD /Applications/SimplicityStudio_v3/developer/toolchains/gnu_arm/4.8_2013q4/bin/../lib/gcc/arm-none-eabi/4.8.3/../../../../arm-none-eabi/lib/armv6-m/libnosys.a
END GROUP
START GROUP
LOAD /Applications/SimplicityStudio_v3/developer/toolchains/gnu_arm/4.8_2013q4/bin/../lib/gcc/arm-none-eabi/4.8.3/armv6-m/libgcc.a
LOAD /Applications/SimplicityStudio_v3/developer/toolchains/gnu_arm/4.8_2013q4/bin/../lib/gcc/arm-none-eabi/4.8.3/../../../../arm-none-eabi/lib/armv6-m/libg_s.a
LOAD /Applications/SimplicityStudio_v3/developer/toolchains/gnu_arm/4.8_2013q4/bin/../lib/gcc/arm-none-eabi/4.8.3/../../../../arm-none-eabi/lib/armv6-m/libc_s.a
END GROUP
START GROUP
LOAD /Applications/SimplicityStudio_v3/developer/toolchains/gnu_arm/4.8_2013q4/bin/../lib/gcc/arm-none-eabi/4.8.3/armv6-m/libgcc.a
LOAD /Applications/SimplicityStudio_v3/developer/toolchains/gnu_arm/4.8_2013q4/bin/../lib/gcc/arm-none-eabi/4.8.3/../../../../arm-none-eabi/lib/armv6-m/libc_s.a
END GROUP
LOAD /Applications/SimplicityStudio_v3/developer/toolchains/gnu_arm/4.8_2013q4/bin/../lib/gcc/arm-none-eabi/4.8.3/armv6-m/crtend.o
LOAD /Applications/SimplicityStudio_v3/developer/toolchains/gnu_arm/4.8_2013q4/bin/../lib/gcc/arm-none-eabi/4.8.3/armv6-m/crtn.o

.text           0x0000000000000000     0x64b8
 *(.vectors)
 .vectors       0x0000000000000000       0x84 ./CMSIS/efm32zg/startup_efm32zg.o
                0x0000000000000000                __Vectors
                0x0000000000000084                __Vectors_End = .
                0x0000000000000084                __Vectors_Size = (__Vectors_End - __Vectors)
                0x0000000000000084                __end__ = .
 *(.text*)
 .text          0x0000000000000084       0x60 /Applications/SimplicityStudio_v3/developer/toolchains/gnu_arm/4.8_2013q4/bin/../lib/gcc/arm-none-eabi/4.8.3/armv6-m/crtbegin.o
 .text          0x00000000000000e4       0x78 /Applications/SimplicityStudio_v3/developer/toolchains/gnu_arm/4.8_2013q4/bin/../lib/gcc/arm-none-eabi/4.8.3/../../../../arm-none-eabi/lib/armv6-m/crt0.o
                0x00000000000000e4                _mainCRTStartup
                0x00000000000000e4                _start
 .text.GRAPHICS_Unsigned_DrawDataHalfScreenFilled.constprop.1
                0x000000000000015c      0x144 ./src/graphics.o
 .text.GRAPHICS_drawStringV.constprop.2
                0x00000000000002a0       0x38 ./src/graphics.o
 .text.GRAPHICS_Unsigned_DrawDataHalfScreen.constprop.4
                0x00000000000002d8      0x12c ./src/graphics.o
 .text.GRAPHICS_Init
                0x0000000000000404       0x40 ./src/graphics.o
                0x0000000000000404                GRAPHICS_Init
 .text.GRAPHICS_Sleep
                0x0000000000000444       0x18 ./src/graphics.o
                0x0000000000000444                GRAPHICS_Sleep
 .text.GRAPHICS_Wake
                0x000000000000045c       0x18 ./src/graphics.o
                0x000000000000045c                GRAPHICS_Wake
 .text.GRAPHICS_DisplayIsAwake
                0x0000000000000474        0xc ./src/graphics.o
                0x0000000000000474                GRAPHICS_DisplayIsAwake
 .text.GRAPHICS_Draw
                0x0000000000000480      0x6f8 ./src/graphics.o
                0x0000000000000480                GRAPHICS_Draw
 .text.Si1147_Detect_Device__SensorCopy
                0x0000000000000b78       0x20 ./src/sensor.o
                0x0000000000000b78                Si1147_Detect_Device__SensorCopy
 .text.Si1147_MeasureIRAndVisLight
                0x0000000000000b98       0x54 ./src/sensor.o
                0x0000000000000b98                Si1147_MeasureIRAndVisLight
 .text.memLcdCallback
                0x0000000000000bec       0x18 ./src/weatherstation.o
 .text.periodicUpdateCallback
                0x0000000000000c04        0xc ./src/weatherstation.o
 .text.screenTimeoutCallback
                0x0000000000000c10       0x28 ./src/weatherstation.o
 .text.startup.main
                0x0000000000000c38      0x2f8 ./src/weatherstation.o
                0x0000000000000c38                main
 .text.ADC0_IRQHandler
                0x0000000000000f30       0x18 ./src/weatherstation.o
                0x0000000000000f30                ADC0_IRQHandler
 .text.GPIO_Unified_IRQ
                0x0000000000000f48       0x74 ./src/weatherstation.o
                0x0000000000000f48                GPIO_Unified_IRQ
 .text.GPIO_EVEN_IRQHandler
                0x0000000000000fbc        0x8 ./src/weatherstation.o
                0x0000000000000fbc                GPIO_EVEN_IRQHandler
 .text.GPIO_ODD_IRQHandler
                0x0000000000000fc4        0x8 ./src/weatherstation.o
                0x0000000000000fc4                GPIO_ODD_IRQHandler
 .text.RtcIntCallbackRegister
                0x0000000000000fcc       0x44 ./src/weatherstation.o
                0x0000000000000fcc                RtcIntCallbackRegister
 .text.ADC_Init
                0x0000000000001010       0x3a ./emlib/em_adc.o
                0x0000000000001010                ADC_Init
 *fill*         0x000000000000104a        0x2 
 .text.ADC_InitSingle
                0x000000000000104c       0xd8 ./emlib/em_adc.o
                0x000000000000104c                ADC_InitSingle
 .text.CMU_FlashWaitStateControl
                0x0000000000001124       0x40 ./emlib/em_cmu.o
 .text.CMU_AUXClkGet
                0x0000000000001164       0x5c ./emlib/em_cmu.o
 .text.CMU_Sync
                0x00000000000011c0       0x14 ./emlib/em_cmu.o
 .text.CMU_LFClkGet
                0x00000000000011d4       0x48 ./emlib/em_cmu.o
 .text.CMU_ClockDivGet
                0x000000000000121c       0x5c ./emlib/em_cmu.o
                0x000000000000121c                CMU_ClockDivGet
 .text.CMU_ClockDivSet
                0x0000000000001278       0xd8 ./emlib/em_cmu.o
                0x0000000000001278                CMU_ClockDivSet
 .text.CMU_ClockEnable
                0x0000000000001350       0x74 ./emlib/em_cmu.o
                0x0000000000001350                CMU_ClockEnable
 .text.CMU_ClockSelectGet
                0x00000000000013c4       0x9c ./emlib/em_cmu.o
                0x00000000000013c4                CMU_ClockSelectGet
 .text.CMU_ClockFreqGet
                0x0000000000001460       0xbc ./emlib/em_cmu.o
                0x0000000000001460                CMU_ClockFreqGet
 .text.CMU_OscillatorEnable
                0x000000000000151c       0x50 ./emlib/em_cmu.o
                0x000000000000151c                CMU_OscillatorEnable
 .text.CMU_ClockSelectSet
                0x000000000000156c       0xe4 ./emlib/em_cmu.o
                0x000000000000156c                CMU_ClockSelectSet
 .text.EMU_Restore
                0x0000000000001650       0x94 ./emlib/em_emu.o
 .text.EMU_EnterEM2
                0x00000000000016e4       0x3c ./emlib/em_emu.o
                0x00000000000016e4                EMU_EnterEM2
 .text.EMU_UpdateOscConfig
                0x0000000000001720       0x14 ./emlib/em_emu.o
                0x0000000000001720                EMU_UpdateOscConfig
 .text.GPIO_IntConfig
                0x0000000000001734       0x88 ./emlib/em_gpio.o
                0x0000000000001734                GPIO_IntConfig
 .text.GPIO_PinModeSet
                0x00000000000017bc       0x8c ./emlib/em_gpio.o
                0x00000000000017bc                GPIO_PinModeSet
 .text.I2C_BusFreqSet
                0x0000000000001848       0x54 ./emlib/em_i2c.o
                0x0000000000001848                I2C_BusFreqSet
 .text.I2C_Init
                0x000000000000189c       0x3c ./emlib/em_i2c.o
                0x000000000000189c                I2C_Init
 .text.I2C_Transfer
                0x00000000000018d8      0x230 ./emlib/em_i2c.o
                0x00000000000018d8                I2C_Transfer
 .text.I2C_TransferInit
                0x0000000000001b08       0x6c ./emlib/em_i2c.o
                0x0000000000001b08                I2C_TransferInit
 .text.RTC_CompareGet
                0x0000000000001b74       0x1c ./emlib/em_rtc.o
                0x0000000000001b74                RTC_CompareGet
 .text.RTC_CompareSet
                0x0000000000001b90       0x1c ./emlib/em_rtc.o
                0x0000000000001b90                RTC_CompareSet
 .text.RTC_Enable
                0x0000000000001bac       0x14 ./emlib/em_rtc.o
                0x0000000000001bac                RTC_Enable
 .text.RTC_FreezeEnable
                0x0000000000001bc0       0x14 ./emlib/em_rtc.o
                0x0000000000001bc0                RTC_FreezeEnable
 .text.RTC_Init
                0x0000000000001bd4       0x20 ./emlib/em_rtc.o
                0x0000000000001bd4                RTC_Init
 .text.RTC_CounterReset
                0x0000000000001bf4       0x10 ./emlib/em_rtc.o
                0x0000000000001bf4                RTC_CounterReset
 .text.USART_BaudrateSyncSet
                0x0000000000001c04       0x30 ./emlib/em_usart.o
                0x0000000000001c04                USART_BaudrateSyncSet
 .text.USART_Reset
                0x0000000000001c34       0x3c ./emlib/em_usart.o
                0x0000000000001c34                USART_Reset
 .text.USART_InitSync
                0x0000000000001c70       0x5c ./emlib/em_usart.o
                0x0000000000001c70                USART_InitSync
 .text.USART_Tx
                0x0000000000001ccc        0xa ./emlib/em_usart.o
                0x0000000000001ccc                USART_Tx
 .text.USART_TxDouble
                0x0000000000001cd6        0xa ./emlib/em_usart.o
                0x0000000000001cd6                USART_TxDouble
 .text.DMD_getDisplayGeometry
                0x0000000000001ce0       0x1c ./Graphics/dmd_display.o
                0x0000000000001ce0                DMD_getDisplayGeometry
 .text.DMD_setClippingArea
                0x0000000000001cfc       0x40 ./Graphics/dmd_display.o
                0x0000000000001cfc                DMD_setClippingArea
 .text.DMD_writeData
                0x0000000000001d3c      0x178 ./Graphics/dmd_display.o
                0x0000000000001d3c                DMD_writeData
 .text.DMD_writeColor
                0x0000000000001eb4      0x15c ./Graphics/dmd_display.o
                0x0000000000001eb4                DMD_writeColor
 .text.DMD_sleep
                0x0000000000002010       0x10 ./Graphics/dmd_display.o
                0x0000000000002010                DMD_sleep
 .text.DMD_wakeUp
                0x0000000000002020       0x10 ./Graphics/dmd_display.o
                0x0000000000002020                DMD_wakeUp
 .text.DMD_allocateFramebuffer
                0x0000000000002030       0x38 ./Graphics/dmd_display.o
                0x0000000000002030                DMD_allocateFramebuffer
 .text.DMD_init
                0x0000000000002068       0x78 ./Graphics/dmd_display.o
                0x0000000000002068                DMD_init
 .text.DMD_updateDisplay
                0x00000000000020e0       0xa0 ./Graphics/dmd_display.o
                0x00000000000020e0                DMD_updateDisplay
 .text.GLIB_displayWakeUp
                0x0000000000002180        0x8 ./Graphics/glib.o
                0x0000000000002180                GLIB_displayWakeUp
 .text.GLIB_displaySleep
                0x0000000000002188        0x8 ./Graphics/glib.o
                0x0000000000002188                GLIB_displaySleep
 .text.GLIB_setClippingRegion
                0x0000000000002190       0x6c ./Graphics/glib.o
                0x0000000000002190                GLIB_setClippingRegion
 .text.GLIB_contextInit
                0x00000000000021fc       0x54 ./Graphics/glib.o
                0x00000000000021fc                GLIB_contextInit
 .text.GLIB_resetDisplayClippingArea
                0x0000000000002250       0x1a ./Graphics/glib.o
                0x0000000000002250                GLIB_resetDisplayClippingArea
 .text.GLIB_clear
                0x000000000000226a       0x36 ./Graphics/glib.o
                0x000000000000226a                GLIB_clear
 .text.GLIB_colorTranslate24bpp
                0x00000000000022a0        0xe ./Graphics/glib.o
                0x00000000000022a0                GLIB_colorTranslate24bpp
 .text.GLIB_drawPixel
                0x00000000000022ae       0x38 ./Graphics/glib.o
                0x00000000000022ae                GLIB_drawPixel
 .text.GLIB_drawPixelColor
                0x00000000000022e6       0x36 ./Graphics/glib.o
                0x00000000000022e6                GLIB_drawPixelColor
 .text.GLIB_getClipCode
                0x000000000000231c       0x30 ./Graphics/glib_line.o
 .text.GLIB_drawLineH
                0x000000000000234c       0x78 ./Graphics/glib_line.o
                0x000000000000234c                GLIB_drawLineH
 .text.GLIB_drawLineV
                0x00000000000023c4       0xa6 ./Graphics/glib_line.o
                0x00000000000023c4                GLIB_drawLineV
 .text.GLIB_drawLine
                0x000000000000246a      0x18a ./Graphics/glib_line.o
                0x000000000000246a                GLIB_drawLine
 .text.GLIB_rectContainsPoint
                0x00000000000025f4       0x2a ./Graphics/glib_rectangle.o
                0x00000000000025f4                GLIB_rectContainsPoint
 .text.GLIB_drawChar
                0x000000000000261e      0x128 ./Graphics/glib_string.o
                0x000000000000261e                GLIB_drawChar
 .text.GLIB_drawString
                0x0000000000002746       0x82 ./Graphics/glib_string.o
                0x0000000000002746                GLIB_drawString
 .text.GLIB_setFont
                0x00000000000027c8       0x20 ./Graphics/glib_string.o
                0x00000000000027c8                GLIB_setFont
 .text.DISPLAY_Init
                0x00000000000027e8       0x2c ./Drivers/display.o
                0x00000000000027e8                DISPLAY_Init
 .text.DISPLAY_DeviceGet
                0x0000000000002814       0x3c ./Drivers/display.o
                0x0000000000002814                DISPLAY_DeviceGet
 .text.DISPLAY_DeviceRegister
                0x0000000000002850       0x44 ./Drivers/display.o
                0x0000000000002850                DISPLAY_DeviceRegister
 .text.PixelMatrixAllocate
                0x0000000000002894       0x3c ./Drivers/displayls013b7dh03.o
 .text.PixelMatrixFree
                0x00000000000028d0        0x8 ./Drivers/displayls013b7dh03.o
 .text.DriverRefresh
                0x00000000000028d8        0xe ./Drivers/displayls013b7dh03.o
 .text.PixelMatrixClear
                0x00000000000028e6       0x20 ./Drivers/displayls013b7dh03.o
 .text.PixelMatrixDraw
                0x0000000000002906       0x76 ./Drivers/displayls013b7dh03.o
 .text.DisplayPolarityInverse
                0x000000000000297c        0xe ./Drivers/displayls013b7dh03.o
 .text.DisplayEnable.part.0
                0x000000000000298a       0x14 ./Drivers/displayls013b7dh03.o
 .text.DisplayEnable
                0x000000000000299e       0x20 ./Drivers/displayls013b7dh03.o
 *fill*         0x00000000000029be        0x2 
 .text.DISPLAY_Ls013b7dh03Init
                0x00000000000029c0       0xfc ./Drivers/displayls013b7dh03.o
                0x00000000000029c0                DISPLAY_Ls013b7dh03Init
 .text.PAL_SpiInit
                0x0000000000002abc       0x44 ./Drivers/displaypalemlib.o
                0x0000000000002abc                PAL_SpiInit
 .text.PAL_SpiTransmit
                0x0000000000002b00       0x40 ./Drivers/displaypalemlib.o
                0x0000000000002b00                PAL_SpiTransmit
 .text.PAL_TimerInit
                0x0000000000002b40        0xa ./Drivers/displaypalemlib.o
                0x0000000000002b40                PAL_TimerInit
 .text.PAL_TimerMicroSecondsDelay
                0x0000000000002b4a        0xa ./Drivers/displaypalemlib.o
                0x0000000000002b4a                PAL_TimerMicroSecondsDelay
 .text.PAL_TimerRepeat
                0x0000000000002b54       0x14 ./Drivers/displaypalemlib.o
                0x0000000000002b54                PAL_TimerRepeat
 .text.PAL_GpioInit
                0x0000000000002b68       0x14 ./Drivers/displaypalemlib.o
                0x0000000000002b68                PAL_GpioInit
 .text.PAL_GpioPinModeSet
                0x0000000000002b7c       0x1c ./Drivers/displaypalemlib.o
                0x0000000000002b7c                PAL_GpioPinModeSet
 .text.PAL_GpioPinOutSet
                0x0000000000002b98       0x1c ./Drivers/displaypalemlib.o
                0x0000000000002b98                PAL_GpioPinOutSet
 .text.PAL_GpioPinOutClear
                0x0000000000002bb4       0x1c ./Drivers/displaypalemlib.o
                0x0000000000002bb4                PAL_GpioPinOutClear
 .text.PAL_GpioPinOutToggle
                0x0000000000002bd0       0x1c ./Drivers/displaypalemlib.o
                0x0000000000002bd0                PAL_GpioPinOutToggle
 .text.I2CSPM_Init
                0x0000000000002bec       0x90 ./Drivers/i2cspm.o
                0x0000000000002bec                I2CSPM_Init
 .text.I2CSPM_Transfer
                0x0000000000002c7c       0x24 ./Drivers/i2cspm.o
                0x0000000000002c7c                I2CSPM_Transfer
 .text.INT_Disable
                0x0000000000002ca0       0x18 ./Drivers/rtcdriver.o
 .text.INT_Enable
                0x0000000000002cb8       0x1c ./Drivers/rtcdriver.o
 .text.checkAllTimers
                0x0000000000002cd4       0xa0 ./Drivers/rtcdriver.o
 .text.executeTimerCallbacks
                0x0000000000002d74       0x28 ./Drivers/rtcdriver.o
 .text.delayTicks.part.0
                0x0000000000002d9c       0x20 ./Drivers/rtcdriver.o
 .text.rescheduleRtc
                0x0000000000002dbc       0x90 ./Drivers/rtcdriver.o
 .text.RTCDRV_AllocateTimer
                0x0000000000002e4c       0x44 ./Drivers/rtcdriver.o
                0x0000000000002e4c                RTCDRV_AllocateTimer
 .text.RTCDRV_Delay
                0x0000000000002e90       0x68 ./Drivers/rtcdriver.o
                0x0000000000002e90                RTCDRV_Delay
 .text.RTCDRV_Init
                0x0000000000002ef8       0x98 ./Drivers/rtcdriver.o
                0x0000000000002ef8                RTCDRV_Init
 .text.RTCDRV_StartTimer
                0x0000000000002f90      0x1d8 ./Drivers/rtcdriver.o
                0x0000000000002f90                RTCDRV_StartTimer
 .text.RTC_IRQHandler
                0x0000000000003168       0x78 ./Drivers/rtcdriver.o
                0x0000000000003168                RTC_IRQHandler
 .text.Si1147_Read_Register
                0x00000000000031e0       0x30 ./Drivers/si1147_i2c.o
                0x00000000000031e0                Si1147_Read_Register
 .text.Si1147_Write_Register
                0x0000000000003210       0x2a ./Drivers/si1147_i2c.o
                0x0000000000003210                Si1147_Write_Register
 .text.Si1147_Write_Block_Register
                0x000000000000323a       0x3c ./Drivers/si1147_i2c.o
                0x000000000000323a                Si1147_Write_Block_Register
 .text.Si1147_Read_Block_Register
                0x0000000000003276       0x28 ./Drivers/si1147_i2c.o
                0x0000000000003276                Si1147_Read_Block_Register
 .text.Si114xWriteToRegister
                0x000000000000329e       0x16 ./Drivers/si1147_i2c.o
                0x000000000000329e                Si114xWriteToRegister
 .text.Si114xReadFromRegister
                0x00000000000032b4       0x18 ./Drivers/si1147_i2c.o
                0x00000000000032b4                Si114xReadFromRegister
 .text.Si114xBlockWrite
                0x00000000000032cc       0x1a ./Drivers/si1147_i2c.o
                0x00000000000032cc                Si114xBlockWrite
 .text.Si114xBlockRead
                0x00000000000032e6       0x1a ./Drivers/si1147_i2c.o
                0x00000000000032e6                Si114xBlockRead
 .text.delay_10ms
                0x0000000000003300        0xa ./Drivers/si1147_i2c.o
                0x0000000000003300                delay_10ms
 .text.delay_1ms
                0x000000000000330a        0xa ./Drivers/si1147_i2c.o
                0x000000000000330a                delay_1ms
 .text.Si1147_Detect_Device
                0x0000000000003314       0x20 ./Drivers/si114x_algorithm.o
                0x0000000000003314                Si1147_Detect_Device
 .text.Si1147_GetInterruptOutputEnable
                0x0000000000003334       0x1c ./Drivers/si114x_algorithm.o
                0x0000000000003334                Si1147_GetInterruptOutputEnable
 .text.Si1147_MeasureUVAndObjectPresent
                0x0000000000003350       0x94 ./Drivers/si114x_algorithm.o
                0x0000000000003350                Si1147_MeasureUVAndObjectPresent
 .text.Si1147_ConfigureDetection
                0x00000000000033e4       0xe8 ./Drivers/si114x_algorithm.o
                0x00000000000033e4                Si1147_ConfigureDetection
 .text.collect  0x00000000000034cc       0x4c ./Drivers/si114x_functions.o
 .text.shift_left
                0x0000000000003518       0x14 ./Drivers/si114x_functions.o
 .text.find_cal_index
                0x000000000000352c       0x38 ./Drivers/si114x_functions.o
 .text._waitUntilSleep
                0x0000000000003564       0x32 ./Drivers/si114x_functions.o
 .text._sendCmd
                0x0000000000003596       0x8c ./Drivers/si114x_functions.o
 .text.align    0x0000000000003622       0x3e ./Drivers/si114x_functions.o
 .text.fx20_round
                0x0000000000003660       0x40 ./Drivers/si114x_functions.o
 .text.fx20_divide
                0x00000000000036a0       0x5a ./Drivers/si114x_functions.o
 .text.fx20_multiply.part.1
                0x00000000000036fa       0x3c ./Drivers/si114x_functions.o
 .text.Si114xNop
                0x0000000000003736        0xa ./Drivers/si114x_functions.o
                0x0000000000003736                Si114xNop
 .text.Si114xPsAlsForce
                0x0000000000003740        0xa ./Drivers/si114x_functions.o
                0x0000000000003740                Si114xPsAlsForce
 .text.Si114xPsAlsAuto
                0x000000000000374a        0xa ./Drivers/si114x_functions.o
                0x000000000000374a                Si114xPsAlsAuto
 .text.Si114xParamSet
                0x0000000000003754       0x5e ./Drivers/si114x_functions.o
                0x0000000000003754                Si114xParamSet
 .text.Si114xPauseAll
                0x00000000000037b2       0x84 ./Drivers/si114x_functions.o
                0x00000000000037b2                Si114xPauseAll
 .text.Si114xReset
                0x0000000000003836       0x98 ./Drivers/si114x_functions.o
                0x0000000000003836                Si114xReset
 *fill*         0x00000000000038ce        0x2 
 .text.si114x_get_calibration
                0x00000000000038d0      0x214 ./Drivers/si114x_functions.o
                0x00000000000038d0                si114x_get_calibration
 .text.si114x_set_ucoef
                0x0000000000003ae4       0xa4 ./Drivers/si114x_functions.o
                0x0000000000003ae4                si114x_set_ucoef
 .text.Si7013_Measure
                0x0000000000003b88       0x44 ./Drivers/si7013.o
 .text.Si7013_MeasureRHAndTemp
                0x0000000000003bcc       0x5c ./Drivers/si7013.o
                0x0000000000003bcc                Si7013_MeasureRHAndTemp
 .text.Si7013_Detect
                0x0000000000003c28       0x44 ./Drivers/si7013.o
                0x0000000000003c28                Si7013_Detect
 .text.UDELAY_Calibrate
                0x0000000000003c6c      0x1c0 ./Drivers/udelay.o
                0x0000000000003c6c                UDELAY_Calibrate
 .text.UDELAY_Delay
                0x0000000000003e2c       0x28 ./Drivers/udelay.o
                0x0000000000003e2c                UDELAY_Delay
 .text          0x0000000000003e54       0x30 ./CMSIS/efm32zg/startup_efm32zg.o
                0x0000000000003e54                Reset_Handler
                0x0000000000003e80                HardFault_Handler
                0x0000000000003e80                SysTick_Handler
                0x0000000000003e80                USART1_RX_IRQHandler
                0x0000000000003e80                PendSV_Handler
                0x0000000000003e80                NMI_Handler
                0x0000000000003e80                USART1_TX_IRQHandler
                0x0000000000003e80                MSC_IRQHandler
                0x0000000000003e80                LEUART0_IRQHandler
                0x0000000000003e80                TIMER0_IRQHandler
                0x0000000000003e80                TIMER1_IRQHandler
                0x0000000000003e80                Default_Handler
                0x0000000000003e80                PCNT0_IRQHandler
                0x0000000000003e80                ACMP0_IRQHandler
                0x0000000000003e80                SVC_Handler
                0x0000000000003e80                CMU_IRQHandler
                0x0000000000003e80                AES_IRQHandler
                0x0000000000003e80                VCMP_IRQHandler
                0x0000000000003e80                I2C0_IRQHandler
                0x0000000000003e80                DMA_IRQHandler
 .text.SystemHFClockGet
                0x0000000000003e84       0x98 ./CMSIS/efm32zg/system_efm32zg.o
                0x0000000000003e84                SystemHFClockGet
 .text.SystemCoreClockGet
                0x0000000000003f1c       0x20 ./CMSIS/efm32zg/system_efm32zg.o
                0x0000000000003f1c                SystemCoreClockGet
 .text.SystemInit
                0x0000000000003f3c        0x2 ./CMSIS/efm32zg/system_efm32zg.o
                0x0000000000003f3c                SystemInit
 .text.SystemLFRCOClockGet
                0x0000000000003f3e        0x6 ./CMSIS/efm32zg/system_efm32zg.o
                0x0000000000003f3e                SystemLFRCOClockGet
 .text.SystemULFRCOClockGet
                0x0000000000003f44        0x6 ./CMSIS/efm32zg/system_efm32zg.o
                0x0000000000003f44                SystemULFRCOClockGet
 *fill*         0x0000000000003f4a        0x2 
 .text.SystemLFXOClockGet
                0x0000000000003f4c        0xc ./CMSIS/efm32zg/system_efm32zg.o
                0x0000000000003f4c                SystemLFXOClockGet
 .text          0x0000000000003f58       0x14 /Applications/SimplicityStudio_v3/developer/toolchains/gnu_arm/4.8_2013q4/bin/../lib/gcc/arm-none-eabi/4.8.3/armv6-m/libgcc.a(_thumb1_case_uqi.o)
                0x0000000000003f58                __gnu_thumb1_case_uqi
 .text          0x0000000000003f6c       0x9c /Applications/SimplicityStudio_v3/developer/toolchains/gnu_arm/4.8_2013q4/bin/../lib/gcc/arm-none-eabi/4.8.3/armv6-m/libgcc.a(_udivsi3.o)
                0x0000000000003f6c                __udivsi3
                0x0000000000003f6c                __aeabi_uidiv
                0x0000000000003ff4                __aeabi_uidivmod
 .text          0x0000000000004008       0xc0 /Applications/SimplicityStudio_v3/developer/toolchains/gnu_arm/4.8_2013q4/bin/../lib/gcc/arm-none-eabi/4.8.3/armv6-m/libgcc.a(_divsi3.o)
                0x0000000000004008                __aeabi_idiv
                0x0000000000004008                __divsi3
                0x00000000000040b4                __aeabi_idivmod
 .text          0x00000000000040c8        0x4 /Applications/SimplicityStudio_v3/developer/toolchains/gnu_arm/4.8_2013q4/bin/../lib/gcc/arm-none-eabi/4.8.3/armv6-m/libgcc.a(_dvmd_tls.o)
                0x00000000000040c8                __aeabi_ldiv0
                0x00000000000040c8                __aeabi_idiv0
 .text          0x00000000000040cc       0x40 /Applications/SimplicityStudio_v3/developer/toolchains/gnu_arm/4.8_2013q4/bin/../lib/gcc/arm-none-eabi/4.8.3/armv6-m/libgcc.a(_aeabi_uldivmod.o)
                0x00000000000040cc                __aeabi_uldivmod
 .text          0x000000000000410c       0x44 /Applications/SimplicityStudio_v3/developer/toolchains/gnu_arm/4.8_2013q4/bin/../lib/gcc/arm-none-eabi/4.8.3/armv6-m/libgcc.a(_muldi3.o)
                0x000000000000410c                __aeabi_lmul
                0x000000000000410c                __muldi3
 .text          0x0000000000004150       0x6c /Applications/SimplicityStudio_v3/developer/toolchains/gnu_arm/4.8_2013q4/bin/../lib/gcc/arm-none-eabi/4.8.3/armv6-m/libgcc.a(bpabi.o)
                0x0000000000004150                __gnu_ldivmod_helper
                0x0000000000004188                __gnu_uldivmod_helper
 .text          0x00000000000041bc      0x2d8 /Applications/SimplicityStudio_v3/developer/toolchains/gnu_arm/4.8_2013q4/bin/../lib/gcc/arm-none-eabi/4.8.3/armv6-m/libgcc.a(addsf3.o)
                0x00000000000041bc                __aeabi_fadd
 .text          0x0000000000004494      0x258 /Applications/SimplicityStudio_v3/developer/toolchains/gnu_arm/4.8_2013q4/bin/../lib/gcc/arm-none-eabi/4.8.3/armv6-m/libgcc.a(mulsf3.o)
                0x0000000000004494                __aeabi_fmul
 .text          0x00000000000046ec       0x40 /Applications/SimplicityStudio_v3/developer/toolchains/gnu_arm/4.8_2013q4/bin/../lib/gcc/arm-none-eabi/4.8.3/armv6-m/libgcc.a(fixsfsi.o)
                0x00000000000046ec                __aeabi_f2iz
 .text          0x000000000000472c       0xb8 /Applications/SimplicityStudio_v3/developer/toolchains/gnu_arm/4.8_2013q4/bin/../lib/gcc/arm-none-eabi/4.8.3/armv6-m/libgcc.a(floatsisf.o)
                0x000000000000472c                __aeabi_i2f
 .text          0x00000000000047e4       0x3c /Applications/SimplicityStudio_v3/developer/toolchains/gnu_arm/4.8_2013q4/bin/../lib/gcc/arm-none-eabi/4.8.3/armv6-m/libgcc.a(_clzsi2.o)
                0x00000000000047e4                __clzsi2
 .text          0x0000000000004820      0x3b0 /Applications/SimplicityStudio_v3/developer/toolchains/gnu_arm/4.8_2013q4/bin/../lib/gcc/arm-none-eabi/4.8.3/armv6-m/libgcc.a(_divdi3.o)
                0x0000000000004820                __divdi3
 .text          0x0000000000004bd0      0x380 /Applications/SimplicityStudio_v3/developer/toolchains/gnu_arm/4.8_2013q4/bin/../lib/gcc/arm-none-eabi/4.8.3/armv6-m/libgcc.a(_udivdi3.o)
                0x0000000000004bd0                __udivdi3
 .text.exit     0x0000000000004f50       0x2c /Applications/SimplicityStudio_v3/developer/toolchains/gnu_arm/4.8_2013q4/bin/../lib/gcc/arm-none-eabi/4.8.3/../../../../arm-none-eabi/lib/armv6-m/libc_s.a(lib_a-exit.o)
                0x0000000000004f50                exit
 .text.__libc_init_array
                0x0000000000004f7c       0x4c /Applications/SimplicityStudio_v3/developer/toolchains/gnu_arm/4.8_2013q4/bin/../lib/gcc/arm-none-eabi/4.8.3/../../../../arm-none-eabi/lib/armv6-m/libc_s.a(lib_a-init.o)
                0x0000000000004f7c                __libc_init_array
 .text.memcpy   0x0000000000004fc8       0x12 /Applications/SimplicityStudio_v3/developer/toolchains/gnu_arm/4.8_2013q4/bin/../lib/gcc/arm-none-eabi/4.8.3/../../../../arm-none-eabi/lib/armv6-m/libc_s.a(lib_a-memcpy-stub.o)
                0x0000000000004fc8                memcpy
 .text.memset   0x0000000000004fda       0x10 /Applications/SimplicityStudio_v3/developer/toolchains/gnu_arm/4.8_2013q4/bin/../lib/gcc/arm-none-eabi/4.8.3/../../../../arm-none-eabi/lib/armv6-m/libc_s.a(lib_a-memset.o)
                0x0000000000004fda                memset
 *fill*         0x0000000000004fea        0x2 
 .text.sprintf  0x0000000000004fec       0x44 /Applications/SimplicityStudio_v3/developer/toolchains/gnu_arm/4.8_2013q4/bin/../lib/gcc/arm-none-eabi/4.8.3/../../../../arm-none-eabi/lib/armv6-m/libc_s.a(lib_a-sprintf.o)
                0x0000000000004fec                sprintf
                0x0000000000004fec                siprintf
 .text.strcpy   0x0000000000005030       0x10 /Applications/SimplicityStudio_v3/developer/toolchains/gnu_arm/4.8_2013q4/bin/../lib/gcc/arm-none-eabi/4.8.3/../../../../arm-none-eabi/lib/armv6-m/libc_s.a(lib_a-strcpy.o)
                0x0000000000005030                strcpy
 .text.strlen   0x0000000000005040        0xe /Applications/SimplicityStudio_v3/developer/toolchains/gnu_arm/4.8_2013q4/bin/../lib/gcc/arm-none-eabi/4.8.3/../../../../arm-none-eabi/lib/armv6-m/libc_s.a(lib_a-strlen.o)
                0x0000000000005040                strlen
 *fill*         0x000000000000504e        0x2 
 .text.__ssputs_r
                0x0000000000005050       0xc0 /Applications/SimplicityStudio_v3/developer/toolchains/gnu_arm/4.8_2013q4/bin/../lib/gcc/arm-none-eabi/4.8.3/../../../../arm-none-eabi/lib/armv6-m/libc_s.a(lib_a-svfprintf.o)
                0x0000000000005050                __ssputs_r
 .text._svfprintf_r
                0x0000000000005110      0x1e0 /Applications/SimplicityStudio_v3/developer/toolchains/gnu_arm/4.8_2013q4/bin/../lib/gcc/arm-none-eabi/4.8.3/../../../../arm-none-eabi/lib/armv6-m/libc_s.a(lib_a-svfprintf.o)
                0x0000000000005110                _svfprintf_r
                0x0000000000005110                _svfiprintf_r
 .text._printf_common
                0x00000000000052f0       0xe8 /Applications/SimplicityStudio_v3/developer/toolchains/gnu_arm/4.8_2013q4/bin/../lib/gcc/arm-none-eabi/4.8.3/../../../../arm-none-eabi/lib/armv6-m/libc_s.a(lib_a-vfprintf_i.o)
                0x00000000000052f0                _printf_common
 .text._printf_i
                0x00000000000053d8      0x22c /Applications/SimplicityStudio_v3/developer/toolchains/gnu_arm/4.8_2013q4/bin/../lib/gcc/arm-none-eabi/4.8.3/../../../../arm-none-eabi/lib/armv6-m/libc_s.a(lib_a-vfprintf_i.o)
                0x00000000000053d8                _printf_i
 .text.memchr   0x0000000000005604       0x16 /Applications/SimplicityStudio_v3/developer/toolchains/gnu_arm/4.8_2013q4/bin/../lib/gcc/arm-none-eabi/4.8.3/../../../../arm-none-eabi/lib/armv6-m/libc_s.a(lib_a-memchr-stub.o)
                0x0000000000005604                memchr
 .text.memmove  0x000000000000561a       0x32 /Applications/SimplicityStudio_v3/developer/toolchains/gnu_arm/4.8_2013q4/bin/../lib/gcc/arm-none-eabi/4.8.3/../../../../arm-none-eabi/lib/armv6-m/libc_s.a(lib_a-memmove.o)
                0x000000000000561a                memmove
 .text._free_r  0x000000000000564c       0x90 /Applications/SimplicityStudio_v3/developer/toolchains/gnu_arm/4.8_2013q4/bin/../lib/gcc/arm-none-eabi/4.8.3/../../../../arm-none-eabi/lib/armv6-m/libc_s.a(lib_a-nano-freer.o)
                0x000000000000564c                _free_r
 .text._malloc_r
                0x00000000000056dc       0xa8 /Applications/SimplicityStudio_v3/developer/toolchains/gnu_arm/4.8_2013q4/bin/../lib/gcc/arm-none-eabi/4.8.3/../../../../arm-none-eabi/lib/armv6-m/libc_s.a(lib_a-nano-mallocr.o)
                0x00000000000056dc                _malloc_r
 .text._realloc_r
                0x0000000000005784       0x4c /Applications/SimplicityStudio_v3/developer/toolchains/gnu_arm/4.8_2013q4/bin/../lib/gcc/arm-none-eabi/4.8.3/../../../../arm-none-eabi/lib/armv6-m/libc_s.a(lib_a-nano-reallocr.o)
                0x0000000000005784                _realloc_r
 .text._sbrk_r  0x00000000000057d0       0x24 /Applications/SimplicityStudio_v3/developer/toolchains/gnu_arm/4.8_2013q4/bin/../lib/gcc/arm-none-eabi/4.8.3/../../../../arm-none-eabi/lib/armv6-m/libc_s.a(lib_a-sbrkr.o)
                0x00000000000057d0                _sbrk_r
 .text._malloc_usable_size_r
                0x00000000000057f4       0x12 /Applications/SimplicityStudio_v3/developer/toolchains/gnu_arm/4.8_2013q4/bin/../lib/gcc/arm-none-eabi/4.8.3/../../../../arm-none-eabi/lib/armv6-m/libc_s.a(lib_a-nano-msizer.o)
                0x00000000000057f4                _malloc_usable_size_r
 *fill*         0x0000000000005806        0x2 
 .text._sbrk    0x0000000000005808       0x34 /Applications/SimplicityStudio_v3/developer/toolchains/gnu_arm/4.8_2013q4/bin/../lib/gcc/arm-none-eabi/4.8.3/../../../../arm-none-eabi/lib/armv6-m/libnosys.a(sbrk.o)
                0x0000000000005808                _sbrk
 .text._exit    0x000000000000583c        0x4 /Applications/SimplicityStudio_v3/developer/toolchains/gnu_arm/4.8_2013q4/bin/../lib/gcc/arm-none-eabi/4.8.3/../../../../arm-none-eabi/lib/armv6-m/libnosys.a(_exit.o)
                0x000000000000583c                _exit
 *(.init)
 .init          0x0000000000005840        0x4 /Applications/SimplicityStudio_v3/developer/toolchains/gnu_arm/4.8_2013q4/bin/../lib/gcc/arm-none-eabi/4.8.3/armv6-m/crti.o
                0x0000000000005840                _init
 .init          0x0000000000005844        0x8 /Applications/SimplicityStudio_v3/developer/toolchains/gnu_arm/4.8_2013q4/bin/../lib/gcc/arm-none-eabi/4.8.3/armv6-m/crtn.o
 *(.fini)
 .fini          0x000000000000584c        0x4 /Applications/SimplicityStudio_v3/developer/toolchains/gnu_arm/4.8_2013q4/bin/../lib/gcc/arm-none-eabi/4.8.3/armv6-m/crti.o
                0x000000000000584c                _fini
 .fini          0x0000000000005850        0x8 /Applications/SimplicityStudio_v3/developer/toolchains/gnu_arm/4.8_2013q4/bin/../lib/gcc/arm-none-eabi/4.8.3/armv6-m/crtn.o
 *crtbegin.o(.ctors)
 *crtbegin?.o(.ctors)
 *(EXCLUDE_FILE(*crtend.o *crtend?.o) .ctors)
 *(SORT(.ctors.*))
 *(.ctors)
 *crtbegin.o(.dtors)
 *crtbegin?.o(.dtors)
 *(EXCLUDE_FILE(*crtend.o *crtend?.o) .dtors)
 *(SORT(.dtors.*))
 *(.dtors)
 *(.rodata*)
 .rodata.circlesBitmap
                0x0000000000005858      0x800 ./src/graphics.o
                0x0000000000005858                circlesBitmap
 .rodata.str1.1
                0x0000000000006058       0x59 ./src/graphics.o
                                         0x60 (size before relaxing)
 *fill*         0x00000000000060b1        0x3 
 .rodata        0x00000000000060b4       0x18 ./src/weatherstation.o
 .rodata.i2cNSum
                0x00000000000060cc        0x4 ./emlib/em_i2c.o
 .rodata.GLIB_FontNormal8x8
                0x00000000000060d0       0x10 ./Graphics/glib_font_normal_8x8.o
                0x00000000000060d0                GLIB_FontNormal8x8
 .rodata.GLIB_FontNormal8x8PixMap
                0x00000000000060e0      0x320 ./Graphics/glib_font_normal_8x8.o
 .rodata.str1.1
                0x0000000000006400       0x15 ./Drivers/displayls013b7dh03.o
 *fill*         0x0000000000006415        0x3 
 .rodata        0x0000000000006418       0x18 ./Drivers/displaypalemlib.o
 .rodata.initRTC
                0x0000000000006430        0x3 ./Drivers/rtcdriver.o
 .rodata        0x0000000000006433        0x3 ./Drivers/udelay.o
 *fill*         0x0000000000006436        0x2 
 .rodata        0x0000000000006438       0x40 /Applications/SimplicityStudio_v3/developer/toolchains/gnu_arm/4.8_2013q4/bin/../lib/gcc/arm-none-eabi/4.8.3/armv6-m/libgcc.a(mulsf3.o)
 .rodata.str1.1
                0x0000000000006478        0x2 /Applications/SimplicityStudio_v3/developer/toolchains/gnu_arm/4.8_2013q4/bin/../lib/gcc/arm-none-eabi/4.8.3/../../../../arm-none-eabi/lib/armv6-m/libc_s.a(lib_a-impure.o)
 *fill*         0x000000000000647a        0x2 
 .rodata._global_impure_ptr
                0x000000000000647c        0x4 /Applications/SimplicityStudio_v3/developer/toolchains/gnu_arm/4.8_2013q4/bin/../lib/gcc/arm-none-eabi/4.8.3/../../../../arm-none-eabi/lib/armv6-m/libc_s.a(lib_a-impure.o)
                0x000000000000647c                _global_impure_ptr
 .rodata.str1.1
                0x0000000000006480       0x11 /Applications/SimplicityStudio_v3/developer/toolchains/gnu_arm/4.8_2013q4/bin/../lib/gcc/arm-none-eabi/4.8.3/../../../../arm-none-eabi/lib/armv6-m/libc_s.a(lib_a-svfprintf.o)
 .rodata.str1.1
                0x0000000000006491       0x22 /Applications/SimplicityStudio_v3/developer/toolchains/gnu_arm/4.8_2013q4/bin/../lib/gcc/arm-none-eabi/4.8.3/../../../../arm-none-eabi/lib/armv6-m/libc_s.a(lib_a-vfprintf_i.o)
 *(.eh_frame*)
 *fill*         0x00000000000064b3        0x1 
 .eh_frame      0x00000000000064b4        0x0 /Applications/SimplicityStudio_v3/developer/toolchains/gnu_arm/4.8_2013q4/bin/../lib/gcc/arm-none-eabi/4.8.3/armv6-m/crtbegin.o
 .eh_frame      0x00000000000064b4        0x4 /Applications/SimplicityStudio_v3/developer/toolchains/gnu_arm/4.8_2013q4/bin/../lib/gcc/arm-none-eabi/4.8.3/armv6-m/crtend.o

.glue_7         0x00000000000064b8        0x0
 .glue_7        0x0000000000000000        0x0 linker stubs

.glue_7t        0x00000000000064b8        0x0
 .glue_7t       0x0000000000000000        0x0 linker stubs

.vfp11_veneer   0x00000000000064b8        0x0
 .vfp11_veneer  0x0000000000000000        0x0 linker stubs

.v4_bx          0x00000000000064b8        0x0
 .v4_bx         0x0000000000000000        0x0 linker stubs

.iplt           0x00000000000064b8        0x0
 .iplt          0x0000000000000000        0x0 /Applications/SimplicityStudio_v3/developer/toolchains/gnu_arm/4.8_2013q4/bin/../lib/gcc/arm-none-eabi/4.8.3/armv6-m/crtbegin.o

.ARM.extab
 *(.ARM.extab* .gnu.linkonce.armextab.*)
                0x00000000000064b8                __exidx_start = .

.ARM.exidx      0x00000000000064b8        0x8
 *(.ARM.exidx* .gnu.linkonce.armexidx.*)
 .ARM.exidx     0x00000000000064b8        0x8 /Applications/SimplicityStudio_v3/developer/toolchains/gnu_arm/4.8_2013q4/bin/../lib/gcc/arm-none-eabi/4.8.3/../../../../arm-none-eabi/lib/armv6-m/crt0.o
 .ARM.exidx     0x00000000000064c0        0x0 /Applications/SimplicityStudio_v3/developer/toolchains/gnu_arm/4.8_2013q4/bin/../lib/gcc/arm-none-eabi/4.8.3/armv6-m/libgcc.a(_divdi3.o)
                                          0x8 (size before relaxing)
 .ARM.exidx     0x00000000000064c0        0x0 /Applications/SimplicityStudio_v3/developer/toolchains/gnu_arm/4.8_2013q4/bin/../lib/gcc/arm-none-eabi/4.8.3/armv6-m/libgcc.a(_udivdi3.o)
                                          0x8 (size before relaxing)
                0x00000000000064c0                __exidx_end = .
                0x00000000000064c0                __etext = .

.rel.dyn        0x00000000000064c0        0x0
 .rel.iplt      0x0000000000000000        0x0 /Applications/SimplicityStudio_v3/developer/toolchains/gnu_arm/4.8_2013q4/bin/../lib/gcc/arm-none-eabi/4.8.3/armv6-m/crtbegin.o

.data           0x0000000020000000       0xd0 load address 0x00000000000064c0
                0x0000000020000000                __data_start__ = .
 *(vtable)
 *(.data*)
 .data.displayState
                0x0000000020000000        0x4 ./src/weatherstation.o
 .data.updateDisplay
                0x0000000020000004        0x1 ./src/weatherstation.o
 .data.updateMeasurement
                0x0000000020000005        0x1 ./src/weatherstation.o
 *fill*         0x0000000020000006        0x2 
 .data.pDisplayDeviceDriverInitFunctions
                0x0000000020000008        0x8 ./Drivers/display.o
 .data.pixelMatrixPool
                0x0000000020000010        0x4 ./Drivers/displayls013b7dh03.o
 .data.calref   0x0000000020000014       0x40 ./Drivers/si114x_functions.o
                0x0000000020000014                calref
 .data.loops_per_jiffy
                0x0000000020000054        0x4 ./Drivers/udelay.o
                0x0000000020000054                loops_per_jiffy
 .data.SystemLFXOClock
                0x0000000020000058        0x4 ./CMSIS/efm32zg/system_efm32zg.o
 .data.SystemHFXOClock
                0x000000002000005c        0x4 ./CMSIS/efm32zg/system_efm32zg.o
 .data.impure_data
                0x0000000020000060       0x60 /Applications/SimplicityStudio_v3/developer/toolchains/gnu_arm/4.8_2013q4/bin/../lib/gcc/arm-none-eabi/4.8.3/../../../../arm-none-eabi/lib/armv6-m/libc_s.a(lib_a-impure.o)
 .data._impure_ptr
                0x00000000200000c0        0x4 /Applications/SimplicityStudio_v3/developer/toolchains/gnu_arm/4.8_2013q4/bin/../lib/gcc/arm-none-eabi/4.8.3/../../../../arm-none-eabi/lib/armv6-m/libc_s.a(lib_a-impure.o)
                0x00000000200000c0                _impure_ptr
                0x00000000200000c4                . = ALIGN (0x4)
 *(.ram)
                0x00000000200000c4                . = ALIGN (0x4)
                0x00000000200000c4                PROVIDE (__preinit_array_start, .)
 *(.preinit_array)
                0x00000000200000c4                PROVIDE (__preinit_array_end, .)
                0x00000000200000c4                . = ALIGN (0x4)
                0x00000000200000c4                PROVIDE (__init_array_start, .)
 *(SORT(.init_array.*))
 *(.init_array)
 .init_array    0x00000000200000c4        0x4 /Applications/SimplicityStudio_v3/developer/toolchains/gnu_arm/4.8_2013q4/bin/../lib/gcc/arm-none-eabi/4.8.3/armv6-m/crtbegin.o
                0x00000000200000c8                PROVIDE (__init_array_end, .)
                0x00000000200000c8                . = ALIGN (0x4)
                0x00000000200000c8                PROVIDE (__fini_array_start, .)
 *(SORT(.fini_array.*))
 *(.fini_array)
 .fini_array    0x00000000200000c8        0x4 /Applications/SimplicityStudio_v3/developer/toolchains/gnu_arm/4.8_2013q4/bin/../lib/gcc/arm-none-eabi/4.8.3/armv6-m/crtbegin.o
                0x00000000200000cc                PROVIDE (__fini_array_end, .)
 *(.jcr*)
 .jcr           0x00000000200000cc        0x0 /Applications/SimplicityStudio_v3/developer/toolchains/gnu_arm/4.8_2013q4/bin/../lib/gcc/arm-none-eabi/4.8.3/armv6-m/crtbegin.o
 .jcr           0x00000000200000cc        0x4 /Applications/SimplicityStudio_v3/developer/toolchains/gnu_arm/4.8_2013q4/bin/../lib/gcc/arm-none-eabi/4.8.3/armv6-m/crtend.o
                0x00000000200000d0                . = ALIGN (0x4)
                0x00000000200000d0                __data_end__ = .

.igot.plt       0x00000000200000d0        0x0 load address 0x0000000000006590
 .igot.plt      0x0000000000000000        0x0 /Applications/SimplicityStudio_v3/developer/toolchains/gnu_arm/4.8_2013q4/bin/../lib/gcc/arm-none-eabi/4.8.3/armv6-m/crtbegin.o

.bss            0x00000000200000d0      0x9cc load address 0x0000000000006590
                0x00000000200000d0                . = ALIGN (0x4)
                0x00000000200000d0                __bss_start__ = .
 *(.bss*)
 .bss           0x00000000200000d0       0x1c /Applications/SimplicityStudio_v3/developer/toolchains/gnu_arm/4.8_2013q4/bin/../lib/gcc/arm-none-eabi/4.8.3/armv6-m/crtbegin.o
 .bss.displayIsAwake
                0x00000000200000ec        0x4 ./src/graphics.o
 .bss.glibContext
                0x00000000200000f0       0x2c ./src/graphics.o
 .bss.si114x_i2c
                0x000000002000011c        0x8 ./src/sensor.o
 .bss.rtcCallbackArg
                0x0000000020000124        0x4 ./src/weatherstation.o
 .bss.adcConversionComplete
                0x0000000020000128        0x1 ./src/weatherstation.o
 *fill*         0x0000000020000129        0x3 
 .bss.UPTIME_TICKS
                0x000000002000012c        0x4 ./src/weatherstation.o
 .bss.rtcCallback
                0x0000000020000130        0x4 ./src/weatherstation.o
 .bss.cmuStatus
                0x0000000020000134        0x4 ./emlib/em_emu.o
 .bss.i2cTransfer
                0x0000000020000138        0xc ./emlib/em_i2c.o
 .bss.INT_LockCnt
                0x0000000020000144        0x4 ./emlib/em_int.o
                0x0000000020000144                INT_LockCnt
 .bss.pixelMatrixBuffer
                0x0000000020000148        0x4 ./Graphics/dmd_display.o
 .bss.displayDevice
                0x000000002000014c       0x2c ./Graphics/dmd_display.o
 .bss.dimensions
                0x0000000020000178        0xc ./Graphics/dmd_display.o
 .bss.moduleInitialized
                0x0000000020000184        0x1 ./Graphics/dmd_display.o
 *fill*         0x0000000020000185        0x3 
 .bss.devicesRegistered
                0x0000000020000188        0x4 ./Drivers/display.o
 .bss.deviceTable
                0x000000002000018c       0x2c ./Drivers/display.o
 .bss.moduleInitialized
                0x00000000200001b8        0x1 ./Drivers/display.o
 .bss.pixelMatrixPoolBase
                0x00000000200001b9      0x800 ./Drivers/displayls013b7dh03.o
 .bss.rtcRunning
                0x00000000200009b9        0x1 ./Drivers/rtcdriver.o
 .bss.rtcdrvIsInitialized
                0x00000000200009ba        0x1 ./Drivers/rtcdriver.o
 .bss.inTimerIRQ
                0x00000000200009bb        0x1 ./Drivers/rtcdriver.o
 *fill*         0x00000000200009bc        0x4 
 .bss.timer     0x00000000200009c0       0xa0 ./Drivers/rtcdriver.o
 .bss.startTimerNestingLevel
                0x0000000020000a60        0x4 ./Drivers/rtcdriver.o
 .bss.lastStart
                0x0000000020000a64        0x4 ./Drivers/rtcdriver.o
 .bss.si114x_i2c
                0x0000000020000a68        0x8 ./Drivers/si114x_algorithm.o
 .bss.__malloc_sbrk_start
                0x0000000020000a70        0x4 /Applications/SimplicityStudio_v3/developer/toolchains/gnu_arm/4.8_2013q4/bin/../lib/gcc/arm-none-eabi/4.8.3/../../../../arm-none-eabi/lib/armv6-m/libc_s.a(lib_a-nano-mallocr.o)
                0x0000000020000a70                __malloc_sbrk_start
 .bss.__malloc_free_list
                0x0000000020000a74        0x4 /Applications/SimplicityStudio_v3/developer/toolchains/gnu_arm/4.8_2013q4/bin/../lib/gcc/arm-none-eabi/4.8.3/../../../../arm-none-eabi/lib/armv6-m/libc_s.a(lib_a-nano-mallocr.o)
                0x0000000020000a74                __malloc_free_list
 .bss.heap_end.4237
                0x0000000020000a78        0x4 /Applications/SimplicityStudio_v3/developer/toolchains/gnu_arm/4.8_2013q4/bin/../lib/gcc/arm-none-eabi/4.8.3/../../../../arm-none-eabi/lib/armv6-m/libnosys.a(sbrk.o)
 *(COMMON)
 COMMON         0x0000000020000a7c        0x8 ./src/weatherstation.o
                0x0000000020000a7c                periodicUpdateTimerId
                0x0000000020000a80                screenTimeoutTimerId
 COMMON         0x0000000020000a84       0x10 ./Graphics/dmd_display.o
                0x0000000020000a84                dirtyRows
 COMMON         0x0000000020000a94        0x4 ./CMSIS/efm32zg/system_efm32zg.o
                0x0000000020000a94                SystemCoreClock
 COMMON         0x0000000020000a98        0x4 /Applications/SimplicityStudio_v3/developer/toolchains/gnu_arm/4.8_2013q4/bin/../lib/gcc/arm-none-eabi/4.8.3/../../../../arm-none-eabi/lib/armv6-m/libc_s.a(lib_a-reent.o)
                0x0000000020000a98                errno
                0x0000000020000a9c                . = ALIGN (0x4)
                0x0000000020000a9c                __bss_end__ = .

.heap           0x0000000020000aa0        0x0
                0x0000000020000aa0                __HeapBase = .
                0x0000000020000aa0                __end__ = .
                0x0000000020000aa0                end = __end__
                0x0000000020000aa0                _end = __end__
 *(.heap*)
 .heap          0x0000000020000aa0        0x0 ./CMSIS/efm32zg/startup_efm32zg.o
                0x0000000020000aa0                __HeapLimit = .

.stack_dummy    0x0000000020000aa0      0x400
 *(.stack*)
 .stack         0x0000000020000aa0      0x400 ./CMSIS/efm32zg/startup_efm32zg.o
                0x0000000020001000                __StackTop = (ORIGIN (RAM) + 0x1000)
                0x0000000020000c00                __StackLimit = (__StackTop - SIZEOF (.stack_dummy))
                0x0000000020001000                PROVIDE (__stack, __StackTop)
                0x0000000000000001                ASSERT ((__StackLimit >= __HeapLimit), region RAM overflowed with stack)
                0x0000000000000001                ASSERT ((0x8000 >= (__etext + SIZEOF (.data))), FLASH memory overflowed !)
OUTPUT(sensor_log.axf elf32-littlearm)

.ARM.attributes
                0x0000000000000000       0x28
 .ARM.attributes
                0x0000000000000000       0x1e /Applications/SimplicityStudio_v3/developer/toolchains/gnu_arm/4.8_2013q4/bin/../lib/gcc/arm-none-eabi/4.8.3/armv6-m/crti.o
 .ARM.attributes
                0x000000000000001e       0x2c /Applications/SimplicityStudio_v3/developer/toolchains/gnu_arm/4.8_2013q4/bin/../lib/gcc/arm-none-eabi/4.8.3/armv6-m/crtbegin.o
 .ARM.attributes
                0x000000000000004a       0x1b /Applications/SimplicityStudio_v3/developer/toolchains/gnu_arm/4.8_2013q4/bin/../lib/gcc/arm-none-eabi/4.8.3/../../../../arm-none-eabi/lib/armv6-m/crt0.o
 .ARM.attributes
                0x0000000000000065       0x32 ./src/graphics.o
 .ARM.attributes
                0x0000000000000097       0x32 ./src/sensor.o
 .ARM.attributes
                0x00000000000000c9       0x32 ./src/weatherstation.o
 .ARM.attributes
                0x00000000000000fb       0x32 ./emlib/em_adc.o
 .ARM.attributes
                0x000000000000012d       0x32 ./emlib/em_cmu.o
 .ARM.attributes
                0x000000000000015f       0x32 ./emlib/em_emu.o
 .ARM.attributes
                0x0000000000000191       0x32 ./emlib/em_gpio.o
 .ARM.attributes
                0x00000000000001c3       0x32 ./emlib/em_i2c.o
 .ARM.attributes
                0x00000000000001f5       0x32 ./emlib/em_int.o
 .ARM.attributes
                0x0000000000000227       0x32 ./emlib/em_rtc.o
 .ARM.attributes
                0x0000000000000259       0x32 ./emlib/em_usart.o
 .ARM.attributes
                0x000000000000028b       0x32 ./Graphics/dmd_display.o
 .ARM.attributes
                0x00000000000002bd       0x32 ./Graphics/glib.o
 .ARM.attributes
                0x00000000000002ef       0x32 ./Graphics/glib_font_normal_8x8.o
 .ARM.attributes
                0x0000000000000321       0x32 ./Graphics/glib_line.o
 .ARM.attributes
                0x0000000000000353       0x32 ./Graphics/glib_rectangle.o
 .ARM.attributes
                0x0000000000000385       0x32 ./Graphics/glib_string.o
 .ARM.attributes
                0x00000000000003b7       0x32 ./Drivers/display.o
 .ARM.attributes
                0x00000000000003e9       0x32 ./Drivers/displayls013b7dh03.o
 .ARM.attributes
                0x000000000000041b       0x32 ./Drivers/displaypalemlib.o
 .ARM.attributes
                0x000000000000044d       0x32 ./Drivers/i2cspm.o
 .ARM.attributes
                0x000000000000047f       0x32 ./Drivers/rtcdriver.o
 .ARM.attributes
                0x00000000000004b1       0x32 ./Drivers/si1147_i2c.o
 .ARM.attributes
                0x00000000000004e3       0x32 ./Drivers/si114x_algorithm.o
 .ARM.attributes
                0x0000000000000515       0x32 ./Drivers/si114x_functions.o
 .ARM.attributes
                0x0000000000000547       0x32 ./Drivers/si7013.o
 .ARM.attributes
                0x0000000000000579       0x2b ./Drivers/udelay.o
 .ARM.attributes
                0x00000000000005a4       0x1b ./CMSIS/efm32zg/startup_efm32zg.o
 .ARM.attributes
                0x00000000000005bf       0x32 ./CMSIS/efm32zg/system_efm32zg.o
 .ARM.attributes
                0x00000000000005f1       0x1e /Applications/SimplicityStudio_v3/developer/toolchains/gnu_arm/4.8_2013q4/bin/../lib/gcc/arm-none-eabi/4.8.3/armv6-m/libgcc.a(_thumb1_case_uqi.o)
 .ARM.attributes
                0x000000000000060f       0x1e /Applications/SimplicityStudio_v3/developer/toolchains/gnu_arm/4.8_2013q4/bin/../lib/gcc/arm-none-eabi/4.8.3/armv6-m/libgcc.a(_udivsi3.o)
 .ARM.attributes
                0x000000000000062d       0x1e /Applications/SimplicityStudio_v3/developer/toolchains/gnu_arm/4.8_2013q4/bin/../lib/gcc/arm-none-eabi/4.8.3/armv6-m/libgcc.a(_divsi3.o)
 .ARM.attributes
                0x000000000000064b       0x1e /Applications/SimplicityStudio_v3/developer/toolchains/gnu_arm/4.8_2013q4/bin/../lib/gcc/arm-none-eabi/4.8.3/armv6-m/libgcc.a(_dvmd_tls.o)
 .ARM.attributes
                0x0000000000000669       0x1e /Applications/SimplicityStudio_v3/developer/toolchains/gnu_arm/4.8_2013q4/bin/../lib/gcc/arm-none-eabi/4.8.3/armv6-m/libgcc.a(_aeabi_uldivmod.o)
 .ARM.attributes
                0x0000000000000687       0x2c /Applications/SimplicityStudio_v3/developer/toolchains/gnu_arm/4.8_2013q4/bin/../lib/gcc/arm-none-eabi/4.8.3/armv6-m/libgcc.a(_muldi3.o)
 .ARM.attributes
                0x00000000000006b3       0x2c /Applications/SimplicityStudio_v3/developer/toolchains/gnu_arm/4.8_2013q4/bin/../lib/gcc/arm-none-eabi/4.8.3/armv6-m/libgcc.a(bpabi.o)
 .ARM.attributes
                0x00000000000006df       0x2c /Applications/SimplicityStudio_v3/developer/toolchains/gnu_arm/4.8_2013q4/bin/../lib/gcc/arm-none-eabi/4.8.3/armv6-m/libgcc.a(addsf3.o)
 .ARM.attributes
                0x000000000000070b       0x2c /Applications/SimplicityStudio_v3/developer/toolchains/gnu_arm/4.8_2013q4/bin/../lib/gcc/arm-none-eabi/4.8.3/armv6-m/libgcc.a(mulsf3.o)
 .ARM.attributes
                0x0000000000000737       0x2c /Applications/SimplicityStudio_v3/developer/toolchains/gnu_arm/4.8_2013q4/bin/../lib/gcc/arm-none-eabi/4.8.3/armv6-m/libgcc.a(fixsfsi.o)
 .ARM.attributes
                0x0000000000000763       0x2c /Applications/SimplicityStudio_v3/developer/toolchains/gnu_arm/4.8_2013q4/bin/../lib/gcc/arm-none-eabi/4.8.3/armv6-m/libgcc.a(floatsisf.o)
 .ARM.attributes
                0x000000000000078f       0x1e /Applications/SimplicityStudio_v3/developer/toolchains/gnu_arm/4.8_2013q4/bin/../lib/gcc/arm-none-eabi/4.8.3/armv6-m/libgcc.a(_clzsi2.o)
 .ARM.attributes
                0x00000000000007ad       0x2c /Applications/SimplicityStudio_v3/developer/toolchains/gnu_arm/4.8_2013q4/bin/../lib/gcc/arm-none-eabi/4.8.3/armv6-m/libgcc.a(_divdi3.o)
 .ARM.attributes
                0x00000000000007d9       0x2c /Applications/SimplicityStudio_v3/developer/toolchains/gnu_arm/4.8_2013q4/bin/../lib/gcc/arm-none-eabi/4.8.3/armv6-m/libgcc.a(_udivdi3.o)
 .ARM.attributes
                0x0000000000000805       0x2c /Applications/SimplicityStudio_v3/developer/toolchains/gnu_arm/4.8_2013q4/bin/../lib/gcc/arm-none-eabi/4.8.3/../../../../arm-none-eabi/lib/armv6-m/libc_s.a(lib_a-exit.o)
 .ARM.attributes
                0x0000000000000831       0x2c /Applications/SimplicityStudio_v3/developer/toolchains/gnu_arm/4.8_2013q4/bin/../lib/gcc/arm-none-eabi/4.8.3/../../../../arm-none-eabi/lib/armv6-m/libc_s.a(lib_a-impure.o)
 .ARM.attributes
                0x000000000000085d       0x2c /Applications/SimplicityStudio_v3/developer/toolchains/gnu_arm/4.8_2013q4/bin/../lib/gcc/arm-none-eabi/4.8.3/../../../../arm-none-eabi/lib/armv6-m/libc_s.a(lib_a-init.o)
 .ARM.attributes
                0x0000000000000889       0x2c /Applications/SimplicityStudio_v3/developer/toolchains/gnu_arm/4.8_2013q4/bin/../lib/gcc/arm-none-eabi/4.8.3/../../../../arm-none-eabi/lib/armv6-m/libc_s.a(lib_a-memcpy-stub.o)
 .ARM.attributes
                0x00000000000008b5       0x2c /Applications/SimplicityStudio_v3/developer/toolchains/gnu_arm/4.8_2013q4/bin/../lib/gcc/arm-none-eabi/4.8.3/../../../../arm-none-eabi/lib/armv6-m/libc_s.a(lib_a-memset.o)
 .ARM.attributes
                0x00000000000008e1       0x2c /Applications/SimplicityStudio_v3/developer/toolchains/gnu_arm/4.8_2013q4/bin/../lib/gcc/arm-none-eabi/4.8.3/../../../../arm-none-eabi/lib/armv6-m/libc_s.a(lib_a-sprintf.o)
 .ARM.attributes
                0x000000000000090d       0x2c /Applications/SimplicityStudio_v3/developer/toolchains/gnu_arm/4.8_2013q4/bin/../lib/gcc/arm-none-eabi/4.8.3/../../../../arm-none-eabi/lib/armv6-m/libc_s.a(lib_a-strcpy.o)
 .ARM.attributes
                0x0000000000000939       0x2c /Applications/SimplicityStudio_v3/developer/toolchains/gnu_arm/4.8_2013q4/bin/../lib/gcc/arm-none-eabi/4.8.3/../../../../arm-none-eabi/lib/armv6-m/libc_s.a(lib_a-strlen.o)
 .ARM.attributes
                0x0000000000000965       0x2c /Applications/SimplicityStudio_v3/developer/toolchains/gnu_arm/4.8_2013q4/bin/../lib/gcc/arm-none-eabi/4.8.3/../../../../arm-none-eabi/lib/armv6-m/libc_s.a(lib_a-svfprintf.o)
 .ARM.attributes
                0x0000000000000991       0x2c /Applications/SimplicityStudio_v3/developer/toolchains/gnu_arm/4.8_2013q4/bin/../lib/gcc/arm-none-eabi/4.8.3/../../../../arm-none-eabi/lib/armv6-m/libc_s.a(lib_a-vfprintf_i.o)
 .ARM.attributes
                0x00000000000009bd       0x2c /Applications/SimplicityStudio_v3/developer/toolchains/gnu_arm/4.8_2013q4/bin/../lib/gcc/arm-none-eabi/4.8.3/../../../../arm-none-eabi/lib/armv6-m/libc_s.a(lib_a-memchr-stub.o)
 .ARM.attributes
                0x00000000000009e9       0x2c /Applications/SimplicityStudio_v3/developer/toolchains/gnu_arm/4.8_2013q4/bin/../lib/gcc/arm-none-eabi/4.8.3/../../../../arm-none-eabi/lib/armv6-m/libc_s.a(lib_a-memmove.o)
 .ARM.attributes
                0x0000000000000a15       0x2c /Applications/SimplicityStudio_v3/developer/toolchains/gnu_arm/4.8_2013q4/bin/../lib/gcc/arm-none-eabi/4.8.3/../../../../arm-none-eabi/lib/armv6-m/libc_s.a(lib_a-nano-freer.o)
 .ARM.attributes
                0x0000000000000a41       0x2c /Applications/SimplicityStudio_v3/developer/toolchains/gnu_arm/4.8_2013q4/bin/../lib/gcc/arm-none-eabi/4.8.3/../../../../arm-none-eabi/lib/armv6-m/libc_s.a(lib_a-nano-mallocr.o)
 .ARM.attributes
                0x0000000000000a6d       0x2c /Applications/SimplicityStudio_v3/developer/toolchains/gnu_arm/4.8_2013q4/bin/../lib/gcc/arm-none-eabi/4.8.3/../../../../arm-none-eabi/lib/armv6-m/libc_s.a(lib_a-nano-reallocr.o)
 .ARM.attributes
                0x0000000000000a99       0x2c /Applications/SimplicityStudio_v3/developer/toolchains/gnu_arm/4.8_2013q4/bin/../lib/gcc/arm-none-eabi/4.8.3/../../../../arm-none-eabi/lib/armv6-m/libc_s.a(lib_a-sbrkr.o)
 .ARM.attributes
                0x0000000000000ac5       0x2c /Applications/SimplicityStudio_v3/developer/toolchains/gnu_arm/4.8_2013q4/bin/../lib/gcc/arm-none-eabi/4.8.3/../../../../arm-none-eabi/lib/armv6-m/libc_s.a(lib_a-nano-msizer.o)
 .ARM.attributes
                0x0000000000000af1       0x2c /Applications/SimplicityStudio_v3/developer/toolchains/gnu_arm/4.8_2013q4/bin/../lib/gcc/arm-none-eabi/4.8.3/../../../../arm-none-eabi/lib/armv6-m/libc_s.a(lib_a-reent.o)
 .ARM.attributes
                0x0000000000000b1d       0x2c /Applications/SimplicityStudio_v3/developer/toolchains/gnu_arm/4.8_2013q4/bin/../lib/gcc/arm-none-eabi/4.8.3/../../../../arm-none-eabi/lib/armv6-m/libnosys.a(sbrk.o)
 .ARM.attributes
                0x0000000000000b49       0x2c /Applications/SimplicityStudio_v3/developer/toolchains/gnu_arm/4.8_2013q4/bin/../lib/gcc/arm-none-eabi/4.8.3/../../../../arm-none-eabi/lib/armv6-m/libnosys.a(_exit.o)
 .ARM.attributes
                0x0000000000000b75       0x2c /Applications/SimplicityStudio_v3/developer/toolchains/gnu_arm/4.8_2013q4/bin/../lib/gcc/arm-none-eabi/4.8.3/armv6-m/crtend.o
 .ARM.attributes
                0x0000000000000ba1       0x1e /Applications/SimplicityStudio_v3/developer/toolchains/gnu_arm/4.8_2013q4/bin/../lib/gcc/arm-none-eabi/4.8.3/armv6-m/crtn.o

.comment        0x0000000000000000       0x70
 .comment       0x0000000000000000       0x70 ./src/graphics.o
                                         0x71 (size before relaxing)
 .comment       0x0000000000000000       0x71 ./src/sensor.o
 .comment       0x0000000000000000       0x71 ./src/weatherstation.o
 .comment       0x0000000000000000       0x71 ./emlib/em_adc.o
 .comment       0x0000000000000000       0x71 ./emlib/em_cmu.o
 .comment       0x0000000000000000       0x71 ./emlib/em_emu.o
 .comment       0x0000000000000000       0x71 ./emlib/em_gpio.o
 .comment       0x0000000000000000       0x71 ./emlib/em_i2c.o
 .comment       0x0000000000000000       0x71 ./emlib/em_int.o
 .comment       0x0000000000000000       0x71 ./emlib/em_rtc.o
 .comment       0x0000000000000000       0x71 ./emlib/em_usart.o
 .comment       0x0000000000000000       0x71 ./Graphics/dmd_display.o
 .comment       0x0000000000000000       0x71 ./Graphics/glib.o
 .comment       0x0000000000000000       0x71 ./Graphics/glib_font_normal_8x8.o
 .comment       0x0000000000000000       0x71 ./Graphics/glib_line.o
 .comment       0x0000000000000000       0x71 ./Graphics/glib_rectangle.o
 .comment       0x0000000000000000       0x71 ./Graphics/glib_string.o
 .comment       0x0000000000000000       0x71 ./Drivers/display.o
 .comment       0x0000000000000000       0x71 ./Drivers/displayls013b7dh03.o
 .comment       0x0000000000000000       0x71 ./Drivers/displaypalemlib.o
 .comment       0x0000000000000000       0x71 ./Drivers/i2cspm.o
 .comment       0x0000000000000000       0x71 ./Drivers/rtcdriver.o
 .comment       0x0000000000000000       0x71 ./Drivers/si1147_i2c.o
 .comment       0x0000000000000000       0x71 ./Drivers/si114x_algorithm.o
 .comment       0x0000000000000000       0x71 ./Drivers/si114x_functions.o
 .comment       0x0000000000000000       0x71 ./Drivers/si7013.o
 .comment       0x0000000000000000       0x71 ./Drivers/udelay.o
 .comment       0x0000000000000000       0x71 ./CMSIS/efm32zg/system_efm32zg.o

.debug_info     0x0000000000000000    0x12fd9
 .debug_info    0x0000000000000000     0x1fa2 ./src/graphics.o
 .debug_info    0x0000000000001fa2      0x3a3 ./src/sensor.o
 .debug_info    0x0000000000002345     0x1ca0 ./src/weatherstation.o
 .debug_info    0x0000000000003fe5      0xa72 ./emlib/em_adc.o
 .debug_info    0x0000000000004a57     0x1450 ./emlib/em_cmu.o
 .debug_info    0x0000000000005ea7      0x648 ./emlib/em_emu.o
 .debug_info    0x00000000000064ef      0x56e ./emlib/em_gpio.o
 .debug_info    0x0000000000006a5d      0x865 ./emlib/em_i2c.o
 .debug_info    0x00000000000072c2       0xa0 ./emlib/em_int.o
 .debug_info    0x0000000000007362      0x362 ./emlib/em_rtc.o
 .debug_info    0x00000000000076c4      0xe87 ./emlib/em_usart.o
 .debug_info    0x000000000000854b      0xb4a ./Graphics/dmd_display.o
 .debug_info    0x0000000000009095      0xaa7 ./Graphics/glib.o
 .debug_info    0x0000000000009b3c      0x184 ./Graphics/glib_font_normal_8x8.o
 .debug_info    0x0000000000009cc0      0x807 ./Graphics/glib_line.o
 .debug_info    0x000000000000a4c7      0x61a ./Graphics/glib_rectangle.o
 .debug_info    0x000000000000aae1      0x602 ./Graphics/glib_string.o
 .debug_info    0x000000000000b0e3      0x4ac ./Drivers/display.o
 .debug_info    0x000000000000b58f      0xaf2 ./Drivers/displayls013b7dh03.o
 .debug_info    0x000000000000c081      0xd76 ./Drivers/displaypalemlib.o
 .debug_info    0x000000000000cdf7      0x950 ./Drivers/i2cspm.o
 .debug_info    0x000000000000d747     0x114e ./Drivers/rtcdriver.o
 .debug_info    0x000000000000e895      0x7dc ./Drivers/si1147_i2c.o
 .debug_info    0x000000000000f071      0xbe1 ./Drivers/si114x_algorithm.o
 .debug_info    0x000000000000fc52     0x181e ./Drivers/si114x_functions.o
 .debug_info    0x0000000000011470      0x935 ./Drivers/si7013.o
 .debug_info    0x0000000000011da5      0xd24 ./Drivers/udelay.o
 .debug_info    0x0000000000012ac9       0xee ./CMSIS/efm32zg/startup_efm32zg.o
 .debug_info    0x0000000000012bb7      0x422 ./CMSIS/efm32zg/system_efm32zg.o

.debug_abbrev   0x0000000000000000     0x40fe
 .debug_abbrev  0x0000000000000000      0x300 ./src/graphics.o
 .debug_abbrev  0x0000000000000300      0x12d ./src/sensor.o
 .debug_abbrev  0x000000000000042d      0x4a2 ./src/weatherstation.o
 .debug_abbrev  0x00000000000008cf      0x251 ./emlib/em_adc.o
 .debug_abbrev  0x0000000000000b20      0x3d7 ./emlib/em_cmu.o
 .debug_abbrev  0x0000000000000ef7      0x228 ./emlib/em_emu.o
 .debug_abbrev  0x000000000000111f      0x1e2 ./emlib/em_gpio.o
 .debug_abbrev  0x0000000000001301      0x2d0 ./emlib/em_i2c.o
 .debug_abbrev  0x00000000000015d1       0x42 ./emlib/em_int.o
 .debug_abbrev  0x0000000000001613      0x1e9 ./emlib/em_rtc.o
 .debug_abbrev  0x00000000000017fc      0x248 ./emlib/em_usart.o
 .debug_abbrev  0x0000000000001a44      0x274 ./Graphics/dmd_display.o
 .debug_abbrev  0x0000000000001cb8      0x270 ./Graphics/glib.o
 .debug_abbrev  0x0000000000001f28       0xa7 ./Graphics/glib_font_normal_8x8.o
 .debug_abbrev  0x0000000000001fcf      0x241 ./Graphics/glib_line.o
 .debug_abbrev  0x0000000000002210      0x194 ./Graphics/glib_rectangle.o
 .debug_abbrev  0x00000000000023a4      0x150 ./Graphics/glib_string.o
 .debug_abbrev  0x00000000000024f4      0x156 ./Drivers/display.o
 .debug_abbrev  0x000000000000264a      0x2ae ./Drivers/displayls013b7dh03.o
 .debug_abbrev  0x00000000000028f8      0x2a7 ./Drivers/displaypalemlib.o
 .debug_abbrev  0x0000000000002b9f      0x22c ./Drivers/i2cspm.o
 .debug_abbrev  0x0000000000002dcb      0x421 ./Drivers/rtcdriver.o
 .debug_abbrev  0x00000000000031ec      0x1e1 ./Drivers/si1147_i2c.o
 .debug_abbrev  0x00000000000033cd      0x27c ./Drivers/si114x_algorithm.o
 .debug_abbrev  0x0000000000003649      0x356 ./Drivers/si114x_functions.o
 .debug_abbrev  0x000000000000399f      0x2b6 ./Drivers/si7013.o
 .debug_abbrev  0x0000000000003c55      0x2f4 ./Drivers/udelay.o
 .debug_abbrev  0x0000000000003f49       0x14 ./CMSIS/efm32zg/startup_efm32zg.o
 .debug_abbrev  0x0000000000003f5d      0x1a1 ./CMSIS/efm32zg/system_efm32zg.o

.debug_loc      0x0000000000000000     0xaa59
 .debug_loc     0x0000000000000000     0x1039 ./src/graphics.o
 .debug_loc     0x0000000000001039      0x16b ./src/sensor.o
 .debug_loc     0x00000000000011a4      0x3c3 ./src/weatherstation.o
 .debug_loc     0x0000000000001567      0x3bf ./emlib/em_adc.o
 .debug_loc     0x0000000000001926     0x147a ./emlib/em_cmu.o
 .debug_loc     0x0000000000002da0      0x178 ./emlib/em_emu.o
 .debug_loc     0x0000000000002f18      0x219 ./emlib/em_gpio.o
 .debug_loc     0x0000000000003131      0x541 ./emlib/em_i2c.o
 .debug_loc     0x0000000000003672       0xfb ./emlib/em_rtc.o
 .debug_loc     0x000000000000376d      0x715 ./emlib/em_usart.o
 .debug_loc     0x0000000000003e82      0xcb1 ./Graphics/dmd_display.o
 .debug_loc     0x0000000000004b33      0x868 ./Graphics/glib.o
 .debug_loc     0x000000000000539b      0x8dc ./Graphics/glib_line.o
 .debug_loc     0x0000000000005c77      0x4c1 ./Graphics/glib_rectangle.o
 .debug_loc     0x0000000000006138      0x533 ./Graphics/glib_string.o
 .debug_loc     0x000000000000666b      0x250 ./Drivers/display.o
 .debug_loc     0x00000000000068bb      0x5cd ./Drivers/displayls013b7dh03.o
 .debug_loc     0x0000000000006e88      0x3ae ./Drivers/displaypalemlib.o
 .debug_loc     0x0000000000007236      0x1d0 ./Drivers/i2cspm.o
 .debug_loc     0x0000000000007406      0x97e ./Drivers/rtcdriver.o
 .debug_loc     0x0000000000007d84      0x5c5 ./Drivers/si1147_i2c.o
 .debug_loc     0x0000000000008349      0x5ea ./Drivers/si114x_algorithm.o
 .debug_loc     0x0000000000008933     0x171c ./Drivers/si114x_functions.o
 .debug_loc     0x000000000000a04f      0x64a ./Drivers/si7013.o
 .debug_loc     0x000000000000a699      0x2c4 ./Drivers/udelay.o
 .debug_loc     0x000000000000a95d       0xfc ./CMSIS/efm32zg/system_efm32zg.o

.debug_aranges  0x0000000000000000      0xa10
 .debug_aranges
                0x0000000000000000       0x58 ./src/graphics.o
 .debug_aranges
                0x0000000000000058       0x28 ./src/sensor.o
 .debug_aranges
                0x0000000000000080       0x60 ./src/weatherstation.o
 .debug_aranges
                0x00000000000000e0       0x48 ./emlib/em_adc.o
 .debug_aranges
                0x0000000000000128       0xe8 ./emlib/em_cmu.o
 .debug_aranges
                0x0000000000000210       0x50 ./emlib/em_emu.o
 .debug_aranges
                0x0000000000000260       0x38 ./emlib/em_gpio.o
 .debug_aranges
                0x0000000000000298       0x50 ./emlib/em_i2c.o
 .debug_aranges
                0x00000000000002e8       0x18 ./emlib/em_int.o
 .debug_aranges
                0x0000000000000300       0x50 ./emlib/em_rtc.o
 .debug_aranges
                0x0000000000000350       0xb8 ./emlib/em_usart.o
 .debug_aranges
                0x0000000000000408       0x88 ./Graphics/dmd_display.o
 .debug_aranges
                0x0000000000000490       0x78 ./Graphics/glib.o
 .debug_aranges
                0x0000000000000508       0x18 ./Graphics/glib_font_normal_8x8.o
 .debug_aranges
                0x0000000000000520       0x38 ./Graphics/glib_line.o
 .debug_aranges
                0x0000000000000558       0x38 ./Graphics/glib_rectangle.o
 .debug_aranges
                0x0000000000000590       0x30 ./Graphics/glib_string.o
 .debug_aranges
                0x00000000000005c0       0x38 ./Drivers/display.o
 .debug_aranges
                0x00000000000005f8       0x60 ./Drivers/displayls013b7dh03.o
 .debug_aranges
                0x0000000000000658       0x80 ./Drivers/displaypalemlib.o
 .debug_aranges
                0x00000000000006d8       0x28 ./Drivers/i2cspm.o
 .debug_aranges
                0x0000000000000700       0x98 ./Drivers/rtcdriver.o
 .debug_aranges
                0x0000000000000798       0x68 ./Drivers/si1147_i2c.o
 .debug_aranges
                0x0000000000000800       0x48 ./Drivers/si114x_algorithm.o
 .debug_aranges
                0x0000000000000848       0xc8 ./Drivers/si114x_functions.o
 .debug_aranges
                0x0000000000000910       0x58 ./Drivers/si7013.o
 .debug_aranges
                0x0000000000000968       0x28 ./Drivers/udelay.o
 .debug_aranges
                0x0000000000000990       0x20 ./CMSIS/efm32zg/startup_efm32zg.o
 .debug_aranges
                0x00000000000009b0       0x60 ./CMSIS/efm32zg/system_efm32zg.o

.debug_ranges   0x0000000000000000      0xd78
 .debug_ranges  0x0000000000000000       0x98 ./src/graphics.o
 .debug_ranges  0x0000000000000098       0x18 ./src/sensor.o
 .debug_ranges  0x00000000000000b0      0x158 ./src/weatherstation.o
 .debug_ranges  0x0000000000000208       0x58 ./emlib/em_adc.o
 .debug_ranges  0x0000000000000260      0x178 ./emlib/em_cmu.o
 .debug_ranges  0x00000000000003d8       0x70 ./emlib/em_emu.o
 .debug_ranges  0x0000000000000448       0x58 ./emlib/em_gpio.o
 .debug_ranges  0x00000000000004a0       0x70 ./emlib/em_i2c.o
 .debug_ranges  0x0000000000000510       0x58 ./emlib/em_rtc.o
 .debug_ranges  0x0000000000000568       0xa8 ./emlib/em_usart.o
 .debug_ranges  0x0000000000000610       0xa8 ./Graphics/dmd_display.o
 .debug_ranges  0x00000000000006b8       0x80 ./Graphics/glib.o
 .debug_ranges  0x0000000000000738       0x28 ./Graphics/glib_line.o
 .debug_ranges  0x0000000000000760       0x28 ./Graphics/glib_rectangle.o
 .debug_ranges  0x0000000000000788       0x20 ./Graphics/glib_string.o
 .debug_ranges  0x00000000000007a8       0x28 ./Drivers/display.o
 .debug_ranges  0x00000000000007d0       0x50 ./Drivers/displayls013b7dh03.o
 .debug_ranges  0x0000000000000820       0xb8 ./Drivers/displaypalemlib.o
 .debug_ranges  0x00000000000008d8       0x18 ./Drivers/i2cspm.o
 .debug_ranges  0x00000000000008f0      0x1d0 ./Drivers/rtcdriver.o
 .debug_ranges  0x0000000000000ac0       0x58 ./Drivers/si1147_i2c.o
 .debug_ranges  0x0000000000000b18       0x70 ./Drivers/si114x_algorithm.o
 .debug_ranges  0x0000000000000b88      0x118 ./Drivers/si114x_functions.o
 .debug_ranges  0x0000000000000ca0       0x70 ./Drivers/si7013.o
 .debug_ranges  0x0000000000000d10       0x18 ./Drivers/udelay.o
 .debug_ranges  0x0000000000000d28       0x50 ./CMSIS/efm32zg/system_efm32zg.o

.debug_line     0x0000000000000000     0x5d84
 .debug_line    0x0000000000000000      0x4a8 ./src/graphics.o
 .debug_line    0x00000000000004a8      0x1c9 ./src/sensor.o
 .debug_line    0x0000000000000671      0x5c9 ./src/weatherstation.o
 .debug_line    0x0000000000000c3a      0x315 ./emlib/em_adc.o
 .debug_line    0x0000000000000f4f      0x6bf ./emlib/em_cmu.o
 .debug_line    0x000000000000160e      0x39c ./emlib/em_emu.o
 .debug_line    0x00000000000019aa      0x253 ./emlib/em_gpio.o
 .debug_line    0x0000000000001bfd      0x369 ./emlib/em_i2c.o
 .debug_line    0x0000000000001f66       0xd9 ./emlib/em_int.o
 .debug_line    0x000000000000203f      0x26a ./emlib/em_rtc.o
 .debug_line    0x00000000000022a9      0x41d ./emlib/em_usart.o
 .debug_line    0x00000000000026c6      0x50c ./Graphics/dmd_display.o
 .debug_line    0x0000000000002bd2      0x2f6 ./Graphics/glib.o
 .debug_line    0x0000000000002ec8       0xf9 ./Graphics/glib_font_normal_8x8.o
 .debug_line    0x0000000000002fc1      0x2e4 ./Graphics/glib_line.o
 .debug_line    0x00000000000032a5      0x226 ./Graphics/glib_rectangle.o
 .debug_line    0x00000000000034cb      0x265 ./Graphics/glib_string.o
 .debug_line    0x0000000000003730      0x1c5 ./Drivers/display.o
 .debug_line    0x00000000000038f5      0x2a4 ./Drivers/displayls013b7dh03.o
 .debug_line    0x0000000000003b99      0x42e ./Drivers/displaypalemlib.o
 .debug_line    0x0000000000003fc7      0x258 ./Drivers/i2cspm.o
 .debug_line    0x000000000000421f      0x71e ./Drivers/rtcdriver.o
 .debug_line    0x000000000000493d      0x383 ./Drivers/si1147_i2c.o
 .debug_line    0x0000000000004cc0      0x318 ./Drivers/si114x_algorithm.o
 .debug_line    0x0000000000004fd8      0x47d ./Drivers/si114x_functions.o
 .debug_line    0x0000000000005455      0x2de ./Drivers/si7013.o
 .debug_line    0x0000000000005733      0x35b ./Drivers/udelay.o
 .debug_line    0x0000000000005a8e       0xbf ./CMSIS/efm32zg/startup_efm32zg.o
 .debug_line    0x0000000000005b4d      0x237 ./CMSIS/efm32zg/system_efm32zg.o

.debug_str      0x0000000000000000     0x4942
 .debug_str     0x0000000000000000      0x72b ./src/graphics.o
                                        0x7e6 (size before relaxing)
 .debug_str     0x000000000000072b       0xf8 ./src/sensor.o
                                        0x2e6 (size before relaxing)
 .debug_str     0x0000000000000823     0x1063 ./src/weatherstation.o
                                       0x13a0 (size before relaxing)
 .debug_str     0x0000000000001886      0x15e ./emlib/em_adc.o
                                        0xa02 (size before relaxing)
 .debug_str     0x00000000000019e4      0x71c ./emlib/em_cmu.o
                                        0xb08 (size before relaxing)
 .debug_str     0x0000000000002100      0x13b ./emlib/em_emu.o
                                        0x42f (size before relaxing)
 .debug_str     0x000000000000223b       0xf8 ./emlib/em_gpio.o
                                        0x526 (size before relaxing)
 .debug_str     0x0000000000002333      0x2c3 ./emlib/em_i2c.o
                                        0x693 (size before relaxing)
 .debug_str     0x00000000000025f6       0x59 ./emlib/em_int.o
                                        0x1c3 (size before relaxing)
 .debug_str     0x000000000000264f       0xf9 ./emlib/em_rtc.o
                                        0x2a2 (size before relaxing)
 .debug_str     0x0000000000002748      0x868 ./emlib/em_usart.o
                                        0xbb1 (size before relaxing)
 .debug_str     0x0000000000002fb0      0x429 ./Graphics/dmd_display.o
                                        0x65a (size before relaxing)
 .debug_str     0x00000000000033d9      0x16c ./Graphics/glib.o
                                        0x590 (size before relaxing)
 .debug_str     0x0000000000003545       0x7c ./Graphics/glib_font_normal_8x8.o
                                        0x2b8 (size before relaxing)
 .debug_str     0x00000000000035c1       0xcf ./Graphics/glib_line.o
                                        0x4ad (size before relaxing)
 .debug_str     0x0000000000003690       0x9f ./Graphics/glib_rectangle.o
                                        0x48a (size before relaxing)
 .debug_str     0x000000000000372f       0xde ./Graphics/glib_string.o
                                        0x483 (size before relaxing)
 .debug_str     0x000000000000380d      0x120 ./Drivers/display.o
                                        0x452 (size before relaxing)
 .debug_str     0x000000000000392d      0x1f3 ./Drivers/displayls013b7dh03.o
                                        0x5da (size before relaxing)
 .debug_str     0x0000000000003b20       0xef ./Drivers/displaypalemlib.o
                                        0xaff (size before relaxing)
 .debug_str     0x0000000000003c0f       0x78 ./Drivers/i2cspm.o
                                        0x836 (size before relaxing)
 .debug_str     0x0000000000003c87      0x2f4 ./Drivers/rtcdriver.o
                                        0x9b6 (size before relaxing)
 .debug_str     0x0000000000003f7b      0x11f ./Drivers/si1147_i2c.o
                                        0x43b (size before relaxing)
 .debug_str     0x000000000000409a      0x26e ./Drivers/si114x_algorithm.o
                                        0x504 (size before relaxing)
 .debug_str     0x0000000000004308      0x32f ./Drivers/si114x_functions.o
                                        0x63c (size before relaxing)
 .debug_str     0x0000000000004637      0x123 ./Drivers/si7013.o
                                        0x439 (size before relaxing)
 .debug_str     0x000000000000475a      0x107 ./Drivers/udelay.o
                                        0x8d7 (size before relaxing)
 .debug_str     0x0000000000004861       0xe1 ./CMSIS/efm32zg/system_efm32zg.o
                                        0x3c4 (size before relaxing)

.debug_frame    0x0000000000000000     0x1da0
 .debug_frame   0x0000000000000000       0xe8 ./src/graphics.o
 .debug_frame   0x00000000000000e8       0x48 ./src/sensor.o
 .debug_frame   0x0000000000000130       0xf0 ./src/weatherstation.o
 .debug_frame   0x0000000000000220       0xac ./emlib/em_adc.o
 .debug_frame   0x00000000000002cc      0x238 ./emlib/em_cmu.o
 .debug_frame   0x0000000000000504       0xa0 ./emlib/em_emu.o
 .debug_frame   0x00000000000005a4       0x74 ./emlib/em_gpio.o
 .debug_frame   0x0000000000000618       0xb8 ./emlib/em_i2c.o
 .debug_frame   0x00000000000006d0       0x88 ./emlib/em_rtc.o
 .debug_frame   0x0000000000000758      0x1b8 ./emlib/em_usart.o
 .debug_frame   0x0000000000000910      0x178 ./Graphics/dmd_display.o
 .debug_frame   0x0000000000000a88      0x160 ./Graphics/glib.o
 .debug_frame   0x0000000000000be8       0x88 ./Graphics/glib_line.o
 .debug_frame   0x0000000000000c70       0x7c ./Graphics/glib_rectangle.o
 .debug_frame   0x0000000000000cec       0x68 ./Graphics/glib_string.o
 .debug_frame   0x0000000000000d54       0x70 ./Drivers/display.o
 .debug_frame   0x0000000000000dc4       0xf8 ./Drivers/displayls013b7dh03.o
 .debug_frame   0x0000000000000ebc      0x130 ./Drivers/displaypalemlib.o
 .debug_frame   0x0000000000000fec       0x50 ./Drivers/i2cspm.o
 .debug_frame   0x000000000000103c      0x1b8 ./Drivers/rtcdriver.o
 .debug_frame   0x00000000000011f4      0x128 ./Drivers/si1147_i2c.o
 .debug_frame   0x000000000000131c       0xbc ./Drivers/si114x_algorithm.o
 .debug_frame   0x00000000000013d8      0x24c ./Drivers/si114x_functions.o
 .debug_frame   0x0000000000001624       0xfc ./Drivers/si7013.o
 .debug_frame   0x0000000000001720       0x40 ./Drivers/udelay.o
 .debug_frame   0x0000000000001760       0xb8 ./CMSIS/efm32zg/system_efm32zg.o
 .debug_frame   0x0000000000001818       0x20 /Applications/SimplicityStudio_v3/developer/toolchains/gnu_arm/4.8_2013q4/bin/../lib/gcc/arm-none-eabi/4.8.3/armv6-m/libgcc.a(_udivsi3.o)
 .debug_frame   0x0000000000001838       0x20 /Applications/SimplicityStudio_v3/developer/toolchains/gnu_arm/4.8_2013q4/bin/../lib/gcc/arm-none-eabi/4.8.3/armv6-m/libgcc.a(_divsi3.o)
 .debug_frame   0x0000000000001858       0x30 /Applications/SimplicityStudio_v3/developer/toolchains/gnu_arm/4.8_2013q4/bin/../lib/gcc/arm-none-eabi/4.8.3/armv6-m/libgcc.a(_muldi3.o)
 .debug_frame   0x0000000000001888       0x50 /Applications/SimplicityStudio_v3/developer/toolchains/gnu_arm/4.8_2013q4/bin/../lib/gcc/arm-none-eabi/4.8.3/armv6-m/libgcc.a(bpabi.o)
 .debug_frame   0x00000000000018d8       0x30 /Applications/SimplicityStudio_v3/developer/toolchains/gnu_arm/4.8_2013q4/bin/../lib/gcc/arm-none-eabi/4.8.3/armv6-m/libgcc.a(addsf3.o)
 .debug_frame   0x0000000000001908       0x3c /Applications/SimplicityStudio_v3/developer/toolchains/gnu_arm/4.8_2013q4/bin/../lib/gcc/arm-none-eabi/4.8.3/armv6-m/libgcc.a(mulsf3.o)
 .debug_frame   0x0000000000001944       0x20 /Applications/SimplicityStudio_v3/developer/toolchains/gnu_arm/4.8_2013q4/bin/../lib/gcc/arm-none-eabi/4.8.3/armv6-m/libgcc.a(fixsfsi.o)
 .debug_frame   0x0000000000001964       0x2c /Applications/SimplicityStudio_v3/developer/toolchains/gnu_arm/4.8_2013q4/bin/../lib/gcc/arm-none-eabi/4.8.3/armv6-m/libgcc.a(floatsisf.o)
 .debug_frame   0x0000000000001990       0x3c /Applications/SimplicityStudio_v3/developer/toolchains/gnu_arm/4.8_2013q4/bin/../lib/gcc/arm-none-eabi/4.8.3/armv6-m/libgcc.a(_divdi3.o)
 .debug_frame   0x00000000000019cc       0x3c /Applications/SimplicityStudio_v3/developer/toolchains/gnu_arm/4.8_2013q4/bin/../lib/gcc/arm-none-eabi/4.8.3/armv6-m/libgcc.a(_udivdi3.o)
 .debug_frame   0x0000000000001a08       0x28 /Applications/SimplicityStudio_v3/developer/toolchains/gnu_arm/4.8_2013q4/bin/../lib/gcc/arm-none-eabi/4.8.3/../../../../arm-none-eabi/lib/armv6-m/libc_s.a(lib_a-exit.o)
 .debug_frame   0x0000000000001a30       0x2c /Applications/SimplicityStudio_v3/developer/toolchains/gnu_arm/4.8_2013q4/bin/../lib/gcc/arm-none-eabi/4.8.3/../../../../arm-none-eabi/lib/armv6-m/libc_s.a(lib_a-init.o)
 .debug_frame   0x0000000000001a5c       0x28 /Applications/SimplicityStudio_v3/developer/toolchains/gnu_arm/4.8_2013q4/bin/../lib/gcc/arm-none-eabi/4.8.3/../../../../arm-none-eabi/lib/armv6-m/libc_s.a(lib_a-memcpy-stub.o)
 .debug_frame   0x0000000000001a84       0x20 /Applications/SimplicityStudio_v3/developer/toolchains/gnu_arm/4.8_2013q4/bin/../lib/gcc/arm-none-eabi/4.8.3/../../../../arm-none-eabi/lib/armv6-m/libc_s.a(lib_a-memset.o)
 .debug_frame   0x0000000000001aa4       0x4c /Applications/SimplicityStudio_v3/developer/toolchains/gnu_arm/4.8_2013q4/bin/../lib/gcc/arm-none-eabi/4.8.3/../../../../arm-none-eabi/lib/armv6-m/libc_s.a(lib_a-sprintf.o)
 .debug_frame   0x0000000000001af0       0x20 /Applications/SimplicityStudio_v3/developer/toolchains/gnu_arm/4.8_2013q4/bin/../lib/gcc/arm-none-eabi/4.8.3/../../../../arm-none-eabi/lib/armv6-m/libc_s.a(lib_a-strcpy.o)
 .debug_frame   0x0000000000001b10       0x20 /Applications/SimplicityStudio_v3/developer/toolchains/gnu_arm/4.8_2013q4/bin/../lib/gcc/arm-none-eabi/4.8.3/../../../../arm-none-eabi/lib/armv6-m/libc_s.a(lib_a-strlen.o)
 .debug_frame   0x0000000000001b30       0x74 /Applications/SimplicityStudio_v3/developer/toolchains/gnu_arm/4.8_2013q4/bin/../lib/gcc/arm-none-eabi/4.8.3/../../../../arm-none-eabi/lib/armv6-m/libc_s.a(lib_a-svfprintf.o)
 .debug_frame   0x0000000000001ba4       0x54 /Applications/SimplicityStudio_v3/developer/toolchains/gnu_arm/4.8_2013q4/bin/../lib/gcc/arm-none-eabi/4.8.3/../../../../arm-none-eabi/lib/armv6-m/libc_s.a(lib_a-vfprintf_i.o)
 .debug_frame   0x0000000000001bf8       0x20 /Applications/SimplicityStudio_v3/developer/toolchains/gnu_arm/4.8_2013q4/bin/../lib/gcc/arm-none-eabi/4.8.3/../../../../arm-none-eabi/lib/armv6-m/libc_s.a(lib_a-memchr-stub.o)
 .debug_frame   0x0000000000001c18       0x2c /Applications/SimplicityStudio_v3/developer/toolchains/gnu_arm/4.8_2013q4/bin/../lib/gcc/arm-none-eabi/4.8.3/../../../../arm-none-eabi/lib/armv6-m/libc_s.a(lib_a-memmove.o)
 .debug_frame   0x0000000000001c44       0x2c /Applications/SimplicityStudio_v3/developer/toolchains/gnu_arm/4.8_2013q4/bin/../lib/gcc/arm-none-eabi/4.8.3/../../../../arm-none-eabi/lib/armv6-m/libc_s.a(lib_a-nano-freer.o)
 .debug_frame   0x0000000000001c70       0x2c /Applications/SimplicityStudio_v3/developer/toolchains/gnu_arm/4.8_2013q4/bin/../lib/gcc/arm-none-eabi/4.8.3/../../../../arm-none-eabi/lib/armv6-m/libc_s.a(lib_a-nano-mallocr.o)
 .debug_frame   0x0000000000001c9c       0x30 /Applications/SimplicityStudio_v3/developer/toolchains/gnu_arm/4.8_2013q4/bin/../lib/gcc/arm-none-eabi/4.8.3/../../../../arm-none-eabi/lib/armv6-m/libc_s.a(lib_a-nano-reallocr.o)
 .debug_frame   0x0000000000001ccc       0x2c /Applications/SimplicityStudio_v3/developer/toolchains/gnu_arm/4.8_2013q4/bin/../lib/gcc/arm-none-eabi/4.8.3/../../../../arm-none-eabi/lib/armv6-m/libc_s.a(lib_a-sbrkr.o)
 .debug_frame   0x0000000000001cf8       0x20 /Applications/SimplicityStudio_v3/developer/toolchains/gnu_arm/4.8_2013q4/bin/../lib/gcc/arm-none-eabi/4.8.3/../../../../arm-none-eabi/lib/armv6-m/libc_s.a(lib_a-nano-msizer.o)
 .debug_frame   0x0000000000001d18       0x48 /Applications/SimplicityStudio_v3/developer/toolchains/gnu_arm/4.8_2013q4/bin/../lib/gcc/arm-none-eabi/4.8.3/../../../../arm-none-eabi/lib/armv6-m/libc_s.a(lib_a-reent.o)
 .debug_frame   0x0000000000001d60       0x20 /Applications/SimplicityStudio_v3/developer/toolchains/gnu_arm/4.8_2013q4/bin/../lib/gcc/arm-none-eabi/4.8.3/../../../../arm-none-eabi/lib/armv6-m/libnosys.a(sbrk.o)
 .debug_frame   0x0000000000001d80       0x20 /Applications/SimplicityStudio_v3/developer/toolchains/gnu_arm/4.8_2013q4/bin/../lib/gcc/arm-none-eabi/4.8.3/../../../../arm-none-eabi/lib/armv6-m/libnosys.a(_exit.o)
