Archive member included because of file (symbol)

/Applications/SimplicityStudio_v3/developer/toolchains/gnu_arm/4.8_2013q4/bin/../lib/gcc/arm-none-eabi/4.8.3/armv6-m/libgcc.a(_thumb1_case_uqi.o)
                              ./emlib/em_adc.o (__gnu_thumb1_case_uqi)
/Applications/SimplicityStudio_v3/developer/toolchains/gnu_arm/4.8_2013q4/bin/../lib/gcc/arm-none-eabi/4.8.3/armv6-m/libgcc.a(_udivsi3.o)
                              ./src/weatherstation.o (__aeabi_uidiv)
/Applications/SimplicityStudio_v3/developer/toolchains/gnu_arm/4.8_2013q4/bin/../lib/gcc/arm-none-eabi/4.8.3/armv6-m/libgcc.a(_divsi3.o)
                              ./src/graphics.o (__aeabi_idiv)
/Applications/SimplicityStudio_v3/developer/toolchains/gnu_arm/4.8_2013q4/bin/../lib/gcc/arm-none-eabi/4.8.3/armv6-m/libgcc.a(_dvmd_tls.o)
                              /Applications/SimplicityStudio_v3/developer/toolchains/gnu_arm/4.8_2013q4/bin/../lib/gcc/arm-none-eabi/4.8.3/armv6-m/libgcc.a(_udivsi3.o) (__aeabi_idiv0)
/Applications/SimplicityStudio_v3/developer/toolchains/gnu_arm/4.8_2013q4/bin/../lib/gcc/arm-none-eabi/4.8.3/armv6-m/libgcc.a(_aeabi_uldivmod.o)
                              ./Drivers/rtcdriver.o (__aeabi_uldivmod)
/Applications/SimplicityStudio_v3/developer/toolchains/gnu_arm/4.8_2013q4/bin/../lib/gcc/arm-none-eabi/4.8.3/armv6-m/libgcc.a(_muldi3.o)
                              ./Drivers/rtcdriver.o (__aeabi_lmul)
/Applications/SimplicityStudio_v3/developer/toolchains/gnu_arm/4.8_2013q4/bin/../lib/gcc/arm-none-eabi/4.8.3/armv6-m/libgcc.a(bpabi.o)
                              /Applications/SimplicityStudio_v3/developer/toolchains/gnu_arm/4.8_2013q4/bin/../lib/gcc/arm-none-eabi/4.8.3/armv6-m/libgcc.a(_aeabi_uldivmod.o) (__gnu_uldivmod_helper)
/Applications/SimplicityStudio_v3/developer/toolchains/gnu_arm/4.8_2013q4/bin/../lib/gcc/arm-none-eabi/4.8.3/armv6-m/libgcc.a(_divdi3.o)
                              /Applications/SimplicityStudio_v3/developer/toolchains/gnu_arm/4.8_2013q4/bin/../lib/gcc/arm-none-eabi/4.8.3/armv6-m/libgcc.a(bpabi.o) (__divdi3)
/Applications/SimplicityStudio_v3/developer/toolchains/gnu_arm/4.8_2013q4/bin/../lib/gcc/arm-none-eabi/4.8.3/armv6-m/libgcc.a(_udivdi3.o)
                              /Applications/SimplicityStudio_v3/developer/toolchains/gnu_arm/4.8_2013q4/bin/../lib/gcc/arm-none-eabi/4.8.3/armv6-m/libgcc.a(bpabi.o) (__udivdi3)
/Applications/SimplicityStudio_v3/developer/toolchains/gnu_arm/4.8_2013q4/bin/../lib/gcc/arm-none-eabi/4.8.3/armv6-m/libgcc.a(_clzsi2.o)
                              /Applications/SimplicityStudio_v3/developer/toolchains/gnu_arm/4.8_2013q4/bin/../lib/gcc/arm-none-eabi/4.8.3/armv6-m/libgcc.a(_divdi3.o) (__clzsi2)
/Applications/SimplicityStudio_v3/developer/toolchains/gnu_arm/4.8_2013q4/bin/../lib/gcc/arm-none-eabi/4.8.3/../../../../arm-none-eabi/lib/armv6-m/libc_s.a(lib_a-exit.o)
                              /Applications/SimplicityStudio_v3/developer/toolchains/gnu_arm/4.8_2013q4/bin/../lib/gcc/arm-none-eabi/4.8.3/../../../../arm-none-eabi/lib/armv6-m/crt0.o (exit)
/Applications/SimplicityStudio_v3/developer/toolchains/gnu_arm/4.8_2013q4/bin/../lib/gcc/arm-none-eabi/4.8.3/../../../../arm-none-eabi/lib/armv6-m/libc_s.a(lib_a-impure.o)
                              /Applications/SimplicityStudio_v3/developer/toolchains/gnu_arm/4.8_2013q4/bin/../lib/gcc/arm-none-eabi/4.8.3/../../../../arm-none-eabi/lib/armv6-m/libc_s.a(lib_a-exit.o) (_global_impure_ptr)
/Applications/SimplicityStudio_v3/developer/toolchains/gnu_arm/4.8_2013q4/bin/../lib/gcc/arm-none-eabi/4.8.3/../../../../arm-none-eabi/lib/armv6-m/libc_s.a(lib_a-init.o)
                              /Applications/SimplicityStudio_v3/developer/toolchains/gnu_arm/4.8_2013q4/bin/../lib/gcc/arm-none-eabi/4.8.3/../../../../arm-none-eabi/lib/armv6-m/crt0.o (__libc_init_array)
/Applications/SimplicityStudio_v3/developer/toolchains/gnu_arm/4.8_2013q4/bin/../lib/gcc/arm-none-eabi/4.8.3/../../../../arm-none-eabi/lib/armv6-m/libc_s.a(lib_a-memcpy-stub.o)
                              ./Graphics/dmd_display.o (memcpy)
/Applications/SimplicityStudio_v3/developer/toolchains/gnu_arm/4.8_2013q4/bin/../lib/gcc/arm-none-eabi/4.8.3/../../../../arm-none-eabi/lib/armv6-m/libc_s.a(lib_a-memset.o)
                              /Applications/SimplicityStudio_v3/developer/toolchains/gnu_arm/4.8_2013q4/bin/../lib/gcc/arm-none-eabi/4.8.3/../../../../arm-none-eabi/lib/armv6-m/crt0.o (memset)
/Applications/SimplicityStudio_v3/developer/toolchains/gnu_arm/4.8_2013q4/bin/../lib/gcc/arm-none-eabi/4.8.3/../../../../arm-none-eabi/lib/armv6-m/libc_s.a(lib_a-sprintf.o)
                              ./src/graphics.o (sprintf)
/Applications/SimplicityStudio_v3/developer/toolchains/gnu_arm/4.8_2013q4/bin/../lib/gcc/arm-none-eabi/4.8.3/../../../../arm-none-eabi/lib/armv6-m/libc_s.a(lib_a-strcpy.o)
                              ./src/graphics.o (strcpy)
[...]
Memory Configuration

Name             Origin             Length             Attributes
FLASH            0x0000000000000000 0x0000000000008000 xr
RAM              0x0000000020000000 0x0000000000001000 xrw
*default*        0x0000000000000000 0xffffffffffffffff

Linker script and memory map

LOAD /Applications/SimplicityStudio_v3/developer/toolchains/gnu_arm/4.8_2013q4/bin/../lib/gcc/arm-none-eabi/4.8.3/armv6-m/crti.o
LOAD /Applications/SimplicityStudio_v3/developer/toolchains/gnu_arm/4.8_2013q4/bin/../lib/gcc/arm-none-eabi/4.8.3/armv6-m/crtbegin.o
LOAD /Applications/SimplicityStudio_v3/developer/toolchains/gnu_arm/4.8_2013q4/bin/../lib/gcc/arm-none-eabi/4.8.3/../../../../arm-none-eabi/lib/armv6-m/crt0.o
LOAD ./src/graphics.o
LOAD ./src/weatherstation.o
LOAD ./emlib/em_adc.o
LOAD ./emlib/em_assert.o
LOAD ./emlib/em_cmu.o
LOAD ./emlib/em_emu.o
LOAD ./emlib/em_gpio.o
LOAD ./emlib/em_i2c.o
LOAD ./emlib/em_int.o
LOAD ./emlib/em_leuart.o
LOAD ./emlib/em_rtc.o
LOAD ./emlib/em_usart.o
LOAD ./Graphics/dmd_display.o
LOAD ./Graphics/glib.o
LOAD ./Graphics/glib_bitmap.o
LOAD ./Graphics/glib_circle.o
LOAD ./Graphics/glib_font_normal_8x8.o
LOAD ./Graphics/glib_line.o
LOAD ./Graphics/glib_rectangle.o
LOAD ./Graphics/glib_string.o
LOAD ./Drivers/display.o
LOAD ./Drivers/displayls013b7dh03.o
LOAD ./Drivers/displaypalemlib.o
LOAD ./Drivers/i2cspm.o
LOAD ./Drivers/rtcdriver.o
LOAD ./Drivers/si1147_i2c.o
LOAD ./Drivers/si114x_algorithm.o
LOAD ./Drivers/si114x_functions.o
LOAD ./Drivers/si7013.o
LOAD ./Drivers/udelay.o
LOAD ./CMSIS/efm32zg/startup_efm32zg.o
LOAD ./CMSIS/efm32zg/system_efm32zg.o
LOAD ./BSP/bsp_bcc.o
LOAD ./BSP/bsp_stk.o
START GROUP
LOAD /Applications/SimplicityStudio_v3/developer/toolchains/gnu_arm/4.8_2013q4/bin/../lib/gcc/arm-none-eabi/4.8.3/armv6-m/libgcc.a
LOAD /Applications/SimplicityStudio_v3/developer/toolchains/gnu_arm/4.8_2013q4/bin/../lib/gcc/arm-none-eabi/4.8.3/../../../../arm-none-eabi/lib/armv6-m/libc_s.a
LOAD /Applications/SimplicityStudio_v3/developer/toolchains/gnu_arm/4.8_2013q4/bin/../lib/gcc/arm-none-eabi/4.8.3/../../../../arm-none-eabi/lib/armv6-m/libnosys.a
END GROUP
START GROUP
LOAD /Applications/SimplicityStudio_v3/developer/toolchains/gnu_arm/4.8_2013q4/bin/../lib/gcc/arm-none-eabi/4.8.3/armv6-m/libgcc.a
LOAD /Applications/SimplicityStudio_v3/developer/toolchains/gnu_arm/4.8_2013q4/bin/../lib/gcc/arm-none-eabi/4.8.3/../../../../arm-none-eabi/lib/armv6-m/libg_s.a
LOAD /Applications/SimplicityStudio_v3/developer/toolchains/gnu_arm/4.8_2013q4/bin/../lib/gcc/arm-none-eabi/4.8.3/../../../../arm-none-eabi/lib/armv6-m/libc_s.a
END GROUP
START GROUP
LOAD /Applications/SimplicityStudio_v3/developer/toolchains/gnu_arm/4.8_2013q4/bin/../lib/gcc/arm-none-eabi/4.8.3/armv6-m/libgcc.a
LOAD /Applications/SimplicityStudio_v3/developer/toolchains/gnu_arm/4.8_2013q4/bin/../lib/gcc/arm-none-eabi/4.8.3/../../../../arm-none-eabi/lib/armv6-m/libc_s.a
END GROUP
LOAD /Applications/SimplicityStudio_v3/developer/toolchains/gnu_arm/4.8_2013q4/bin/../lib/gcc/arm-none-eabi/4.8.3/armv6-m/crtend.o
LOAD /Applications/SimplicityStudio_v3/developer/toolchains/gnu_arm/4.8_2013q4/bin/../lib/gcc/arm-none-eabi/4.8.3/armv6-m/crtn.o

.text           0x0000000000000000     0x5b60
 *(.vectors)
 .vectors       0x0000000000000000       0x84 ./CMSIS/efm32zg/startup_efm32zg.o
                0x0000000000000000                __Vectors
                0x0000000000000084                __Vectors_End = .
                0x0000000000000084                __Vectors_Size = (__Vectors_End - __Vectors)
                0x0000000000000084                __end__ = .
 *(.text*)
 .text          0x0000000000000084       0x60 /Applications/SimplicityStudio_v3/developer/toolchains/gnu_arm/4.8_2013q4/bin/../lib/gcc/arm-none-eabi/4.8.3/armv6-m/crtbegin.o
 .text          0x00000000000000e4       0x78 /Applications/SimplicityStudio_v3/developer/toolchains/gnu_arm/4.8_2013q4/bin/../lib/gcc/arm-none-eabi/4.8.3/../../../../arm-none-eabi/lib/armv6-m/crt0.o
                0x00000000000000e4                _mainCRTStartup
                0x00000000000000e4                _start
 .text.GRAPHICS_DrawDataHalfScreenFilled.constprop.0
                0x000000000000015c      0x1ec ./src/graphics.o
 .text.GRAPHICS_DrawDataHalfScreen.constprop.1
                0x0000000000000348      0x218 ./src/graphics.o
 .text.GRAPHICS_Init
                0x0000000000000560       0x40 ./src/graphics.o
                0x0000000000000560                GRAPHICS_Init
 .text.GRAPHICS_Sleep
                0x00000000000005a0       0x18 ./src/graphics.o
                0x00000000000005a0                GRAPHICS_Sleep
 .text.GRAPHICS_Wake
                0x00000000000005b8       0x18 ./src/graphics.o
                0x00000000000005b8                GRAPHICS_Wake
 .text.GRAPHICS_DisplayIsAwake
                0x00000000000005d0        0xc ./src/graphics.o
                0x00000000000005d0                GRAPHICS_DisplayIsAwake
 .text.GRAPHICS_Draw
                0x00000000000005dc      0x3c0 ./src/graphics.o
                0x00000000000005dc                GRAPHICS_Draw
 .text.memLcdCallback
                0x000000000000099c       0x18 ./src/weatherstation.o
 .text.periodicUpdateCallback
                0x00000000000009b4        0xc ./src/weatherstation.o
 .text.screenTimeoutCallback
                0x00000000000009c0       0x28 ./src/weatherstation.o
 .text.startup.main
                0x00000000000009e8      0x28c ./src/weatherstation.o
                0x00000000000009e8                main
 .text.ADC0_IRQHandler
                0x0000000000000c74       0x18 ./src/weatherstation.o
                0x0000000000000c74                ADC0_IRQHandler
 .text.GPIO_Unified_IRQ
                0x0000000000000c8c       0x48 ./src/weatherstation.o
                0x0000000000000c8c                GPIO_Unified_IRQ
 .text.GPIO_EVEN_IRQHandler
                0x0000000000000cd4        0x8 ./src/weatherstation.o
                0x0000000000000cd4                GPIO_EVEN_IRQHandler
 .text.GPIO_ODD_IRQHandler
                0x0000000000000cdc        0x8 ./src/weatherstation.o
                0x0000000000000cdc                GPIO_ODD_IRQHandler
 .text.RtcIntCallbackRegister
                0x0000000000000ce4       0x44 ./src/weatherstation.o
                0x0000000000000ce4                RtcIntCallbackRegister
 .text.ADC_Init
                0x0000000000000d28       0x3a ./emlib/em_adc.o
                0x0000000000000d28                ADC_Init
 *fill*         0x0000000000000d62        0x2 
 .text.ADC_InitSingle
                0x0000000000000d64       0xd8 ./emlib/em_adc.o
                0x0000000000000d64                ADC_InitSingle
 .text.CMU_FlashWaitStateControl
                0x0000000000000e3c       0x40 ./emlib/em_cmu.o
 .text.CMU_AUXClkGet
                0x0000000000000e7c       0x5c ./emlib/em_cmu.o
 .text.CMU_Sync
                0x0000000000000ed8       0x14 ./emlib/em_cmu.o
 .text.CMU_LFClkGet
                0x0000000000000eec       0x48 ./emlib/em_cmu.o
 .text.CMU_ClockDivGet
                0x0000000000000f34       0x5c ./emlib/em_cmu.o
                0x0000000000000f34                CMU_ClockDivGet
 .text.CMU_ClockDivSet
                0x0000000000000f90       0xd8 ./emlib/em_cmu.o
                0x0000000000000f90                CMU_ClockDivSet
 .text.CMU_ClockEnable
                0x0000000000001068       0x74 ./emlib/em_cmu.o
                0x0000000000001068                CMU_ClockEnable
 .text.CMU_ClockSelectGet
                0x00000000000010dc       0x9c ./emlib/em_cmu.o
                0x00000000000010dc                CMU_ClockSelectGet
 .text.CMU_ClockFreqGet
                0x0000000000001178       0xbc ./emlib/em_cmu.o
                0x0000000000001178                CMU_ClockFreqGet
 .text.CMU_OscillatorEnable
                0x0000000000001234       0x50 ./emlib/em_cmu.o
                0x0000000000001234                CMU_OscillatorEnable
 .text.CMU_ClockSelectSet
                0x0000000000001284       0xe4 ./emlib/em_cmu.o
                0x0000000000001284                CMU_ClockSelectSet
 .text.EMU_Restore
                0x0000000000001368       0x94 ./emlib/em_emu.o
 .text.EMU_EnterEM2
                0x00000000000013fc       0x3c ./emlib/em_emu.o
                0x00000000000013fc                EMU_EnterEM2
 .text.EMU_UpdateOscConfig
                0x0000000000001438       0x14 ./emlib/em_emu.o
                0x0000000000001438                EMU_UpdateOscConfig
 .text.GPIO_IntConfig
                0x000000000000144c       0x88 ./emlib/em_gpio.o
                0x000000000000144c                GPIO_IntConfig
 .text.GPIO_PinModeSet
                0x00000000000014d4       0x8c ./emlib/em_gpio.o
                0x00000000000014d4                GPIO_PinModeSet
 .text.I2C_BusFreqSet
                0x0000000000001560       0x54 ./emlib/em_i2c.o
                0x0000000000001560                I2C_BusFreqSet
 .text.I2C_Init
                0x00000000000015b4       0x3c ./emlib/em_i2c.o
                0x00000000000015b4                I2C_Init
 .text.I2C_Transfer
                0x00000000000015f0      0x230 ./emlib/em_i2c.o
                0x00000000000015f0                I2C_Transfer
 .text.I2C_TransferInit
                0x0000000000001820       0x6c ./emlib/em_i2c.o
                0x0000000000001820                I2C_TransferInit
 .text.RTC_CompareGet
                0x000000000000188c       0x1c ./emlib/em_rtc.o
                0x000000000000188c                RTC_CompareGet
 .text.RTC_CompareSet
                0x00000000000018a8       0x1c ./emlib/em_rtc.o
                0x00000000000018a8                RTC_CompareSet
 .text.RTC_Enable
                0x00000000000018c4       0x14 ./emlib/em_rtc.o
                0x00000000000018c4                RTC_Enable
 .text.RTC_FreezeEnable
                0x00000000000018d8       0x14 ./emlib/em_rtc.o
                0x00000000000018d8                RTC_FreezeEnable
 .text.RTC_Init
                0x00000000000018ec       0x20 ./emlib/em_rtc.o
                0x00000000000018ec                RTC_Init
 .text.RTC_CounterReset
                0x000000000000190c       0x10 ./emlib/em_rtc.o
                0x000000000000190c                RTC_CounterReset
 .text.USART_BaudrateSyncSet
                0x000000000000191c       0x30 ./emlib/em_usart.o
                0x000000000000191c                USART_BaudrateSyncSet
 .text.USART_Reset
                0x000000000000194c       0x3c ./emlib/em_usart.o
                0x000000000000194c                USART_Reset
 .text.USART_InitSync
                0x0000000000001988       0x5c ./emlib/em_usart.o
                0x0000000000001988                USART_InitSync
 .text.USART_Tx
                0x00000000000019e4        0xa ./emlib/em_usart.o
                0x00000000000019e4                USART_Tx
 .text.USART_TxDouble
                0x00000000000019ee        0xa ./emlib/em_usart.o
                0x00000000000019ee                USART_TxDouble
 .text.DMD_getDisplayGeometry
                0x00000000000019f8       0x1c ./Graphics/dmd_display.o
                0x00000000000019f8                DMD_getDisplayGeometry
 .text.DMD_setClippingArea
                0x0000000000001a14       0x40 ./Graphics/dmd_display.o
                0x0000000000001a14                DMD_setClippingArea
 .text.DMD_writeData
                0x0000000000001a54      0x178 ./Graphics/dmd_display.o
                0x0000000000001a54                DMD_writeData
 .text.DMD_writeColor
                0x0000000000001bcc      0x15c ./Graphics/dmd_display.o
                0x0000000000001bcc                DMD_writeColor
 .text.DMD_sleep
                0x0000000000001d28       0x10 ./Graphics/dmd_display.o
                0x0000000000001d28                DMD_sleep
 .text.DMD_wakeUp
                0x0000000000001d38       0x10 ./Graphics/dmd_display.o
                0x0000000000001d38                DMD_wakeUp
 .text.DMD_allocateFramebuffer
                0x0000000000001d48       0x38 ./Graphics/dmd_display.o
                0x0000000000001d48                DMD_allocateFramebuffer
 .text.DMD_init
                0x0000000000001d80       0x78 ./Graphics/dmd_display.o
                0x0000000000001d80                DMD_init
 .text.DMD_updateDisplay
                0x0000000000001df8       0xa0 ./Graphics/dmd_display.o
                0x0000000000001df8                DMD_updateDisplay
 .text.GLIB_displayWakeUp
                0x0000000000001e98        0x8 ./Graphics/glib.o
                0x0000000000001e98                GLIB_displayWakeUp
 .text.GLIB_displaySleep
                0x0000000000001ea0        0x8 ./Graphics/glib.o
                0x0000000000001ea0                GLIB_displaySleep
 .text.GLIB_setClippingRegion
                0x0000000000001ea8       0x6c ./Graphics/glib.o
                0x0000000000001ea8                GLIB_setClippingRegion
 .text.GLIB_contextInit
                0x0000000000001f14       0x54 ./Graphics/glib.o
                0x0000000000001f14                GLIB_contextInit
 .text.GLIB_resetDisplayClippingArea
                0x0000000000001f68       0x1a ./Graphics/glib.o
                0x0000000000001f68                GLIB_resetDisplayClippingArea
 .text.GLIB_clear
                0x0000000000001f82       0x36 ./Graphics/glib.o
                0x0000000000001f82                GLIB_clear
 .text.GLIB_colorTranslate24bpp
                0x0000000000001fb8        0xe ./Graphics/glib.o
                0x0000000000001fb8                GLIB_colorTranslate24bpp
 .text.GLIB_drawPixel
                0x0000000000001fc6       0x38 ./Graphics/glib.o
                0x0000000000001fc6                GLIB_drawPixel
 .text.GLIB_drawPixelColor
                0x0000000000001ffe       0x36 ./Graphics/glib.o
                0x0000000000001ffe                GLIB_drawPixelColor
 .text.GLIB_getClipCode
                0x0000000000002034       0x30 ./Graphics/glib_line.o
 .text.GLIB_drawLineH
                0x0000000000002064       0x78 ./Graphics/glib_line.o
                0x0000000000002064                GLIB_drawLineH
 .text.GLIB_drawLineV
                0x00000000000020dc       0xa6 ./Graphics/glib_line.o
                0x00000000000020dc                GLIB_drawLineV
 .text.GLIB_drawLine
                0x0000000000002182      0x18a ./Graphics/glib_line.o
                0x0000000000002182                GLIB_drawLine
 .text.GLIB_rectContainsPoint
                0x000000000000230c       0x2a ./Graphics/glib_rectangle.o
                0x000000000000230c                GLIB_rectContainsPoint
 .text.GLIB_drawChar
                0x0000000000002336      0x128 ./Graphics/glib_string.o
                0x0000000000002336                GLIB_drawChar
 .text.GLIB_drawString
                0x000000000000245e       0x82 ./Graphics/glib_string.o
                0x000000000000245e                GLIB_drawString
 .text.GLIB_setFont
                0x00000000000024e0       0x20 ./Graphics/glib_string.o
                0x00000000000024e0                GLIB_setFont
 .text.DISPLAY_Init
                0x0000000000002500       0x2c ./Drivers/display.o
                0x0000000000002500                DISPLAY_Init
 .text.DISPLAY_DeviceGet
                0x000000000000252c       0x3c ./Drivers/display.o
                0x000000000000252c                DISPLAY_DeviceGet
 .text.DISPLAY_DeviceRegister
                0x0000000000002568       0x44 ./Drivers/display.o
                0x0000000000002568                DISPLAY_DeviceRegister
 .text.PixelMatrixAllocate
                0x00000000000025ac       0x3c ./Drivers/displayls013b7dh03.o
 .text.PixelMatrixFree
                0x00000000000025e8        0x8 ./Drivers/displayls013b7dh03.o
 .text.DriverRefresh
                0x00000000000025f0        0xe ./Drivers/displayls013b7dh03.o
 .text.PixelMatrixClear
                0x00000000000025fe       0x20 ./Drivers/displayls013b7dh03.o
 .text.PixelMatrixDraw
                0x000000000000261e       0x76 ./Drivers/displayls013b7dh03.o
 .text.DisplayPolarityInverse
                0x0000000000002694        0xe ./Drivers/displayls013b7dh03.o
 .text.DisplayEnable.part.0
                0x00000000000026a2       0x14 ./Drivers/displayls013b7dh03.o
 .text.DisplayEnable
                0x00000000000026b6       0x20 ./Drivers/displayls013b7dh03.o
 *fill*         0x00000000000026d6        0x2 
 .text.DISPLAY_Ls013b7dh03Init
                0x00000000000026d8       0xfc ./Drivers/displayls013b7dh03.o
                0x00000000000026d8                DISPLAY_Ls013b7dh03Init
 .text.PAL_SpiInit
                0x00000000000027d4       0x44 ./Drivers/displaypalemlib.o
                0x00000000000027d4                PAL_SpiInit
 .text.PAL_SpiTransmit
                0x0000000000002818       0x40 ./Drivers/displaypalemlib.o
                0x0000000000002818                PAL_SpiTransmit
 .text.PAL_TimerInit
                0x0000000000002858        0xa ./Drivers/displaypalemlib.o
                0x0000000000002858                PAL_TimerInit
 .text.PAL_TimerMicroSecondsDelay
                0x0000000000002862        0xa ./Drivers/displaypalemlib.o
                0x0000000000002862                PAL_TimerMicroSecondsDelay
 .text.PAL_TimerRepeat
                0x000000000000286c       0x14 ./Drivers/displaypalemlib.o
                0x000000000000286c                PAL_TimerRepeat
 .text.PAL_GpioInit
                0x0000000000002880       0x14 ./Drivers/displaypalemlib.o
                0x0000000000002880                PAL_GpioInit
 .text.PAL_GpioPinModeSet
                0x0000000000002894       0x1c ./Drivers/displaypalemlib.o
                0x0000000000002894                PAL_GpioPinModeSet
 .text.PAL_GpioPinOutSet
                0x00000000000028b0       0x1c ./Drivers/displaypalemlib.o
                0x00000000000028b0                PAL_GpioPinOutSet
 .text.PAL_GpioPinOutClear
                0x00000000000028cc       0x1c ./Drivers/displaypalemlib.o
                0x00000000000028cc                PAL_GpioPinOutClear
 .text.PAL_GpioPinOutToggle
                0x00000000000028e8       0x1c ./Drivers/displaypalemlib.o
                0x00000000000028e8                PAL_GpioPinOutToggle
 .text.I2CSPM_Init
                0x0000000000002904       0x90 ./Drivers/i2cspm.o
                0x0000000000002904                I2CSPM_Init
 .text.I2CSPM_Transfer
                0x0000000000002994       0x24 ./Drivers/i2cspm.o
                0x0000000000002994                I2CSPM_Transfer
 .text.INT_Disable
                0x00000000000029b8       0x18 ./Drivers/rtcdriver.o
 .text.INT_Enable
                0x00000000000029d0       0x1c ./Drivers/rtcdriver.o
 .text.checkAllTimers
                0x00000000000029ec       0xa0 ./Drivers/rtcdriver.o
 .text.executeTimerCallbacks
                0x0000000000002a8c       0x28 ./Drivers/rtcdriver.o
 .text.delayTicks.part.0
                0x0000000000002ab4       0x20 ./Drivers/rtcdriver.o
 .text.rescheduleRtc
                0x0000000000002ad4       0x90 ./Drivers/rtcdriver.o
 .text.RTCDRV_AllocateTimer
                0x0000000000002b64       0x44 ./Drivers/rtcdriver.o
                0x0000000000002b64                RTCDRV_AllocateTimer
 .text.RTCDRV_Delay
                0x0000000000002ba8       0x68 ./Drivers/rtcdriver.o
                0x0000000000002ba8                RTCDRV_Delay
 .text.RTCDRV_Init
                0x0000000000002c10       0x98 ./Drivers/rtcdriver.o
                0x0000000000002c10                RTCDRV_Init
 .text.RTCDRV_StartTimer
                0x0000000000002ca8      0x1d8 ./Drivers/rtcdriver.o
                0x0000000000002ca8                RTCDRV_StartTimer
 .text.RTC_IRQHandler
                0x0000000000002e80       0x78 ./Drivers/rtcdriver.o
                0x0000000000002e80                RTC_IRQHandler
 .text.Si1147_Read_Register
                0x0000000000002ef8       0x30 ./Drivers/si1147_i2c.o
                0x0000000000002ef8                Si1147_Read_Register
 .text.Si1147_Write_Register
                0x0000000000002f28       0x2a ./Drivers/si1147_i2c.o
                0x0000000000002f28                Si1147_Write_Register
 .text.Si1147_Write_Block_Register
                0x0000000000002f52       0x3c ./Drivers/si1147_i2c.o
                0x0000000000002f52                Si1147_Write_Block_Register
 .text.Si1147_Read_Block_Register
                0x0000000000002f8e       0x28 ./Drivers/si1147_i2c.o
                0x0000000000002f8e                Si1147_Read_Block_Register
 .text.Si114xWriteToRegister
                0x0000000000002fb6       0x16 ./Drivers/si1147_i2c.o
                0x0000000000002fb6                Si114xWriteToRegister
 .text.Si114xReadFromRegister
                0x0000000000002fcc       0x18 ./Drivers/si1147_i2c.o
                0x0000000000002fcc                Si114xReadFromRegister
 .text.Si114xBlockWrite
                0x0000000000002fe4       0x1a ./Drivers/si1147_i2c.o
                0x0000000000002fe4                Si114xBlockWrite
 .text.Si114xBlockRead
                0x0000000000002ffe       0x1a ./Drivers/si1147_i2c.o
                0x0000000000002ffe                Si114xBlockRead
 .text.delay_10ms
                0x0000000000003018        0xa ./Drivers/si1147_i2c.o
                0x0000000000003018                delay_10ms
 .text.delay_1ms
                0x0000000000003022        0xa ./Drivers/si1147_i2c.o
                0x0000000000003022                delay_1ms
 .text.Si1147_Detect_Device
                0x000000000000302c       0x20 ./Drivers/si114x_algorithm.o
                0x000000000000302c                Si1147_Detect_Device
 .text.Si1147_GetInterruptOutputEnable
                0x000000000000304c       0x1c ./Drivers/si114x_algorithm.o
                0x000000000000304c                Si1147_GetInterruptOutputEnable
 .text.Si1147_MeasureUVAndObjectPresent
                0x0000000000003068       0x94 ./Drivers/si114x_algorithm.o
                0x0000000000003068                Si1147_MeasureUVAndObjectPresent
 .text.Si1147_ConfigureDetection
                0x00000000000030fc       0xe8 ./Drivers/si114x_algorithm.o
                0x00000000000030fc                Si1147_ConfigureDetection
 .text.collect  0x00000000000031e4       0x4c ./Drivers/si114x_functions.o
 .text.shift_left
                0x0000000000003230       0x14 ./Drivers/si114x_functions.o
 .text.find_cal_index
                0x0000000000003244       0x38 ./Drivers/si114x_functions.o
 .text._waitUntilSleep
                0x000000000000327c       0x32 ./Drivers/si114x_functions.o
 .text._sendCmd
                0x00000000000032ae       0x8c ./Drivers/si114x_functions.o
 .text.align    0x000000000000333a       0x3e ./Drivers/si114x_functions.o
 .text.fx20_round
                0x0000000000003378       0x40 ./Drivers/si114x_functions.o
 .text.fx20_divide
                0x00000000000033b8       0x5a ./Drivers/si114x_functions.o
 .text.fx20_multiply.part.1
                0x0000000000003412       0x3c ./Drivers/si114x_functions.o
 .text.Si114xNop
                0x000000000000344e        0xa ./Drivers/si114x_functions.o
                0x000000000000344e                Si114xNop
 .text.Si114xPsAlsForce
                0x0000000000003458        0xa ./Drivers/si114x_functions.o
                0x0000000000003458                Si114xPsAlsForce
 .text.Si114xPsAlsAuto
                0x0000000000003462        0xa ./Drivers/si114x_functions.o
                0x0000000000003462                Si114xPsAlsAuto
 .text.Si114xParamSet
                0x000000000000346c       0x5e ./Drivers/si114x_functions.o
                0x000000000000346c                Si114xParamSet
 .text.Si114xPauseAll
                0x00000000000034ca       0x84 ./Drivers/si114x_functions.o
                0x00000000000034ca                Si114xPauseAll
 .text.Si114xReset
                0x000000000000354e       0x98 ./Drivers/si114x_functions.o
                0x000000000000354e                Si114xReset
 *fill*         0x00000000000035e6        0x2 
 .text.si114x_get_calibration
                0x00000000000035e8      0x214 ./Drivers/si114x_functions.o
                0x00000000000035e8                si114x_get_calibration
 .text.si114x_set_ucoef
                0x00000000000037fc       0xa4 ./Drivers/si114x_functions.o
                0x00000000000037fc                si114x_set_ucoef
 .text.Si7013_Measure
                0x00000000000038a0       0x44 ./Drivers/si7013.o
 .text.Si7013_MeasureRHAndTemp
                0x00000000000038e4       0x5c ./Drivers/si7013.o
                0x00000000000038e4                Si7013_MeasureRHAndTemp
 .text.Si7013_Detect
                0x0000000000003940       0x44 ./Drivers/si7013.o
                0x0000000000003940                Si7013_Detect
 .text.UDELAY_Calibrate
                0x0000000000003984      0x1c0 ./Drivers/udelay.o
                0x0000000000003984                UDELAY_Calibrate
 .text.UDELAY_Delay
                0x0000000000003b44       0x28 ./Drivers/udelay.o
                0x0000000000003b44                UDELAY_Delay
 .text          0x0000000000003b6c       0x30 ./CMSIS/efm32zg/startup_efm32zg.o
                0x0000000000003b6c                Reset_Handler
                0x0000000000003b98                HardFault_Handler
                0x0000000000003b98                SysTick_Handler
                0x0000000000003b98                USART1_RX_IRQHandler
                0x0000000000003b98                PendSV_Handler
                0x0000000000003b98                NMI_Handler
                0x0000000000003b98                USART1_TX_IRQHandler
                0x0000000000003b98                MSC_IRQHandler
                0x0000000000003b98                LEUART0_IRQHandler
                0x0000000000003b98                TIMER0_IRQHandler
                0x0000000000003b98                TIMER1_IRQHandler
                0x0000000000003b98                Default_Handler
                0x0000000000003b98                PCNT0_IRQHandler
                0x0000000000003b98                ACMP0_IRQHandler
                0x0000000000003b98                SVC_Handler
                0x0000000000003b98                CMU_IRQHandler
                0x0000000000003b98                AES_IRQHandler
                0x0000000000003b98                VCMP_IRQHandler
                0x0000000000003b98                I2C0_IRQHandler
                0x0000000000003b98                DMA_IRQHandler
 .text.SystemHFClockGet
                0x0000000000003b9c       0x98 ./CMSIS/efm32zg/system_efm32zg.o
                0x0000000000003b9c                SystemHFClockGet
 .text.SystemCoreClockGet
                0x0000000000003c34       0x20 ./CMSIS/efm32zg/system_efm32zg.o
                0x0000000000003c34                SystemCoreClockGet
 .text.SystemInit
                0x0000000000003c54        0x2 ./CMSIS/efm32zg/system_efm32zg.o
                0x0000000000003c54                SystemInit
 .text.SystemLFRCOClockGet
                0x0000000000003c56        0x6 ./CMSIS/efm32zg/system_efm32zg.o
                0x0000000000003c56                SystemLFRCOClockGet
 .text.SystemULFRCOClockGet
                0x0000000000003c5c        0x6 ./CMSIS/efm32zg/system_efm32zg.o
                0x0000000000003c5c                SystemULFRCOClockGet
 *fill*         0x0000000000003c62        0x2 
 .text.SystemLFXOClockGet
                0x0000000000003c64        0xc ./CMSIS/efm32zg/system_efm32zg.o
                0x0000000000003c64                SystemLFXOClockGet
 .text          0x0000000000003c70       0x14 /Applications/SimplicityStudio_v3/developer/toolchains/gnu_arm/4.8_2013q4/bin/../lib/gcc/arm-none-eabi/4.8.3/armv6-m/libgcc.a(_thumb1_case_uqi.o)
                0x0000000000003c70                __gnu_thumb1_case_uqi
 .text          0x0000000000003c84       0x9c /Applications/SimplicityStudio_v3/developer/toolchains/gnu_arm/4.8_2013q4/bin/../lib/gcc/arm-none-eabi/4.8.3/armv6-m/libgcc.a(_udivsi3.o)
                0x0000000000003c84                __udivsi3
                0x0000000000003c84                __aeabi_uidiv
                0x0000000000003d0c                __aeabi_uidivmod
 .text          0x0000000000003d20       0xc0 /Applications/SimplicityStudio_v3/developer/toolchains/gnu_arm/4.8_2013q4/bin/../lib/gcc/arm-none-eabi/4.8.3/armv6-m/libgcc.a(_divsi3.o)
                0x0000000000003d20                __aeabi_idiv
                0x0000000000003d20                __divsi3
                0x0000000000003dcc                __aeabi_idivmod
 .text          0x0000000000003de0        0x4 /Applications/SimplicityStudio_v3/developer/toolchains/gnu_arm/4.8_2013q4/bin/../lib/gcc/arm-none-eabi/4.8.3/armv6-m/libgcc.a(_dvmd_tls.o)
                0x0000000000003de0                __aeabi_ldiv0
                0x0000000000003de0                __aeabi_idiv0
 .text          0x0000000000003de4       0x40 /Applications/SimplicityStudio_v3/developer/toolchains/gnu_arm/4.8_2013q4/bin/../lib/gcc/arm-none-eabi/4.8.3/armv6-m/libgcc.a(_aeabi_uldivmod.o)
                0x0000000000003de4                __aeabi_uldivmod
 .text          0x0000000000003e24       0x44 /Applications/SimplicityStudio_v3/developer/toolchains/gnu_arm/4.8_2013q4/bin/../lib/gcc/arm-none-eabi/4.8.3/armv6-m/libgcc.a(_muldi3.o)
                0x0000000000003e24                __aeabi_lmul
                0x0000000000003e24                __muldi3
 .text          0x0000000000003e68       0x6c /Applications/SimplicityStudio_v3/developer/toolchains/gnu_arm/4.8_2013q4/bin/../lib/gcc/arm-none-eabi/4.8.3/armv6-m/libgcc.a(bpabi.o)
                0x0000000000003e68                __gnu_ldivmod_helper
                0x0000000000003ea0                __gnu_uldivmod_helper
 .text          0x0000000000003ed4      0x3b0 /Applications/SimplicityStudio_v3/developer/toolchains/gnu_arm/4.8_2013q4/bin/../lib/gcc/arm-none-eabi/4.8.3/armv6-m/libgcc.a(_divdi3.o)
                0x0000000000003ed4                __divdi3
 .text          0x0000000000004284      0x380 /Applications/SimplicityStudio_v3/developer/toolchains/gnu_arm/4.8_2013q4/bin/../lib/gcc/arm-none-eabi/4.8.3/armv6-m/libgcc.a(_udivdi3.o)
                0x0000000000004284                __udivdi3
 .text          0x0000000000004604       0x3c /Applications/SimplicityStudio_v3/developer/toolchains/gnu_arm/4.8_2013q4/bin/../lib/gcc/arm-none-eabi/4.8.3/armv6-m/libgcc.a(_clzsi2.o)
                0x0000000000004604                __clzsi2
 .text.exit     0x0000000000004640       0x2c /Applications/SimplicityStudio_v3/developer/toolchains/gnu_arm/4.8_2013q4/bin/../lib/gcc/arm-none-eabi/4.8.3/../../../../arm-none-eabi/lib/armv6-m/libc_s.a(lib_a-exit.o)
                0x0000000000004640                exit
 .text.__libc_init_array
                0x000000000000466c       0x4c /Applications/SimplicityStudio_v3/developer/toolchains/gnu_arm/4.8_2013q4/bin/../lib/gcc/arm-none-eabi/4.8.3/../../../../arm-none-eabi/lib/armv6-m/libc_s.a(lib_a-init.o)
                0x000000000000466c                __libc_init_array
 .text.memcpy   0x00000000000046b8       0x12 /Applications/SimplicityStudio_v3/developer/toolchains/gnu_arm/4.8_2013q4/bin/../lib/gcc/arm-none-eabi/4.8.3/../../../../arm-none-eabi/lib/armv6-m/libc_s.a(lib_a-memcpy-stub.o)
                0x00000000000046b8                memcpy
 .text.memset   0x00000000000046ca       0x10 /Applications/SimplicityStudio_v3/developer/toolchains/gnu_arm/4.8_2013q4/bin/../lib/gcc/arm-none-eabi/4.8.3/../../../../arm-none-eabi/lib/armv6-m/libc_s.a(lib_a-memset.o)
                0x00000000000046ca                memset
 *fill*         0x00000000000046da        0x2 
 .text.sprintf  0x00000000000046dc       0x44 /Applications/SimplicityStudio_v3/developer/toolchains/gnu_arm/4.8_2013q4/bin/../lib/gcc/arm-none-eabi/4.8.3/../../../../arm-none-eabi/lib/armv6-m/libc_s.a(lib_a-sprintf.o)
                0x00000000000046dc                sprintf
                0x00000000000046dc                siprintf
 .text.strcpy   0x0000000000004720       0x10 /Applications/SimplicityStudio_v3/developer/toolchains/gnu_arm/4.8_2013q4/bin/../lib/gcc/arm-none-eabi/4.8.3/../../../../arm-none-eabi/lib/armv6-m/libc_s.a(lib_a-strcpy.o)
                0x0000000000004720                strcpy
 .text.strlen   0x0000000000004730        0xe /Applications/SimplicityStudio_v3/developer/toolchains/gnu_arm/4.8_2013q4/bin/../lib/gcc/arm-none-eabi/4.8.3/../../../../arm-none-eabi/lib/armv6-m/libc_s.a(lib_a-strlen.o)
                0x0000000000004730                strlen
 *fill*         0x000000000000473e        0x2 
 .text.__ssputs_r
                0x0000000000004740       0xc0 /Applications/SimplicityStudio_v3/developer/toolchains/gnu_arm/4.8_2013q4/bin/../lib/gcc/arm-none-eabi/4.8.3/../../../../arm-none-eabi/lib/armv6-m/libc_s.a(lib_a-svfprintf.o)
                0x0000000000004740                __ssputs_r
 .text._svfprintf_r
                0x0000000000004800      0x1e0 /Applications/SimplicityStudio_v3/developer/toolchains/gnu_arm/4.8_2013q4/bin/../lib/gcc/arm-none-eabi/4.8.3/../../../../arm-none-eabi/lib/armv6-m/libc_s.a(lib_a-svfprintf.o)
                0x0000000000004800                _svfprintf_r
                0x0000000000004800                _svfiprintf_r
 .text._printf_common
                0x00000000000049e0       0xe8 /Applications/SimplicityStudio_v3/developer/toolchains/gnu_arm/4.8_2013q4/bin/../lib/gcc/arm-none-eabi/4.8.3/../../../../arm-none-eabi/lib/armv6-m/libc_s.a(lib_a-vfprintf_i.o)
                0x00000000000049e0                _printf_common
 .text._printf_i
                0x0000000000004ac8      0x22c /Applications/SimplicityStudio_v3/developer/toolchains/gnu_arm/4.8_2013q4/bin/../lib/gcc/arm-none-eabi/4.8.3/../../../../arm-none-eabi/lib/armv6-m/libc_s.a(lib_a-vfprintf_i.o)
                0x0000000000004ac8                _printf_i
 .text.memchr   0x0000000000004cf4       0x16 /Applications/SimplicityStudio_v3/developer/toolchains/gnu_arm/4.8_2013q4/bin/../lib/gcc/arm-none-eabi/4.8.3/../../../../arm-none-eabi/lib/armv6-m/libc_s.a(lib_a-memchr-stub.o)
                0x0000000000004cf4                memchr
 .text.memmove  0x0000000000004d0a       0x32 /Applications/SimplicityStudio_v3/developer/toolchains/gnu_arm/4.8_2013q4/bin/../lib/gcc/arm-none-eabi/4.8.3/../../../../arm-none-eabi/lib/armv6-m/libc_s.a(lib_a-memmove.o)
                0x0000000000004d0a                memmove
 .text._free_r  0x0000000000004d3c       0x90 /Applications/SimplicityStudio_v3/developer/toolchains/gnu_arm/4.8_2013q4/bin/../lib/gcc/arm-none-eabi/4.8.3/../../../../arm-none-eabi/lib/armv6-m/libc_s.a(lib_a-nano-freer.o)
                0x0000000000004d3c                _free_r
 .text._malloc_r
                0x0000000000004dcc       0xa8 /Applications/SimplicityStudio_v3/developer/toolchains/gnu_arm/4.8_2013q4/bin/../lib/gcc/arm-none-eabi/4.8.3/../../../../arm-none-eabi/lib/armv6-m/libc_s.a(lib_a-nano-mallocr.o)
                0x0000000000004dcc                _malloc_r
 .text._realloc_r
                0x0000000000004e74       0x4c /Applications/SimplicityStudio_v3/developer/toolchains/gnu_arm/4.8_2013q4/bin/../lib/gcc/arm-none-eabi/4.8.3/../../../../arm-none-eabi/lib/armv6-m/libc_s.a(lib_a-nano-reallocr.o)
                0x0000000000004e74                _realloc_r
 .text._sbrk_r  0x0000000000004ec0       0x24 /Applications/SimplicityStudio_v3/developer/toolchains/gnu_arm/4.8_2013q4/bin/../lib/gcc/arm-none-eabi/4.8.3/../../../../arm-none-eabi/lib/armv6-m/libc_s.a(lib_a-sbrkr.o)
                0x0000000000004ec0                _sbrk_r
 .text._malloc_usable_size_r
                0x0000000000004ee4       0x12 /Applications/SimplicityStudio_v3/developer/toolchains/gnu_arm/4.8_2013q4/bin/../lib/gcc/arm-none-eabi/4.8.3/../../../../arm-none-eabi/lib/armv6-m/libc_s.a(lib_a-nano-msizer.o)
                0x0000000000004ee4                _malloc_usable_size_r
 *fill*         0x0000000000004ef6        0x2 
 .text._sbrk    0x0000000000004ef8       0x34 /Applications/SimplicityStudio_v3/developer/toolchains/gnu_arm/4.8_2013q4/bin/../lib/gcc/arm-none-eabi/4.8.3/../../../../arm-none-eabi/lib/armv6-m/libnosys.a(sbrk.o)
                0x0000000000004ef8                _sbrk
 .text._exit    0x0000000000004f2c        0x4 /Applications/SimplicityStudio_v3/developer/toolchains/gnu_arm/4.8_2013q4/bin/../lib/gcc/arm-none-eabi/4.8.3/../../../../arm-none-eabi/lib/armv6-m/libnosys.a(_exit.o)
                0x0000000000004f2c                _exit
 *(.init)
 .init          0x0000000000004f30        0x4 /Applications/SimplicityStudio_v3/developer/toolchains/gnu_arm/4.8_2013q4/bin/../lib/gcc/arm-none-eabi/4.8.3/armv6-m/crti.o
                0x0000000000004f30                _init
 .init          0x0000000000004f34        0x8 /Applications/SimplicityStudio_v3/developer/toolchains/gnu_arm/4.8_2013q4/bin/../lib/gcc/arm-none-eabi/4.8.3/armv6-m/crtn.o
 *(.fini)
 .fini          0x0000000000004f3c        0x4 /Applications/SimplicityStudio_v3/developer/toolchains/gnu_arm/4.8_2013q4/bin/../lib/gcc/arm-none-eabi/4.8.3/armv6-m/crti.o
                0x0000000000004f3c                _fini
 .fini          0x0000000000004f40        0x8 /Applications/SimplicityStudio_v3/developer/toolchains/gnu_arm/4.8_2013q4/bin/../lib/gcc/arm-none-eabi/4.8.3/armv6-m/crtn.o
 *crtbegin.o(.ctors)
 *crtbegin?.o(.ctors)
 *(EXCLUDE_FILE(*crtend.o *crtend?.o) .ctors)
 *(SORT(.ctors.*))
 *(.ctors)
 *crtbegin.o(.dtors)
 *crtbegin?.o(.dtors)
 *(EXCLUDE_FILE(*crtend.o *crtend?.o) .dtors)
 *(SORT(.dtors.*))
 *(.dtors)
 *(.rodata*)
 .rodata.str1.1
                0x0000000000004f48       0x57 ./src/graphics.o
                                         0x5a (size before relaxing)
 .rodata.pooBitmap
                0x0000000000004f9f      0x800 ./src/graphics.o
                0x0000000000004f9f                pooBitmap
 *fill*         0x000000000000579f        0x1 
 .rodata        0x00000000000057a0       0x18 ./src/weatherstation.o
 .rodata.i2cNSum
                0x00000000000057b8        0x4 ./emlib/em_i2c.o
 .rodata.GLIB_FontNormal8x8
                0x00000000000057bc       0x10 ./Graphics/glib_font_normal_8x8.o
                0x00000000000057bc                GLIB_FontNormal8x8
 .rodata.GLIB_FontNormal8x8PixMap
                0x00000000000057cc      0x320 ./Graphics/glib_font_normal_8x8.o
 .rodata.str1.1
                0x0000000000005aec       0x15 ./Drivers/displayls013b7dh03.o
 *fill*         0x0000000000005b01        0x3 
 .rodata        0x0000000000005b04       0x18 ./Drivers/displaypalemlib.o
 .rodata.initRTC
                0x0000000000005b1c        0x3 ./Drivers/rtcdriver.o
 .rodata        0x0000000000005b1f        0x3 ./Drivers/udelay.o
 .rodata.str1.1
                0x0000000000000000       0x15 /Applications/SimplicityStudio_v3/developer/toolchains/gnu_arm/4.8_2013q4/bin/../lib/gcc/arm-none-eabi/4.8.3/../../../../arm-none-eabi/lib/armv6-m/libc_s.a(lib_a-impure.o)
                                          0x2 (size before relaxing)
 *fill*         0x0000000000005b22        0x2 
 .rodata._global_impure_ptr
                0x0000000000005b24        0x4 /Applications/SimplicityStudio_v3/developer/toolchains/gnu_arm/4.8_2013q4/bin/../lib/gcc/arm-none-eabi/4.8.3/../../../../arm-none-eabi/lib/armv6-m/libc_s.a(lib_a-impure.o)
                0x0000000000005b24                _global_impure_ptr
 .rodata.str1.1
                0x0000000000005b28       0x11 /Applications/SimplicityStudio_v3/developer/toolchains/gnu_arm/4.8_2013q4/bin/../lib/gcc/arm-none-eabi/4.8.3/../../../../arm-none-eabi/lib/armv6-m/libc_s.a(lib_a-svfprintf.o)
 .rodata.str1.1
                0x0000000000005b39       0x22 /Applications/SimplicityStudio_v3/developer/toolchains/gnu_arm/4.8_2013q4/bin/../lib/gcc/arm-none-eabi/4.8.3/../../../../arm-none-eabi/lib/armv6-m/libc_s.a(lib_a-vfprintf_i.o)
 *(.eh_frame*)
 *fill*         0x0000000000005b5b        0x1 
 .eh_frame      0x0000000000005b5c        0x0 /Applications/SimplicityStudio_v3/developer/toolchains/gnu_arm/4.8_2013q4/bin/../lib/gcc/arm-none-eabi/4.8.3/armv6-m/crtbegin.o
 .eh_frame      0x0000000000005b5c        0x4 /Applications/SimplicityStudio_v3/developer/toolchains/gnu_arm/4.8_2013q4/bin/../lib/gcc/arm-none-eabi/4.8.3/armv6-m/crtend.o

.glue_7         0x0000000000005b60        0x0
 .glue_7        0x0000000000000000        0x0 linker stubs

.glue_7t        0x0000000000005b60        0x0
 .glue_7t       0x0000000000000000        0x0 linker stubs

.vfp11_veneer   0x0000000000005b60        0x0
 .vfp11_veneer  0x0000000000000000        0x0 linker stubs

.v4_bx          0x0000000000005b60        0x0
 .v4_bx         0x0000000000000000        0x0 linker stubs

.iplt           0x0000000000005b60        0x0
 .iplt          0x0000000000000000        0x0 /Applications/SimplicityStudio_v3/developer/toolchains/gnu_arm/4.8_2013q4/bin/../lib/gcc/arm-none-eabi/4.8.3/armv6-m/crtbegin.o

.ARM.extab
 *(.ARM.extab* .gnu.linkonce.armextab.*)
                0x0000000000005b60                __exidx_start = .

.ARM.exidx      0x0000000000005b60        0x8
 *(.ARM.exidx* .gnu.linkonce.armexidx.*)
 .ARM.exidx     0x0000000000005b60        0x8 /Applications/SimplicityStudio_v3/developer/toolchains/gnu_arm/4.8_2013q4/bin/../lib/gcc/arm-none-eabi/4.8.3/../../../../arm-none-eabi/lib/armv6-m/crt0.o
 .ARM.exidx     0x0000000000005b68        0x0 /Applications/SimplicityStudio_v3/developer/toolchains/gnu_arm/4.8_2013q4/bin/../lib/gcc/arm-none-eabi/4.8.3/armv6-m/libgcc.a(_divdi3.o)
                                          0x8 (size before relaxing)
 .ARM.exidx     0x0000000000005b68        0x0 /Applications/SimplicityStudio_v3/developer/toolchains/gnu_arm/4.8_2013q4/bin/../lib/gcc/arm-none-eabi/4.8.3/armv6-m/libgcc.a(_udivdi3.o)
                                          0x8 (size before relaxing)
                0x0000000000005b68                __exidx_end = .
                0x0000000000005b68                __etext = .

.rel.dyn        0x0000000000005b68        0x0
 .rel.iplt      0x0000000000000000        0x0 /Applications/SimplicityStudio_v3/developer/toolchains/gnu_arm/4.8_2013q4/bin/../lib/gcc/arm-none-eabi/4.8.3/armv6-m/crtbegin.o

.data           0x0000000020000000       0xd0 load address 0x0000000000005b68
                0x0000000020000000                __data_start__ = .
 *(vtable)
 *(.data*)
 .data.displayState
                0x0000000020000000        0x4 ./src/weatherstation.o
 .data.updateDisplay
                0x0000000020000004        0x1 ./src/weatherstation.o
 .data.updateMeasurement
                0x0000000020000005        0x1 ./src/weatherstation.o
 *fill*         0x0000000020000006        0x2 
 .data.pDisplayDeviceDriverInitFunctions
                0x0000000020000008        0x8 ./Drivers/display.o
 .data.pixelMatrixPool
                0x0000000020000010        0x4 ./Drivers/displayls013b7dh03.o
 .data.calref   0x0000000020000014       0x40 ./Drivers/si114x_functions.o
                0x0000000020000014                calref
 .data.loops_per_jiffy
                0x0000000020000054        0x4 ./Drivers/udelay.o
                0x0000000020000054                loops_per_jiffy
 .data.SystemLFXOClock
                0x0000000020000058        0x4 ./CMSIS/efm32zg/system_efm32zg.o
 .data.SystemHFXOClock
                0x000000002000005c        0x4 ./CMSIS/efm32zg/system_efm32zg.o
 .data.impure_data
                0x0000000020000060       0x60 /Applications/SimplicityStudio_v3/developer/toolchains/gnu_arm/4.8_2013q4/bin/../lib/gcc/arm-none-eabi/4.8.3/../../../../arm-none-eabi/lib/armv6-m/libc_s.a(lib_a-impure.o)
 .data._impure_ptr
                0x00000000200000c0        0x4 /Applications/SimplicityStudio_v3/developer/toolchains/gnu_arm/4.8_2013q4/bin/../lib/gcc/arm-none-eabi/4.8.3/../../../../arm-none-eabi/lib/armv6-m/libc_s.a(lib_a-impure.o)
                0x00000000200000c0                _impure_ptr
                0x00000000200000c4                . = ALIGN (0x4)
 *(.ram)
                0x00000000200000c4                . = ALIGN (0x4)
                0x00000000200000c4                PROVIDE (__preinit_array_start, .)
 *(.preinit_array)
                0x00000000200000c4                PROVIDE (__preinit_array_end, .)
                0x00000000200000c4                . = ALIGN (0x4)
                0x00000000200000c4                PROVIDE (__init_array_start, .)
 *(SORT(.init_array.*))
 *(.init_array)
 .init_array    0x00000000200000c4        0x4 /Applications/SimplicityStudio_v3/developer/toolchains/gnu_arm/4.8_2013q4/bin/../lib/gcc/arm-none-eabi/4.8.3/armv6-m/crtbegin.o
                0x00000000200000c8                PROVIDE (__init_array_end, .)
                0x00000000200000c8                . = ALIGN (0x4)
                0x00000000200000c8                PROVIDE (__fini_array_start, .)
 *(SORT(.fini_array.*))
 *(.fini_array)
 .fini_array    0x00000000200000c8        0x4 /Applications/SimplicityStudio_v3/developer/toolchains/gnu_arm/4.8_2013q4/bin/../lib/gcc/arm-none-eabi/4.8.3/armv6-m/crtbegin.o
                0x00000000200000cc                PROVIDE (__fini_array_end, .)
 *(.jcr*)
 .jcr           0x00000000200000cc        0x0 /Applications/SimplicityStudio_v3/developer/toolchains/gnu_arm/4.8_2013q4/bin/../lib/gcc/arm-none-eabi/4.8.3/armv6-m/crtbegin.o
 .jcr           0x00000000200000cc        0x4 /Applications/SimplicityStudio_v3/developer/toolchains/gnu_arm/4.8_2013q4/bin/../lib/gcc/arm-none-eabi/4.8.3/armv6-m/crtend.o
                0x00000000200000d0                . = ALIGN (0x4)
                0x00000000200000d0                __data_end__ = .

.igot.plt       0x00000000200000d0        0x0 load address 0x0000000000005c38
 .igot.plt      0x0000000000000000        0x0 /Applications/SimplicityStudio_v3/developer/toolchains/gnu_arm/4.8_2013q4/bin/../lib/gcc/arm-none-eabi/4.8.3/armv6-m/crtbegin.o

.bss            0x00000000200000d0      0x9c4 load address 0x0000000000005c38
                0x00000000200000d0                . = ALIGN (0x4)
                0x00000000200000d0                __bss_start__ = .
 *(.bss*)
 .bss           0x00000000200000d0       0x1c /Applications/SimplicityStudio_v3/developer/toolchains/gnu_arm/4.8_2013q4/bin/../lib/gcc/arm-none-eabi/4.8.3/armv6-m/crtbegin.o
 .bss.displayIsAwake
                0x00000000200000ec        0x4 ./src/graphics.o
 .bss.glibContext
                0x00000000200000f0       0x2c ./src/graphics.o
 .bss.rtcCallbackArg
                0x000000002000011c        0x4 ./src/weatherstation.o
 .bss.adcConversionComplete
                0x0000000020000120        0x1 ./src/weatherstation.o
 *fill*         0x0000000020000121        0x3 
 .bss.UPTIME_TICKS
                0x0000000020000124        0x4 ./src/weatherstation.o
 .bss.rtcCallback
                0x0000000020000128        0x4 ./src/weatherstation.o
 .bss.cmuStatus
                0x000000002000012c        0x4 ./emlib/em_emu.o
 .bss.i2cTransfer
                0x0000000020000130        0xc ./emlib/em_i2c.o
 .bss.INT_LockCnt
                0x000000002000013c        0x4 ./emlib/em_int.o
                0x000000002000013c                INT_LockCnt
 .bss.pixelMatrixBuffer
                0x0000000020000140        0x4 ./Graphics/dmd_display.o
 .bss.displayDevice
                0x0000000020000144       0x2c ./Graphics/dmd_display.o
 .bss.dimensions
                0x0000000020000170        0xc ./Graphics/dmd_display.o
 .bss.moduleInitialized
                0x000000002000017c        0x1 ./Graphics/dmd_display.o
 *fill*         0x000000002000017d        0x3 
 .bss.devicesRegistered
                0x0000000020000180        0x4 ./Drivers/display.o
 .bss.deviceTable
                0x0000000020000184       0x2c ./Drivers/display.o
 .bss.moduleInitialized
                0x00000000200001b0        0x1 ./Drivers/display.o
 .bss.pixelMatrixPoolBase
                0x00000000200001b1      0x800 ./Drivers/displayls013b7dh03.o
 .bss.rtcRunning
                0x00000000200009b1        0x1 ./Drivers/rtcdriver.o
 .bss.rtcdrvIsInitialized
                0x00000000200009b2        0x1 ./Drivers/rtcdriver.o
 .bss.inTimerIRQ
                0x00000000200009b3        0x1 ./Drivers/rtcdriver.o
 *fill*         0x00000000200009b4        0x4 
 .bss.timer     0x00000000200009b8       0xa0 ./Drivers/rtcdriver.o
 .bss.startTimerNestingLevel
                0x0000000020000a58        0x4 ./Drivers/rtcdriver.o
 .bss.lastStart
                0x0000000020000a5c        0x4 ./Drivers/rtcdriver.o
 .bss.si114x_i2c
                0x0000000020000a60        0x8 ./Drivers/si114x_algorithm.o
 .bss.__malloc_sbrk_start
                0x0000000020000a68        0x4 /Applications/SimplicityStudio_v3/developer/toolchains/gnu_arm/4.8_2013q4/bin/../lib/gcc/arm-none-eabi/4.8.3/../../../../arm-none-eabi/lib/armv6-m/libc_s.a(lib_a-nano-mallocr.o)
                0x0000000020000a68                __malloc_sbrk_start
 .bss.__malloc_free_list
                0x0000000020000a6c        0x4 /Applications/SimplicityStudio_v3/developer/toolchains/gnu_arm/4.8_2013q4/bin/../lib/gcc/arm-none-eabi/4.8.3/../../../../arm-none-eabi/lib/armv6-m/libc_s.a(lib_a-nano-mallocr.o)
                0x0000000020000a6c                __malloc_free_list
 .bss.heap_end.4237
                0x0000000020000a70        0x4 /Applications/SimplicityStudio_v3/developer/toolchains/gnu_arm/4.8_2013q4/bin/../lib/gcc/arm-none-eabi/4.8.3/../../../../arm-none-eabi/lib/armv6-m/libnosys.a(sbrk.o)
 *(COMMON)
 COMMON         0x0000000020000a74        0x8 ./src/weatherstation.o
                0x0000000020000a74                periodicUpdateTimerId
                0x0000000020000a78                screenTimeoutTimerId
 COMMON         0x0000000020000a7c       0x10 ./Graphics/dmd_display.o
                0x0000000020000a7c                dirtyRows
 COMMON         0x0000000020000a8c        0x4 ./CMSIS/efm32zg/system_efm32zg.o
                0x0000000020000a8c                SystemCoreClock
 COMMON         0x0000000020000a90        0x4 /Applications/SimplicityStudio_v3/developer/toolchains/gnu_arm/4.8_2013q4/bin/../lib/gcc/arm-none-eabi/4.8.3/../../../../arm-none-eabi/lib/armv6-m/libc_s.a(lib_a-reent.o)
                0x0000000020000a90                errno
                0x0000000020000a94                . = ALIGN (0x4)
                0x0000000020000a94                __bss_end__ = .

.heap           0x0000000020000a98        0x0
                0x0000000020000a98                __HeapBase = .
                0x0000000020000a98                __end__ = .
                0x0000000020000a98                end = __end__
                0x0000000020000a98                _end = __end__
 *(.heap*)
 .heap          0x0000000020000a98        0x0 ./CMSIS/efm32zg/startup_efm32zg.o
                0x0000000020000a98                __HeapLimit = .

.stack_dummy    0x0000000020000a98      0x400
 *(.stack*)
 .stack         0x0000000020000a98      0x400 ./CMSIS/efm32zg/startup_efm32zg.o
                0x0000000020001000                __StackTop = (ORIGIN (RAM) + 0x1000)
                0x0000000020000c00                __StackLimit = (__StackTop - SIZEOF (.stack_dummy))
                0x0000000020001000                PROVIDE (__stack, __StackTop)
                0x0000000000000001                ASSERT ((__StackLimit >= __HeapLimit), region RAM overflowed with stack)
                0x0000000000000001                ASSERT ((0x8000 >= (__etext + SIZEOF (.data))), FLASH memory overflowed !)
OUTPUT(sensor_log.axf elf32-littlearm)

.ARM.attributes
                0x0000000000000000       0x28
 .ARM.attributes
                0x0000000000000000       0x1e /Applications/SimplicityStudio_v3/developer/toolchains/gnu_arm/4.8_2013q4/bin/../lib/gcc/arm-none-eabi/4.8.3/armv6-m/crti.o
 .ARM.attributes
                0x000000000000001e       0x2c /Applications/SimplicityStudio_v3/developer/toolchains/gnu_arm/4.8_2013q4/bin/../lib/gcc/arm-none-eabi/4.8.3/armv6-m/crtbegin.o
 .ARM.attributes
                0x000000000000004a       0x1b /Applications/SimplicityStudio_v3/developer/toolchains/gnu_arm/4.8_2013q4/bin/../lib/gcc/arm-none-eabi/4.8.3/../../../../arm-none-eabi/lib/armv6-m/crt0.o
 .ARM.attributes
                0x0000000000000065       0x32 ./src/graphics.o
 .ARM.attributes
                0x0000000000000097       0x32 ./src/weatherstation.o
 .ARM.attributes
                0x00000000000000c9       0x32 ./emlib/em_adc.o
 .ARM.attributes
                0x00000000000000fb       0x32 ./emlib/em_cmu.o
 .ARM.attributes
                0x000000000000012d       0x32 ./emlib/em_emu.o
 .ARM.attributes
                0x000000000000015f       0x32 ./emlib/em_gpio.o
 .ARM.attributes
                0x0000000000000191       0x32 ./emlib/em_i2c.o
 .ARM.attributes
                0x00000000000001c3       0x32 ./emlib/em_int.o
 .ARM.attributes
                0x00000000000001f5       0x32 ./emlib/em_rtc.o
 .ARM.attributes
                0x0000000000000227       0x32 ./emlib/em_usart.o
 .ARM.attributes
                0x0000000000000259       0x32 ./Graphics/dmd_display.o
 .ARM.attributes
                0x000000000000028b       0x32 ./Graphics/glib.o
 .ARM.attributes
                0x00000000000002bd       0x32 ./Graphics/glib_font_normal_8x8.o
 .ARM.attributes
                0x00000000000002ef       0x32 ./Graphics/glib_line.o
 .ARM.attributes
                0x0000000000000321       0x32 ./Graphics/glib_rectangle.o
 .ARM.attributes
                0x0000000000000353       0x32 ./Graphics/glib_string.o
 .ARM.attributes
                0x0000000000000385       0x32 ./Drivers/display.o
 .ARM.attributes
                0x00000000000003b7       0x32 ./Drivers/displayls013b7dh03.o
 .ARM.attributes
                0x00000000000003e9       0x32 ./Drivers/displaypalemlib.o
 .ARM.attributes
                0x000000000000041b       0x32 ./Drivers/i2cspm.o
 .ARM.attributes
                0x000000000000044d       0x32 ./Drivers/rtcdriver.o
 .ARM.attributes
                0x000000000000047f       0x32 ./Drivers/si1147_i2c.o
 .ARM.attributes
                0x00000000000004b1       0x32 ./Drivers/si114x_algorithm.o
 .ARM.attributes
                0x00000000000004e3       0x32 ./Drivers/si114x_functions.o
 .ARM.attributes
                0x0000000000000515       0x32 ./Drivers/si7013.o
 .ARM.attributes
                0x0000000000000547       0x2b ./Drivers/udelay.o
 .ARM.attributes
                0x0000000000000572       0x1b ./CMSIS/efm32zg/startup_efm32zg.o
 .ARM.attributes
                0x000000000000058d       0x32 ./CMSIS/efm32zg/system_efm32zg.o
 .ARM.attributes
                0x00000000000005bf       0x1e /Applications/SimplicityStudio_v3/developer/toolchains/gnu_arm/4.8_2013q4/bin/../lib/gcc/arm-none-eabi/4.8.3/armv6-m/libgcc.a(_thumb1_case_uqi.o)
 .ARM.attributes
                0x00000000000005dd       0x1e /Applications/SimplicityStudio_v3/developer/toolchains/gnu_arm/4.8_2013q4/bin/../lib/gcc/arm-none-eabi/4.8.3/armv6-m/libgcc.a(_udivsi3.o)
 .ARM.attributes
                0x00000000000005fb       0x1e /Applications/SimplicityStudio_v3/developer/toolchains/gnu_arm/4.8_2013q4/bin/../lib/gcc/arm-none-eabi/4.8.3/armv6-m/libgcc.a(_divsi3.o)
 .ARM.attributes
                0x0000000000000619       0x1e /Applications/SimplicityStudio_v3/developer/toolchains/gnu_arm/4.8_2013q4/bin/../lib/gcc/arm-none-eabi/4.8.3/armv6-m/libgcc.a(_dvmd_tls.o)
 .ARM.attributes
                0x0000000000000637       0x1e /Applications/SimplicityStudio_v3/developer/toolchains/gnu_arm/4.8_2013q4/bin/../lib/gcc/arm-none-eabi/4.8.3/armv6-m/libgcc.a(_aeabi_uldivmod.o)
 .ARM.attributes
                0x0000000000000655       0x2c /Applications/SimplicityStudio_v3/developer/toolchains/gnu_arm/4.8_2013q4/bin/../lib/gcc/arm-none-eabi/4.8.3/armv6-m/libgcc.a(_muldi3.o)
 .ARM.attributes
                0x0000000000000681       0x2c /Applications/SimplicityStudio_v3/developer/toolchains/gnu_arm/4.8_2013q4/bin/../lib/gcc/arm-none-eabi/4.8.3/armv6-m/libgcc.a(bpabi.o)
 .ARM.attributes
                0x00000000000006ad       0x2c /Applications/SimplicityStudio_v3/developer/toolchains/gnu_arm/4.8_2013q4/bin/../lib/gcc/arm-none-eabi/4.8.3/armv6-m/libgcc.a(_divdi3.o)
 .ARM.attributes
                0x00000000000006d9       0x2c /Applications/SimplicityStudio_v3/developer/toolchains/gnu_arm/4.8_2013q4/bin/../lib/gcc/arm-none-eabi/4.8.3/armv6-m/libgcc.a(_udivdi3.o)
 .ARM.attributes
                0x0000000000000705       0x1e /Applications/SimplicityStudio_v3/developer/toolchains/gnu_arm/4.8_2013q4/bin/../lib/gcc/arm-none-eabi/4.8.3/armv6-m/libgcc.a(_clzsi2.o)
 .ARM.attributes
                0x0000000000000723       0x2c /Applications/SimplicityStudio_v3/developer/toolchains/gnu_arm/4.8_2013q4/bin/../lib/gcc/arm-none-eabi/4.8.3/../../../../arm-none-eabi/lib/armv6-m/libc_s.a(lib_a-exit.o)
 .ARM.attributes
                0x000000000000074f       0x2c /Applications/SimplicityStudio_v3/developer/toolchains/gnu_arm/4.8_2013q4/bin/../lib/gcc/arm-none-eabi/4.8.3/../../../../arm-none-eabi/lib/armv6-m/libc_s.a(lib_a-impure.o)
 .ARM.attributes
                0x000000000000077b       0x2c /Applications/SimplicityStudio_v3/developer/toolchains/gnu_arm/4.8_2013q4/bin/../lib/gcc/arm-none-eabi/4.8.3/../../../../arm-none-eabi/lib/armv6-m/libc_s.a(lib_a-init.o)
 .ARM.attributes
                0x00000000000007a7       0x2c /Applications/SimplicityStudio_v3/developer/toolchains/gnu_arm/4.8_2013q4/bin/../lib/gcc/arm-none-eabi/4.8.3/../../../../arm-none-eabi/lib/armv6-m/libc_s.a(lib_a-memcpy-stub.o)
 .ARM.attributes
                0x00000000000007d3       0x2c /Applications/SimplicityStudio_v3/developer/toolchains/gnu_arm/4.8_2013q4/bin/../lib/gcc/arm-none-eabi/4.8.3/../../../../arm-none-eabi/lib/armv6-m/libc_s.a(lib_a-memset.o)
 .ARM.attributes
                0x00000000000007ff       0x2c /Applications/SimplicityStudio_v3/developer/toolchains/gnu_arm/4.8_2013q4/bin/../lib/gcc/arm-none-eabi/4.8.3/../../../../arm-none-eabi/lib/armv6-m/libc_s.a(lib_a-sprintf.o)
 .ARM.attributes
                0x000000000000082b       0x2c /Applications/SimplicityStudio_v3/developer/toolchains/gnu_arm/4.8_2013q4/bin/../lib/gcc/arm-none-eabi/4.8.3/../../../../arm-none-eabi/lib/armv6-m/libc_s.a(lib_a-strcpy.o)
 .ARM.attributes
                0x0000000000000857       0x2c /Applications/SimplicityStudio_v3/developer/toolchains/gnu_arm/4.8_2013q4/bin/../lib/gcc/arm-none-eabi/4.8.3/../../../../arm-none-eabi/lib/armv6-m/libc_s.a(lib_a-strlen.o)
 .ARM.attributes
                0x0000000000000883       0x2c /Applications/SimplicityStudio_v3/developer/toolchains/gnu_arm/4.8_2013q4/bin/../lib/gcc/arm-none-eabi/4.8.3/../../../../arm-none-eabi/lib/armv6-m/libc_s.a(lib_a-svfprintf.o)
 .ARM.attributes
                0x00000000000008af       0x2c /Applications/SimplicityStudio_v3/developer/toolchains/gnu_arm/4.8_2013q4/bin/../lib/gcc/arm-none-eabi/4.8.3/../../../../arm-none-eabi/lib/armv6-m/libc_s.a(lib_a-vfprintf_i.o)
 .ARM.attributes
                0x00000000000008db       0x2c /Applications/SimplicityStudio_v3/developer/toolchains/gnu_arm/4.8_2013q4/bin/../lib/gcc/arm-none-eabi/4.8.3/../../../../arm-none-eabi/lib/armv6-m/libc_s.a(lib_a-memchr-stub.o)
 .ARM.attributes
                0x0000000000000907       0x2c /Applications/SimplicityStudio_v3/developer/toolchains/gnu_arm/4.8_2013q4/bin/../lib/gcc/arm-none-eabi/4.8.3/../../../../arm-none-eabi/lib/armv6-m/libc_s.a(lib_a-memmove.o)
 .ARM.attributes
                0x0000000000000933       0x2c /Applications/SimplicityStudio_v3/developer/toolchains/gnu_arm/4.8_2013q4/bin/../lib/gcc/arm-none-eabi/4.8.3/../../../../arm-none-eabi/lib/armv6-m/libc_s.a(lib_a-nano-freer.o)
 .ARM.attributes
                0x000000000000095f       0x2c /Applications/SimplicityStudio_v3/developer/toolchains/gnu_arm/4.8_2013q4/bin/../lib/gcc/arm-none-eabi/4.8.3/../../../../arm-none-eabi/lib/armv6-m/libc_s.a(lib_a-nano-mallocr.o)
 .ARM.attributes
                0x000000000000098b       0x2c /Applications/SimplicityStudio_v3/developer/toolchains/gnu_arm/4.8_2013q4/bin/../lib/gcc/arm-none-eabi/4.8.3/../../../../arm-none-eabi/lib/armv6-m/libc_s.a(lib_a-nano-reallocr.o)
 .ARM.attributes
                0x00000000000009b7       0x2c /Applications/SimplicityStudio_v3/developer/toolchains/gnu_arm/4.8_2013q4/bin/../lib/gcc/arm-none-eabi/4.8.3/../../../../arm-none-eabi/lib/armv6-m/libc_s.a(lib_a-sbrkr.o)
 .ARM.attributes
                0x00000000000009e3       0x2c /Applications/SimplicityStudio_v3/developer/toolchains/gnu_arm/4.8_2013q4/bin/../lib/gcc/arm-none-eabi/4.8.3/../../../../arm-none-eabi/lib/armv6-m/libc_s.a(lib_a-nano-msizer.o)
 .ARM.attributes
                0x0000000000000a0f       0x2c /Applications/SimplicityStudio_v3/developer/toolchains/gnu_arm/4.8_2013q4/bin/../lib/gcc/arm-none-eabi/4.8.3/../../../../arm-none-eabi/lib/armv6-m/libc_s.a(lib_a-reent.o)
 .ARM.attributes
                0x0000000000000a3b       0x2c /Applications/SimplicityStudio_v3/developer/toolchains/gnu_arm/4.8_2013q4/bin/../lib/gcc/arm-none-eabi/4.8.3/../../../../arm-none-eabi/lib/armv6-m/libnosys.a(sbrk.o)
 .ARM.attributes
                0x0000000000000a67       0x2c /Applications/SimplicityStudio_v3/developer/toolchains/gnu_arm/4.8_2013q4/bin/../lib/gcc/arm-none-eabi/4.8.3/../../../../arm-none-eabi/lib/armv6-m/libnosys.a(_exit.o)
 .ARM.attributes
                0x0000000000000a93       0x2c /Applications/SimplicityStudio_v3/developer/toolchains/gnu_arm/4.8_2013q4/bin/../lib/gcc/arm-none-eabi/4.8.3/armv6-m/crtend.o
 .ARM.attributes
                0x0000000000000abf       0x1e /Applications/SimplicityStudio_v3/developer/toolchains/gnu_arm/4.8_2013q4/bin/../lib/gcc/arm-none-eabi/4.8.3/armv6-m/crtn.o

.comment        0x0000000000000000       0x70
 .comment       0x0000000000000000       0x70 ./src/graphics.o
                                         0x71 (size before relaxing)
 .comment       0x0000000000000000       0x71 ./src/weatherstation.o
 .comment       0x0000000000000000       0x71 ./emlib/em_adc.o
 .comment       0x0000000000000000       0x71 ./emlib/em_cmu.o
 .comment       0x0000000000000000       0x71 ./emlib/em_emu.o
 .comment       0x0000000000000000       0x71 ./emlib/em_gpio.o
 .comment       0x0000000000000000       0x71 ./emlib/em_i2c.o
 .comment       0x0000000000000000       0x71 ./emlib/em_int.o
 .comment       0x0000000000000000       0x71 ./emlib/em_rtc.o
 .comment       0x0000000000000000       0x71 ./emlib/em_usart.o
 .comment       0x0000000000000000       0x71 ./Graphics/dmd_display.o
 .comment       0x0000000000000000       0x71 ./Graphics/glib.o
 .comment       0x0000000000000000       0x71 ./Graphics/glib_font_normal_8x8.o
 .comment       0x0000000000000000       0x71 ./Graphics/glib_line.o
 .comment       0x0000000000000000       0x71 ./Graphics/glib_rectangle.o
 .comment       0x0000000000000000       0x71 ./Graphics/glib_string.o
 .comment       0x0000000000000000       0x71 ./Drivers/display.o
 .comment       0x0000000000000000       0x71 ./Drivers/displayls013b7dh03.o
 .comment       0x0000000000000000       0x71 ./Drivers/displaypalemlib.o
 .comment       0x0000000000000000       0x71 ./Drivers/i2cspm.o
 .comment       0x0000000000000000       0x71 ./Drivers/rtcdriver.o
 .comment       0x0000000000000000       0x71 ./Drivers/si1147_i2c.o
 .comment       0x0000000000000000       0x71 ./Drivers/si114x_algorithm.o
 .comment       0x0000000000000000       0x71 ./Drivers/si114x_functions.o
 .comment       0x0000000000000000       0x71 ./Drivers/si7013.o
 .comment       0x0000000000000000       0x71 ./Drivers/udelay.o
 .comment       0x0000000000000000       0x71 ./CMSIS/efm32zg/system_efm32zg.o

.debug_info     0x0000000000000000    0x1202d
 .debug_info    0x0000000000000000     0x1523 ./src/graphics.o
 .debug_info    0x0000000000001523     0x1b16 ./src/weatherstation.o
 .debug_info    0x0000000000003039      0xa72 ./emlib/em_adc.o
 .debug_info    0x0000000000003aab     0x1450 ./emlib/em_cmu.o
 .debug_info    0x0000000000004efb      0x648 ./emlib/em_emu.o
 .debug_info    0x0000000000005543      0x56e ./emlib/em_gpio.o
 .debug_info    0x0000000000005ab1      0x865 ./emlib/em_i2c.o
 .debug_info    0x0000000000006316       0xa0 ./emlib/em_int.o
 .debug_info    0x00000000000063b6      0x362 ./emlib/em_rtc.o
 .debug_info    0x0000000000006718      0xe87 ./emlib/em_usart.o
 .debug_info    0x000000000000759f      0xb4a ./Graphics/dmd_display.o
 .debug_info    0x00000000000080e9      0xaa7 ./Graphics/glib.o
 .debug_info    0x0000000000008b90      0x184 ./Graphics/glib_font_normal_8x8.o
 .debug_info    0x0000000000008d14      0x807 ./Graphics/glib_line.o
 .debug_info    0x000000000000951b      0x61a ./Graphics/glib_rectangle.o
 .debug_info    0x0000000000009b35      0x602 ./Graphics/glib_string.o
 .debug_info    0x000000000000a137      0x4ac ./Drivers/display.o
 .debug_info    0x000000000000a5e3      0xaf2 ./Drivers/displayls013b7dh03.o
 .debug_info    0x000000000000b0d5      0xd76 ./Drivers/displaypalemlib.o
 .debug_info    0x000000000000be4b      0x950 ./Drivers/i2cspm.o
 .debug_info    0x000000000000c79b     0x114e ./Drivers/rtcdriver.o
 .debug_info    0x000000000000d8e9      0x7dc ./Drivers/si1147_i2c.o
 .debug_info    0x000000000000e0c5      0xbe1 ./Drivers/si114x_algorithm.o
 .debug_info    0x000000000000eca6     0x181e ./Drivers/si114x_functions.o
 .debug_info    0x00000000000104c4      0x935 ./Drivers/si7013.o
 .debug_info    0x0000000000010df9      0xd24 ./Drivers/udelay.o
 .debug_info    0x0000000000011b1d       0xee ./CMSIS/efm32zg/startup_efm32zg.o
 .debug_info    0x0000000000011c0b      0x422 ./CMSIS/efm32zg/system_efm32zg.o

.debug_abbrev   0x0000000000000000     0x3f78
 .debug_abbrev  0x0000000000000000      0x2a9 ./src/graphics.o
 .debug_abbrev  0x00000000000002a9      0x4a0 ./src/weatherstation.o
 .debug_abbrev  0x0000000000000749      0x251 ./emlib/em_adc.o
 .debug_abbrev  0x000000000000099a      0x3d7 ./emlib/em_cmu.o
 .debug_abbrev  0x0000000000000d71      0x228 ./emlib/em_emu.o
 .debug_abbrev  0x0000000000000f99      0x1e2 ./emlib/em_gpio.o
 .debug_abbrev  0x000000000000117b      0x2d0 ./emlib/em_i2c.o
 .debug_abbrev  0x000000000000144b       0x42 ./emlib/em_int.o
 .debug_abbrev  0x000000000000148d      0x1e9 ./emlib/em_rtc.o
 .debug_abbrev  0x0000000000001676      0x248 ./emlib/em_usart.o
 .debug_abbrev  0x00000000000018be      0x274 ./Graphics/dmd_display.o
 .debug_abbrev  0x0000000000001b32      0x270 ./Graphics/glib.o
 .debug_abbrev  0x0000000000001da2       0xa7 ./Graphics/glib_font_normal_8x8.o
 .debug_abbrev  0x0000000000001e49      0x241 ./Graphics/glib_line.o
 .debug_abbrev  0x000000000000208a      0x194 ./Graphics/glib_rectangle.o
 .debug_abbrev  0x000000000000221e      0x150 ./Graphics/glib_string.o
 .debug_abbrev  0x000000000000236e      0x156 ./Drivers/display.o
 .debug_abbrev  0x00000000000024c4      0x2ae ./Drivers/displayls013b7dh03.o
 .debug_abbrev  0x0000000000002772      0x2a7 ./Drivers/displaypalemlib.o
 .debug_abbrev  0x0000000000002a19      0x22c ./Drivers/i2cspm.o
 .debug_abbrev  0x0000000000002c45      0x421 ./Drivers/rtcdriver.o
 .debug_abbrev  0x0000000000003066      0x1e1 ./Drivers/si1147_i2c.o
 .debug_abbrev  0x0000000000003247      0x27c ./Drivers/si114x_algorithm.o
 .debug_abbrev  0x00000000000034c3      0x356 ./Drivers/si114x_functions.o
 .debug_abbrev  0x0000000000003819      0x2b6 ./Drivers/si7013.o
 .debug_abbrev  0x0000000000003acf      0x2f4 ./Drivers/udelay.o
 .debug_abbrev  0x0000000000003dc3       0x14 ./CMSIS/efm32zg/startup_efm32zg.o
 .debug_abbrev  0x0000000000003dd7      0x1a1 ./CMSIS/efm32zg/system_efm32zg.o

.debug_loc      0x0000000000000000     0xa119
 .debug_loc     0x0000000000000000      0x871 ./src/graphics.o
 .debug_loc     0x0000000000000871      0x3b6 ./src/weatherstation.o
 .debug_loc     0x0000000000000c27      0x3bf ./emlib/em_adc.o
 .debug_loc     0x0000000000000fe6     0x147a ./emlib/em_cmu.o
 .debug_loc     0x0000000000002460      0x178 ./emlib/em_emu.o
 .debug_loc     0x00000000000025d8      0x219 ./emlib/em_gpio.o
 .debug_loc     0x00000000000027f1      0x541 ./emlib/em_i2c.o
 .debug_loc     0x0000000000002d32       0xfb ./emlib/em_rtc.o
 .debug_loc     0x0000000000002e2d      0x715 ./emlib/em_usart.o
 .debug_loc     0x0000000000003542      0xcb1 ./Graphics/dmd_display.o
 .debug_loc     0x00000000000041f3      0x868 ./Graphics/glib.o
 .debug_loc     0x0000000000004a5b      0x8dc ./Graphics/glib_line.o
 .debug_loc     0x0000000000005337      0x4c1 ./Graphics/glib_rectangle.o
 .debug_loc     0x00000000000057f8      0x533 ./Graphics/glib_string.o
 .debug_loc     0x0000000000005d2b      0x250 ./Drivers/display.o
 .debug_loc     0x0000000000005f7b      0x5cd ./Drivers/displayls013b7dh03.o
 .debug_loc     0x0000000000006548      0x3ae ./Drivers/displaypalemlib.o
 .debug_loc     0x00000000000068f6      0x1d0 ./Drivers/i2cspm.o
 .debug_loc     0x0000000000006ac6      0x97e ./Drivers/rtcdriver.o
 .debug_loc     0x0000000000007444      0x5c5 ./Drivers/si1147_i2c.o
 .debug_loc     0x0000000000007a09      0x5ea ./Drivers/si114x_algorithm.o
 .debug_loc     0x0000000000007ff3     0x171c ./Drivers/si114x_functions.o
 .debug_loc     0x000000000000970f      0x64a ./Drivers/si7013.o
 .debug_loc     0x0000000000009d59      0x2c4 ./Drivers/udelay.o
 .debug_loc     0x000000000000a01d       0xfc ./CMSIS/efm32zg/system_efm32zg.o

.debug_aranges  0x0000000000000000      0x9e0
 .debug_aranges
                0x0000000000000000       0x50 ./src/graphics.o
 .debug_aranges
                0x0000000000000050       0x60 ./src/weatherstation.o
 .debug_aranges
                0x00000000000000b0       0x48 ./emlib/em_adc.o
 .debug_aranges
                0x00000000000000f8       0xe8 ./emlib/em_cmu.o
 .debug_aranges
                0x00000000000001e0       0x50 ./emlib/em_emu.o
 .debug_aranges
                0x0000000000000230       0x38 ./emlib/em_gpio.o
 .debug_aranges
                0x0000000000000268       0x50 ./emlib/em_i2c.o
 .debug_aranges
                0x00000000000002b8       0x18 ./emlib/em_int.o
 .debug_aranges
                0x00000000000002d0       0x50 ./emlib/em_rtc.o
 .debug_aranges
                0x0000000000000320       0xb8 ./emlib/em_usart.o
 .debug_aranges
                0x00000000000003d8       0x88 ./Graphics/dmd_display.o
 .debug_aranges
                0x0000000000000460       0x78 ./Graphics/glib.o
 .debug_aranges
                0x00000000000004d8       0x18 ./Graphics/glib_font_normal_8x8.o
 .debug_aranges
                0x00000000000004f0       0x38 ./Graphics/glib_line.o
 .debug_aranges
                0x0000000000000528       0x38 ./Graphics/glib_rectangle.o
 .debug_aranges
                0x0000000000000560       0x30 ./Graphics/glib_string.o
 .debug_aranges
                0x0000000000000590       0x38 ./Drivers/display.o
 .debug_aranges
                0x00000000000005c8       0x60 ./Drivers/displayls013b7dh03.o
 .debug_aranges
                0x0000000000000628       0x80 ./Drivers/displaypalemlib.o
 .debug_aranges
                0x00000000000006a8       0x28 ./Drivers/i2cspm.o
 .debug_aranges
                0x00000000000006d0       0x98 ./Drivers/rtcdriver.o
 .debug_aranges
                0x0000000000000768       0x68 ./Drivers/si1147_i2c.o
 .debug_aranges
                0x00000000000007d0       0x48 ./Drivers/si114x_algorithm.o
 .debug_aranges
                0x0000000000000818       0xc8 ./Drivers/si114x_functions.o
 .debug_aranges
                0x00000000000008e0       0x58 ./Drivers/si7013.o
 .debug_aranges
                0x0000000000000938       0x28 ./Drivers/udelay.o
 .debug_aranges
                0x0000000000000960       0x20 ./CMSIS/efm32zg/startup_efm32zg.o
 .debug_aranges
                0x0000000000000980       0x60 ./CMSIS/efm32zg/system_efm32zg.o

.debug_ranges   0x0000000000000000      0xd28
 .debug_ranges  0x0000000000000000       0x70 ./src/graphics.o
 .debug_ranges  0x0000000000000070      0x148 ./src/weatherstation.o
 .debug_ranges  0x00000000000001b8       0x58 ./emlib/em_adc.o
 .debug_ranges  0x0000000000000210      0x178 ./emlib/em_cmu.o
 .debug_ranges  0x0000000000000388       0x70 ./emlib/em_emu.o
 .debug_ranges  0x00000000000003f8       0x58 ./emlib/em_gpio.o
 .debug_ranges  0x0000000000000450       0x70 ./emlib/em_i2c.o
 .debug_ranges  0x00000000000004c0       0x58 ./emlib/em_rtc.o
 .debug_ranges  0x0000000000000518       0xa8 ./emlib/em_usart.o
 .debug_ranges  0x00000000000005c0       0xa8 ./Graphics/dmd_display.o
 .debug_ranges  0x0000000000000668       0x80 ./Graphics/glib.o
 .debug_ranges  0x00000000000006e8       0x28 ./Graphics/glib_line.o
 .debug_ranges  0x0000000000000710       0x28 ./Graphics/glib_rectangle.o
 .debug_ranges  0x0000000000000738       0x20 ./Graphics/glib_string.o
 .debug_ranges  0x0000000000000758       0x28 ./Drivers/display.o
 .debug_ranges  0x0000000000000780       0x50 ./Drivers/displayls013b7dh03.o
 .debug_ranges  0x00000000000007d0       0xb8 ./Drivers/displaypalemlib.o
 .debug_ranges  0x0000000000000888       0x18 ./Drivers/i2cspm.o
 .debug_ranges  0x00000000000008a0      0x1d0 ./Drivers/rtcdriver.o
 .debug_ranges  0x0000000000000a70       0x58 ./Drivers/si1147_i2c.o
 .debug_ranges  0x0000000000000ac8       0x70 ./Drivers/si114x_algorithm.o
 .debug_ranges  0x0000000000000b38      0x118 ./Drivers/si114x_functions.o
 .debug_ranges  0x0000000000000c50       0x70 ./Drivers/si7013.o
 .debug_ranges  0x0000000000000cc0       0x18 ./Drivers/udelay.o
 .debug_ranges  0x0000000000000cd8       0x50 ./CMSIS/efm32zg/system_efm32zg.o

.debug_line     0x0000000000000000     0x5ae5
 .debug_line    0x0000000000000000      0x416 ./src/graphics.o
 .debug_line    0x0000000000000416      0x585 ./src/weatherstation.o
 .debug_line    0x000000000000099b      0x315 ./emlib/em_adc.o
 .debug_line    0x0000000000000cb0      0x6bf ./emlib/em_cmu.o
 .debug_line    0x000000000000136f      0x39c ./emlib/em_emu.o
 .debug_line    0x000000000000170b      0x253 ./emlib/em_gpio.o
 .debug_line    0x000000000000195e      0x369 ./emlib/em_i2c.o
 .debug_line    0x0000000000001cc7       0xd9 ./emlib/em_int.o
 .debug_line    0x0000000000001da0      0x26a ./emlib/em_rtc.o
 .debug_line    0x000000000000200a      0x41d ./emlib/em_usart.o
 .debug_line    0x0000000000002427      0x50c ./Graphics/dmd_display.o
 .debug_line    0x0000000000002933      0x2f6 ./Graphics/glib.o
 .debug_line    0x0000000000002c29       0xf9 ./Graphics/glib_font_normal_8x8.o
 .debug_line    0x0000000000002d22      0x2e4 ./Graphics/glib_line.o
 .debug_line    0x0000000000003006      0x226 ./Graphics/glib_rectangle.o
 .debug_line    0x000000000000322c      0x265 ./Graphics/glib_string.o
 .debug_line    0x0000000000003491      0x1c5 ./Drivers/display.o
 .debug_line    0x0000000000003656      0x2a4 ./Drivers/displayls013b7dh03.o
 .debug_line    0x00000000000038fa      0x42e ./Drivers/displaypalemlib.o
 .debug_line    0x0000000000003d28      0x258 ./Drivers/i2cspm.o
 .debug_line    0x0000000000003f80      0x71e ./Drivers/rtcdriver.o
 .debug_line    0x000000000000469e      0x383 ./Drivers/si1147_i2c.o
 .debug_line    0x0000000000004a21      0x318 ./Drivers/si114x_algorithm.o
 .debug_line    0x0000000000004d39      0x47d ./Drivers/si114x_functions.o
 .debug_line    0x00000000000051b6      0x2de ./Drivers/si7013.o
 .debug_line    0x0000000000005494      0x35b ./Drivers/udelay.o
 .debug_line    0x00000000000057ef       0xbf ./CMSIS/efm32zg/startup_efm32zg.o
 .debug_line    0x00000000000058ae      0x237 ./CMSIS/efm32zg/system_efm32zg.o

.debug_str      0x0000000000000000     0x47b6
 .debug_str     0x0000000000000000      0x601 ./src/graphics.o
                                        0x6b6 (size before relaxing)
 .debug_str     0x0000000000000601     0x1098 ./src/weatherstation.o
                                       0x1326 (size before relaxing)
 .debug_str     0x0000000000001699      0x15e ./emlib/em_adc.o
                                        0xa02 (size before relaxing)
 .debug_str     0x00000000000017f7      0x71c ./emlib/em_cmu.o
                                        0xb08 (size before relaxing)
 .debug_str     0x0000000000001f13      0x13b ./emlib/em_emu.o
                                        0x42f (size before relaxing)
 .debug_str     0x000000000000204e       0xf8 ./emlib/em_gpio.o
                                        0x526 (size before relaxing)
 .debug_str     0x0000000000002146      0x2c3 ./emlib/em_i2c.o
                                        0x693 (size before relaxing)
 .debug_str     0x0000000000002409       0x59 ./emlib/em_int.o
                                        0x1c3 (size before relaxing)
 .debug_str     0x0000000000002462       0xf9 ./emlib/em_rtc.o
                                        0x2a2 (size before relaxing)
 .debug_str     0x000000000000255b      0x86f ./emlib/em_usart.o
                                        0xbb1 (size before relaxing)
 .debug_str     0x0000000000002dca      0x429 ./Graphics/dmd_display.o
                                        0x65a (size before relaxing)
 .debug_str     0x00000000000031f3      0x16c ./Graphics/glib.o
                                        0x590 (size before relaxing)
 .debug_str     0x000000000000335f       0x7c ./Graphics/glib_font_normal_8x8.o
                                        0x2b8 (size before relaxing)
 .debug_str     0x00000000000033db       0xcf ./Graphics/glib_line.o
                                        0x4ad (size before relaxing)
 .debug_str     0x00000000000034aa       0x9f ./Graphics/glib_rectangle.o
                                        0x48a (size before relaxing)
 .debug_str     0x0000000000003549       0xde ./Graphics/glib_string.o
                                        0x483 (size before relaxing)
 .debug_str     0x0000000000003627      0x120 ./Drivers/display.o
                                        0x452 (size before relaxing)
 .debug_str     0x0000000000003747      0x1f3 ./Drivers/displayls013b7dh03.o
                                        0x5da (size before relaxing)
 .debug_str     0x000000000000393a       0xef ./Drivers/displaypalemlib.o
                                        0xaff (size before relaxing)
 .debug_str     0x0000000000003a29       0x78 ./Drivers/i2cspm.o
                                        0x836 (size before relaxing)
 .debug_str     0x0000000000003aa1      0x2f4 ./Drivers/rtcdriver.o
                                        0x9b6 (size before relaxing)
 .debug_str     0x0000000000003d95      0x16e ./Drivers/si1147_i2c.o
                                        0x43b (size before relaxing)
 .debug_str     0x0000000000003f03      0x279 ./Drivers/si114x_algorithm.o
                                        0x504 (size before relaxing)
 .debug_str     0x000000000000417c      0x32f ./Drivers/si114x_functions.o
                                        0x63c (size before relaxing)
 .debug_str     0x00000000000044ab      0x123 ./Drivers/si7013.o
                                        0x439 (size before relaxing)
 .debug_str     0x00000000000045ce      0x107 ./Drivers/udelay.o
                                        0x8d7 (size before relaxing)
 .debug_str     0x00000000000046d5       0xe1 ./CMSIS/efm32zg/system_efm32zg.o
                                        0x3c4 (size before relaxing)

.debug_frame    0x0000000000000000     0x1c7c
 .debug_frame   0x0000000000000000       0xc8 ./src/graphics.o
 .debug_frame   0x00000000000000c8       0xec ./src/weatherstation.o
 .debug_frame   0x00000000000001b4       0xac ./emlib/em_adc.o
 .debug_frame   0x0000000000000260      0x238 ./emlib/em_cmu.o
 .debug_frame   0x0000000000000498       0xa0 ./emlib/em_emu.o
 .debug_frame   0x0000000000000538       0x74 ./emlib/em_gpio.o
 .debug_frame   0x00000000000005ac       0xb8 ./emlib/em_i2c.o
 .debug_frame   0x0000000000000664       0x88 ./emlib/em_rtc.o
 .debug_frame   0x00000000000006ec      0x1b8 ./emlib/em_usart.o
 .debug_frame   0x00000000000008a4      0x178 ./Graphics/dmd_display.o
 .debug_frame   0x0000000000000a1c      0x160 ./Graphics/glib.o
 .debug_frame   0x0000000000000b7c       0x88 ./Graphics/glib_line.o
 .debug_frame   0x0000000000000c04       0x7c ./Graphics/glib_rectangle.o
 .debug_frame   0x0000000000000c80       0x68 ./Graphics/glib_string.o
 .debug_frame   0x0000000000000ce8       0x70 ./Drivers/display.o
 .debug_frame   0x0000000000000d58       0xf8 ./Drivers/displayls013b7dh03.o
 .debug_frame   0x0000000000000e50      0x130 ./Drivers/displaypalemlib.o
 .debug_frame   0x0000000000000f80       0x50 ./Drivers/i2cspm.o
 .debug_frame   0x0000000000000fd0      0x1b8 ./Drivers/rtcdriver.o
 .debug_frame   0x0000000000001188      0x128 ./Drivers/si1147_i2c.o
 .debug_frame   0x00000000000012b0       0xbc ./Drivers/si114x_algorithm.o
 .debug_frame   0x000000000000136c      0x24c ./Drivers/si114x_functions.o
 .debug_frame   0x00000000000015b8       0xfc ./Drivers/si7013.o
 .debug_frame   0x00000000000016b4       0x40 ./Drivers/udelay.o
 .debug_frame   0x00000000000016f4       0xb8 ./CMSIS/efm32zg/system_efm32zg.o
 .debug_frame   0x00000000000017ac       0x20 /Applications/SimplicityStudio_v3/developer/toolchains/gnu_arm/4.8_2013q4/bin/../lib/gcc/arm-none-eabi/4.8.3/armv6-m/libgcc.a(_udivsi3.o)
 .debug_frame   0x00000000000017cc       0x20 /Applications/SimplicityStudio_v3/developer/toolchains/gnu_arm/4.8_2013q4/bin/../lib/gcc/arm-none-eabi/4.8.3/armv6-m/libgcc.a(_divsi3.o)
 .debug_frame   0x00000000000017ec       0x30 /Applications/SimplicityStudio_v3/developer/toolchains/gnu_arm/4.8_2013q4/bin/../lib/gcc/arm-none-eabi/4.8.3/armv6-m/libgcc.a(_muldi3.o)
 .debug_frame   0x000000000000181c       0x50 /Applications/SimplicityStudio_v3/developer/toolchains/gnu_arm/4.8_2013q4/bin/../lib/gcc/arm-none-eabi/4.8.3/armv6-m/libgcc.a(bpabi.o)
 .debug_frame   0x000000000000186c       0x3c /Applications/SimplicityStudio_v3/developer/toolchains/gnu_arm/4.8_2013q4/bin/../lib/gcc/arm-none-eabi/4.8.3/armv6-m/libgcc.a(_divdi3.o)
 .debug_frame   0x00000000000018a8       0x3c /Applications/SimplicityStudio_v3/developer/toolchains/gnu_arm/4.8_2013q4/bin/../lib/gcc/arm-none-eabi/4.8.3/armv6-m/libgcc.a(_udivdi3.o)
 .debug_frame   0x00000000000018e4       0x28 /Applications/SimplicityStudio_v3/developer/toolchains/gnu_arm/4.8_2013q4/bin/../lib/gcc/arm-none-eabi/4.8.3/../../../../arm-none-eabi/lib/armv6-m/libc_s.a(lib_a-exit.o)
 .debug_frame   0x000000000000190c       0x2c /Applications/SimplicityStudio_v3/developer/toolchains/gnu_arm/4.8_2013q4/bin/../lib/gcc/arm-none-eabi/4.8.3/../../../../arm-none-eabi/lib/armv6-m/libc_s.a(lib_a-init.o)
 .debug_frame   0x0000000000001938       0x28 /Applications/SimplicityStudio_v3/developer/toolchains/gnu_arm/4.8_2013q4/bin/../lib/gcc/arm-none-eabi/4.8.3/../../../../arm-none-eabi/lib/armv6-m/libc_s.a(lib_a-memcpy-stub.o)
 .debug_frame   0x0000000000001960       0x20 /Applications/SimplicityStudio_v3/developer/toolchains/gnu_arm/4.8_2013q4/bin/../lib/gcc/arm-none-eabi/4.8.3/../../../../arm-none-eabi/lib/armv6-m/libc_s.a(lib_a-memset.o)
 .debug_frame   0x0000000000001980       0x4c /Applications/SimplicityStudio_v3/developer/toolchains/gnu_arm/4.8_2013q4/bin/../lib/gcc/arm-none-eabi/4.8.3/../../../../arm-none-eabi/lib/armv6-m/libc_s.a(lib_a-sprintf.o)
 .debug_frame   0x00000000000019cc       0x20 /Applications/SimplicityStudio_v3/developer/toolchains/gnu_arm/4.8_2013q4/bin/../lib/gcc/arm-none-eabi/4.8.3/../../../../arm-none-eabi/lib/armv6-m/libc_s.a(lib_a-strcpy.o)
 .debug_frame   0x00000000000019ec       0x20 /Applications/SimplicityStudio_v3/developer/toolchains/gnu_arm/4.8_2013q4/bin/../lib/gcc/arm-none-eabi/4.8.3/../../../../arm-none-eabi/lib/armv6-m/libc_s.a(lib_a-strlen.o)
 .debug_frame   0x0000000000001a0c       0x74 /Applications/SimplicityStudio_v3/developer/toolchains/gnu_arm/4.8_2013q4/bin/../lib/gcc/arm-none-eabi/4.8.3/../../../../arm-none-eabi/lib/armv6-m/libc_s.a(lib_a-svfprintf.o)
 .debug_frame   0x0000000000001a80       0x54 /Applications/SimplicityStudio_v3/developer/toolchains/gnu_arm/4.8_2013q4/bin/../lib/gcc/arm-none-eabi/4.8.3/../../../../arm-none-eabi/lib/armv6-m/libc_s.a(lib_a-vfprintf_i.o)
 .debug_frame   0x0000000000001ad4       0x20 /Applications/SimplicityStudio_v3/developer/toolchains/gnu_arm/4.8_2013q4/bin/../lib/gcc/arm-none-eabi/4.8.3/../../../../arm-none-eabi/lib/armv6-m/libc_s.a(lib_a-memchr-stub.o)
 .debug_frame   0x0000000000001af4       0x2c /Applications/SimplicityStudio_v3/developer/toolchains/gnu_arm/4.8_2013q4/bin/../lib/gcc/arm-none-eabi/4.8.3/../../../../arm-none-eabi/lib/armv6-m/libc_s.a(lib_a-memmove.o)
 .debug_frame   0x0000000000001b20       0x2c /Applications/SimplicityStudio_v3/developer/toolchains/gnu_arm/4.8_2013q4/bin/../lib/gcc/arm-none-eabi/4.8.3/../../../../arm-none-eabi/lib/armv6-m/libc_s.a(lib_a-nano-freer.o)
 .debug_frame   0x0000000000001b4c       0x2c /Applications/SimplicityStudio_v3/developer/toolchains/gnu_arm/4.8_2013q4/bin/../lib/gcc/arm-none-eabi/4.8.3/../../../../arm-none-eabi/lib/armv6-m/libc_s.a(lib_a-nano-mallocr.o)
 .debug_frame   0x0000000000001b78       0x30 /Applications/SimplicityStudio_v3/developer/toolchains/gnu_arm/4.8_2013q4/bin/../lib/gcc/arm-none-eabi/4.8.3/../../../../arm-none-eabi/lib/armv6-m/libc_s.a(lib_a-nano-reallocr.o)
 .debug_frame   0x0000000000001ba8       0x2c /Applications/SimplicityStudio_v3/developer/toolchains/gnu_arm/4.8_2013q4/bin/../lib/gcc/arm-none-eabi/4.8.3/../../../../arm-none-eabi/lib/armv6-m/libc_s.a(lib_a-sbrkr.o)
 .debug_frame   0x0000000000001bd4       0x20 /Applications/SimplicityStudio_v3/developer/toolchains/gnu_arm/4.8_2013q4/bin/../lib/gcc/arm-none-eabi/4.8.3/../../../../arm-none-eabi/lib/armv6-m/libc_s.a(lib_a-nano-msizer.o)
 .debug_frame   0x0000000000001bf4       0x48 /Applications/SimplicityStudio_v3/developer/toolchains/gnu_arm/4.8_2013q4/bin/../lib/gcc/arm-none-eabi/4.8.3/../../../../arm-none-eabi/lib/armv6-m/libc_s.a(lib_a-reent.o)
 .debug_frame   0x0000000000001c3c       0x20 /Applications/SimplicityStudio_v3/developer/toolchains/gnu_arm/4.8_2013q4/bin/../lib/gcc/arm-none-eabi/4.8.3/../../../../arm-none-eabi/lib/armv6-m/libnosys.a(sbrk.o)
 .debug_frame   0x0000000000001c5c       0x20 /Applications/SimplicityStudio_v3/developer/toolchains/gnu_arm/4.8_2013q4/bin/../lib/gcc/arm-none-eabi/4.8.3/../../../../arm-none-eabi/lib/armv6-m/libnosys.a(_exit.o)
