Archive member included because of file (symbol)

/Applications/SimplicityStudio_v3/developer/toolchains/gnu_arm/4.8_2013q4/bin/../lib/gcc/arm-none-eabi/4.8.3/armv6-m/libgcc.a(_thumb1_case_uqi.o)
                              ./emlib/em_adc.o (__gnu_thumb1_case_uqi)
/Applications/SimplicityStudio_v3/developer/toolchains/gnu_arm/4.8_2013q4/bin/../lib/gcc/arm-none-eabi/4.8.3/armv6-m/libgcc.a(_udivsi3.o)
                              ./src/weatherstation.o (__aeabi_uidiv)
/Applications/SimplicityStudio_v3/developer/toolchains/gnu_arm/4.8_2013q4/bin/../lib/gcc/arm-none-eabi/4.8.3/armv6-m/libgcc.a(_divsi3.o)
                              ./src/graphics.o (__aeabi_idiv)
/Applications/SimplicityStudio_v3/developer/toolchains/gnu_arm/4.8_2013q4/bin/../lib/gcc/arm-none-eabi/4.8.3/armv6-m/libgcc.a(_dvmd_tls.o)
                              /Applications/SimplicityStudio_v3/developer/toolchains/gnu_arm/4.8_2013q4/bin/../lib/gcc/arm-none-eabi/4.8.3/armv6-m/libgcc.a(_udivsi3.o) (__aeabi_idiv0)
/Applications/SimplicityStudio_v3/developer/toolchains/gnu_arm/4.8_2013q4/bin/../lib/gcc/arm-none-eabi/4.8.3/armv6-m/libgcc.a(_aeabi_uldivmod.o)
                              ./Drivers/rtcdriver.o (__aeabi_uldivmod)
/Applications/SimplicityStudio_v3/developer/toolchains/gnu_arm/4.8_2013q4/bin/../lib/gcc/arm-none-eabi/4.8.3/armv6-m/libgcc.a(_muldi3.o)
                              ./Drivers/rtcdriver.o (__aeabi_lmul)
/Applications/SimplicityStudio_v3/developer/toolchains/gnu_arm/4.8_2013q4/bin/../lib/gcc/arm-none-eabi/4.8.3/armv6-m/libgcc.a(bpabi.o)
                              /Applications/SimplicityStudio_v3/developer/toolchains/gnu_arm/4.8_2013q4/bin/../lib/gcc/arm-none-eabi/4.8.3/armv6-m/libgcc.a(_aeabi_uldivmod.o) (__gnu_uldivmod_helper)
/Applications/SimplicityStudio_v3/developer/toolchains/gnu_arm/4.8_2013q4/bin/../lib/gcc/arm-none-eabi/4.8.3/armv6-m/libgcc.a(_divdi3.o)
                              /Applications/SimplicityStudio_v3/developer/toolchains/gnu_arm/4.8_2013q4/bin/../lib/gcc/arm-none-eabi/4.8.3/armv6-m/libgcc.a(bpabi.o) (__divdi3)
/Applications/SimplicityStudio_v3/developer/toolchains/gnu_arm/4.8_2013q4/bin/../lib/gcc/arm-none-eabi/4.8.3/armv6-m/libgcc.a(_udivdi3.o)
                              /Applications/SimplicityStudio_v3/developer/toolchains/gnu_arm/4.8_2013q4/bin/../lib/gcc/arm-none-eabi/4.8.3/armv6-m/libgcc.a(bpabi.o) (__udivdi3)
/Applications/SimplicityStudio_v3/developer/toolchains/gnu_arm/4.8_2013q4/bin/../lib/gcc/arm-none-eabi/4.8.3/armv6-m/libgcc.a(_clzsi2.o)
                              /Applications/SimplicityStudio_v3/developer/toolchains/gnu_arm/4.8_2013q4/bin/../lib/gcc/arm-none-eabi/4.8.3/armv6-m/libgcc.a(_divdi3.o) (__clzsi2)
/Applications/SimplicityStudio_v3/developer/toolchains/gnu_arm/4.8_2013q4/bin/../lib/gcc/arm-none-eabi/4.8.3/../../../../arm-none-eabi/lib/armv6-m/libc_s.a(lib_a-exit.o)
                              /Applications/SimplicityStudio_v3/developer/toolchains/gnu_arm/4.8_2013q4/bin/../lib/gcc/arm-none-eabi/4.8.3/../../../../arm-none-eabi/lib/armv6-m/crt0.o (exit)
/Applications/SimplicityStudio_v3/developer/toolchains/gnu_arm/4.8_2013q4/bin/../lib/gcc/arm-none-eabi/4.8.3/../../../../arm-none-eabi/lib/armv6-m/libc_s.a(lib_a-impure.o)
                              /Applications/SimplicityStudio_v3/developer/toolchains/gnu_arm/4.8_2013q4/bin/../lib/gcc/arm-none-eabi/4.8.3/../../../../arm-none-eabi/lib/armv6-m/libc_s.a(lib_a-exit.o) (_global_impure_ptr)
/Applications/SimplicityStudio_v3/developer/toolchains/gnu_arm/4.8_2013q4/bin/../lib/gcc/arm-none-eabi/4.8.3/../../../../arm-none-eabi/lib/armv6-m/libc_s.a(lib_a-init.o)
                              /Applications/SimplicityStudio_v3/developer/toolchains/gnu_arm/4.8_2013q4/bin/../lib/gcc/arm-none-eabi/4.8.3/../../../../arm-none-eabi/lib/armv6-m/crt0.o (__libc_init_array)
/Applications/SimplicityStudio_v3/developer/toolchains/gnu_arm/4.8_2013q4/bin/../lib/gcc/arm-none-eabi/4.8.3/../../../../arm-none-eabi/lib/armv6-m/libc_s.a(lib_a-memcpy-stub.o)
                              ./Graphics/dmd_display.o (memcpy)
/Applications/SimplicityStudio_v3/developer/toolchains/gnu_arm/4.8_2013q4/bin/../lib/gcc/arm-none-eabi/4.8.3/../../../../arm-none-eabi/lib/armv6-m/libc_s.a(lib_a-memset.o)
                              /Applications/SimplicityStudio_v3/developer/toolchains/gnu_arm/4.8_2013q4/bin/../lib/gcc/arm-none-eabi/4.8.3/../../../../arm-none-eabi/lib/armv6-m/crt0.o (memset)
/Applications/SimplicityStudio_v3/developer/toolchains/gnu_arm/4.8_2013q4/bin/../lib/gcc/arm-none-eabi/4.8.3/../../../../arm-none-eabi/lib/armv6-m/libc_s.a(lib_a-sprintf.o)
                              ./src/graphics.o (sprintf)
/Applications/SimplicityStudio_v3/developer/toolchains/gnu_arm/4.8_2013q4/bin/../lib/gcc/arm-none-eabi/4.8.3/../../../../arm-none-eabi/lib/armv6-m/libc_s.a(lib_a-strcpy.o)
                              ./src/graphics.o (strcpy)
[...]
Memory Configuration

Name             Origin             Length             Attributes
FLASH            0x0000000000000000 0x0000000000008000 xr
RAM              0x0000000020000000 0x0000000000001000 xrw
*default*        0x0000000000000000 0xffffffffffffffff

Linker script and memory map

LOAD /Applications/SimplicityStudio_v3/developer/toolchains/gnu_arm/4.8_2013q4/bin/../lib/gcc/arm-none-eabi/4.8.3/armv6-m/crti.o
LOAD /Applications/SimplicityStudio_v3/developer/toolchains/gnu_arm/4.8_2013q4/bin/../lib/gcc/arm-none-eabi/4.8.3/armv6-m/crtbegin.o
LOAD /Applications/SimplicityStudio_v3/developer/toolchains/gnu_arm/4.8_2013q4/bin/../lib/gcc/arm-none-eabi/4.8.3/../../../../arm-none-eabi/lib/armv6-m/crt0.o
LOAD ./src/graphics.o
LOAD ./src/weatherstation.o
LOAD ./emlib/em_adc.o
LOAD ./emlib/em_assert.o
LOAD ./emlib/em_cmu.o
LOAD ./emlib/em_emu.o
LOAD ./emlib/em_gpio.o
LOAD ./emlib/em_i2c.o
LOAD ./emlib/em_int.o
LOAD ./emlib/em_leuart.o
LOAD ./emlib/em_rtc.o
LOAD ./emlib/em_usart.o
LOAD ./Graphics/dmd_display.o
LOAD ./Graphics/glib.o
LOAD ./Graphics/glib_bitmap.o
LOAD ./Graphics/glib_circle.o
LOAD ./Graphics/glib_font_normal_8x8.o
LOAD ./Graphics/glib_line.o
LOAD ./Graphics/glib_rectangle.o
LOAD ./Graphics/glib_string.o
LOAD ./Drivers/display.o
LOAD ./Drivers/displayls013b7dh03.o
LOAD ./Drivers/displaypalemlib.o
LOAD ./Drivers/i2cspm.o
LOAD ./Drivers/rtcdriver.o
LOAD ./Drivers/si1147_i2c.o
LOAD ./Drivers/si114x_algorithm.o
LOAD ./Drivers/si114x_functions.o
LOAD ./Drivers/si7013.o
LOAD ./Drivers/udelay.o
LOAD ./CMSIS/efm32zg/startup_efm32zg.o
LOAD ./CMSIS/efm32zg/system_efm32zg.o
LOAD ./BSP/bsp_bcc.o
LOAD ./BSP/bsp_stk.o
START GROUP
LOAD /Applications/SimplicityStudio_v3/developer/toolchains/gnu_arm/4.8_2013q4/bin/../lib/gcc/arm-none-eabi/4.8.3/armv6-m/libgcc.a
LOAD /Applications/SimplicityStudio_v3/developer/toolchains/gnu_arm/4.8_2013q4/bin/../lib/gcc/arm-none-eabi/4.8.3/../../../../arm-none-eabi/lib/armv6-m/libc_s.a
LOAD /Applications/SimplicityStudio_v3/developer/toolchains/gnu_arm/4.8_2013q4/bin/../lib/gcc/arm-none-eabi/4.8.3/../../../../arm-none-eabi/lib/armv6-m/libnosys.a
END GROUP
START GROUP
LOAD /Applications/SimplicityStudio_v3/developer/toolchains/gnu_arm/4.8_2013q4/bin/../lib/gcc/arm-none-eabi/4.8.3/armv6-m/libgcc.a
LOAD /Applications/SimplicityStudio_v3/developer/toolchains/gnu_arm/4.8_2013q4/bin/../lib/gcc/arm-none-eabi/4.8.3/../../../../arm-none-eabi/lib/armv6-m/libg_s.a
LOAD /Applications/SimplicityStudio_v3/developer/toolchains/gnu_arm/4.8_2013q4/bin/../lib/gcc/arm-none-eabi/4.8.3/../../../../arm-none-eabi/lib/armv6-m/libc_s.a
END GROUP
START GROUP
LOAD /Applications/SimplicityStudio_v3/developer/toolchains/gnu_arm/4.8_2013q4/bin/../lib/gcc/arm-none-eabi/4.8.3/armv6-m/libgcc.a
LOAD /Applications/SimplicityStudio_v3/developer/toolchains/gnu_arm/4.8_2013q4/bin/../lib/gcc/arm-none-eabi/4.8.3/../../../../arm-none-eabi/lib/armv6-m/libc_s.a
END GROUP
LOAD /Applications/SimplicityStudio_v3/developer/toolchains/gnu_arm/4.8_2013q4/bin/../lib/gcc/arm-none-eabi/4.8.3/armv6-m/crtend.o
LOAD /Applications/SimplicityStudio_v3/developer/toolchains/gnu_arm/4.8_2013q4/bin/../lib/gcc/arm-none-eabi/4.8.3/armv6-m/crtn.o

.text           0x0000000000000000     0x53cc
 *(.vectors)
 .vectors       0x0000000000000000       0x84 ./CMSIS/efm32zg/startup_efm32zg.o
                0x0000000000000000                __Vectors
                0x0000000000000084                __Vectors_End = .
                0x0000000000000084                __Vectors_Size = (__Vectors_End - __Vectors)
                0x0000000000000084                __end__ = .
 *(.text*)
 .text          0x0000000000000084       0x60 /Applications/SimplicityStudio_v3/developer/toolchains/gnu_arm/4.8_2013q4/bin/../lib/gcc/arm-none-eabi/4.8.3/armv6-m/crtbegin.o
 .text          0x00000000000000e4       0x78 /Applications/SimplicityStudio_v3/developer/toolchains/gnu_arm/4.8_2013q4/bin/../lib/gcc/arm-none-eabi/4.8.3/../../../../arm-none-eabi/lib/armv6-m/crt0.o
                0x00000000000000e4                _mainCRTStartup
                0x00000000000000e4                _start
 .text.GRAPHICS_DrawDataHalfScreenFilled.constprop.0
                0x000000000000015c      0x1ec ./src/graphics.o
 .text.GRAPHICS_DrawDataHalfScreen.constprop.1
                0x0000000000000348      0x218 ./src/graphics.o
 .text.GRAPHICS_Init
                0x0000000000000560       0x40 ./src/graphics.o
                0x0000000000000560                GRAPHICS_Init
 .text.GRAPHICS_Sleep
                0x00000000000005a0       0x1c ./src/graphics.o
                0x00000000000005a0                GRAPHICS_Sleep
 .text.GRAPHICS_Wake
                0x00000000000005bc       0x20 ./src/graphics.o
                0x00000000000005bc                GRAPHICS_Wake
 .text.GRAPHICS_Draw
                0x00000000000005dc      0x3c0 ./src/graphics.o
                0x00000000000005dc                GRAPHICS_Draw
 .text.memLcdCallback
                0x000000000000099c       0x18 ./src/weatherstation.o
 .text.periodicUpdateCallback
                0x00000000000009b4        0xc ./src/weatherstation.o
 .text.screenTimeoutCallback
                0x00000000000009c0       0x28 ./src/weatherstation.o
 .text.startup.main
                0x00000000000009e8      0x27c ./src/weatherstation.o
                0x00000000000009e8                main
 .text.ADC0_IRQHandler
                0x0000000000000c64       0x18 ./src/weatherstation.o
                0x0000000000000c64                ADC0_IRQHandler
 .text.GPIO_Unified_IRQ
                0x0000000000000c7c       0x40 ./src/weatherstation.o
                0x0000000000000c7c                GPIO_Unified_IRQ
 .text.GPIO_EVEN_IRQHandler
                0x0000000000000cbc        0x8 ./src/weatherstation.o
                0x0000000000000cbc                GPIO_EVEN_IRQHandler
 .text.GPIO_ODD_IRQHandler
                0x0000000000000cc4        0x8 ./src/weatherstation.o
                0x0000000000000cc4                GPIO_ODD_IRQHandler
 .text.RtcIntCallbackRegister
                0x0000000000000ccc       0x44 ./src/weatherstation.o
                0x0000000000000ccc                RtcIntCallbackRegister
 .text.ADC_Init
                0x0000000000000d10       0x3a ./emlib/em_adc.o
                0x0000000000000d10                ADC_Init
 *fill*         0x0000000000000d4a        0x2 
 .text.ADC_InitSingle
                0x0000000000000d4c       0xd8 ./emlib/em_adc.o
                0x0000000000000d4c                ADC_InitSingle
 .text.CMU_FlashWaitStateControl
                0x0000000000000e24       0x40 ./emlib/em_cmu.o
 .text.CMU_AUXClkGet
                0x0000000000000e64       0x5c ./emlib/em_cmu.o
 .text.CMU_Sync
                0x0000000000000ec0       0x14 ./emlib/em_cmu.o
 .text.CMU_LFClkGet
                0x0000000000000ed4       0x48 ./emlib/em_cmu.o
 .text.CMU_ClockDivGet
                0x0000000000000f1c       0x5c ./emlib/em_cmu.o
                0x0000000000000f1c                CMU_ClockDivGet
 .text.CMU_ClockDivSet
                0x0000000000000f78       0xd8 ./emlib/em_cmu.o
                0x0000000000000f78                CMU_ClockDivSet
 .text.CMU_ClockEnable
                0x0000000000001050       0x74 ./emlib/em_cmu.o
                0x0000000000001050                CMU_ClockEnable
 .text.CMU_ClockSelectGet
                0x00000000000010c4       0x9c ./emlib/em_cmu.o
                0x00000000000010c4                CMU_ClockSelectGet
 .text.CMU_ClockFreqGet
                0x0000000000001160       0xbc ./emlib/em_cmu.o
                0x0000000000001160                CMU_ClockFreqGet
 .text.CMU_OscillatorEnable
                0x000000000000121c       0x50 ./emlib/em_cmu.o
                0x000000000000121c                CMU_OscillatorEnable
 .text.CMU_ClockSelectSet
                0x000000000000126c       0xe4 ./emlib/em_cmu.o
                0x000000000000126c                CMU_ClockSelectSet
 .text.EMU_Restore
                0x0000000000001350       0x94 ./emlib/em_emu.o
 .text.EMU_EnterEM2
                0x00000000000013e4       0x3c ./emlib/em_emu.o
                0x00000000000013e4                EMU_EnterEM2
 .text.EMU_UpdateOscConfig
                0x0000000000001420       0x14 ./emlib/em_emu.o
                0x0000000000001420                EMU_UpdateOscConfig
 .text.GPIO_IntConfig
                0x0000000000001434       0x88 ./emlib/em_gpio.o
                0x0000000000001434                GPIO_IntConfig
 .text.GPIO_PinModeSet
                0x00000000000014bc       0x8c ./emlib/em_gpio.o
                0x00000000000014bc                GPIO_PinModeSet
 .text.I2C_BusFreqSet
                0x0000000000001548       0x54 ./emlib/em_i2c.o
                0x0000000000001548                I2C_BusFreqSet
 .text.I2C_Init
                0x000000000000159c       0x3c ./emlib/em_i2c.o
                0x000000000000159c                I2C_Init
 .text.I2C_Transfer
                0x00000000000015d8      0x230 ./emlib/em_i2c.o
                0x00000000000015d8                I2C_Transfer
 .text.I2C_TransferInit
                0x0000000000001808       0x6c ./emlib/em_i2c.o
                0x0000000000001808                I2C_TransferInit
 .text.RTC_CompareGet
                0x0000000000001874       0x1c ./emlib/em_rtc.o
                0x0000000000001874                RTC_CompareGet
 .text.RTC_CompareSet
                0x0000000000001890       0x1c ./emlib/em_rtc.o
                0x0000000000001890                RTC_CompareSet
 .text.RTC_Enable
                0x00000000000018ac       0x14 ./emlib/em_rtc.o
                0x00000000000018ac                RTC_Enable
 .text.RTC_FreezeEnable
                0x00000000000018c0       0x14 ./emlib/em_rtc.o
                0x00000000000018c0                RTC_FreezeEnable
 .text.RTC_Init
                0x00000000000018d4       0x20 ./emlib/em_rtc.o
                0x00000000000018d4                RTC_Init
 .text.RTC_CounterReset
                0x00000000000018f4       0x10 ./emlib/em_rtc.o
                0x00000000000018f4                RTC_CounterReset
 .text.USART_BaudrateSyncSet
                0x0000000000001904       0x30 ./emlib/em_usart.o
                0x0000000000001904                USART_BaudrateSyncSet
 .text.USART_Reset
                0x0000000000001934       0x3c ./emlib/em_usart.o
                0x0000000000001934                USART_Reset
 .text.USART_InitSync
                0x0000000000001970       0x5c ./emlib/em_usart.o
                0x0000000000001970                USART_InitSync
 .text.USART_Tx
                0x00000000000019cc        0xa ./emlib/em_usart.o
                0x00000000000019cc                USART_Tx
 .text.USART_TxDouble
                0x00000000000019d6        0xa ./emlib/em_usart.o
                0x00000000000019d6                USART_TxDouble
 .text.DMD_getDisplayGeometry
                0x00000000000019e0       0x1c ./Graphics/dmd_display.o
                0x00000000000019e0                DMD_getDisplayGeometry
 .text.DMD_setClippingArea
                0x00000000000019fc       0x40 ./Graphics/dmd_display.o
                0x00000000000019fc                DMD_setClippingArea
 .text.DMD_writeData
                0x0000000000001a3c      0x178 ./Graphics/dmd_display.o
                0x0000000000001a3c                DMD_writeData
 .text.DMD_writeColor
                0x0000000000001bb4      0x15c ./Graphics/dmd_display.o
                0x0000000000001bb4                DMD_writeColor
 .text.DMD_sleep
                0x0000000000001d10       0x10 ./Graphics/dmd_display.o
                0x0000000000001d10                DMD_sleep
 .text.DMD_wakeUp
                0x0000000000001d20       0x10 ./Graphics/dmd_display.o
                0x0000000000001d20                DMD_wakeUp
 .text.DMD_allocateFramebuffer
                0x0000000000001d30       0x38 ./Graphics/dmd_display.o
                0x0000000000001d30                DMD_allocateFramebuffer
 .text.DMD_init
                0x0000000000001d68       0x78 ./Graphics/dmd_display.o
                0x0000000000001d68                DMD_init
 .text.DMD_updateDisplay
                0x0000000000001de0       0xa0 ./Graphics/dmd_display.o
                0x0000000000001de0                DMD_updateDisplay
 .text.GLIB_displayWakeUp
                0x0000000000001e80        0x8 ./Graphics/glib.o
                0x0000000000001e80                GLIB_displayWakeUp
 .text.GLIB_displaySleep
                0x0000000000001e88        0x8 ./Graphics/glib.o
                0x0000000000001e88                GLIB_displaySleep
 .text.GLIB_setClippingRegion
                0x0000000000001e90       0x6c ./Graphics/glib.o
                0x0000000000001e90                GLIB_setClippingRegion
 .text.GLIB_contextInit
                0x0000000000001efc       0x54 ./Graphics/glib.o
                0x0000000000001efc                GLIB_contextInit
 .text.GLIB_resetDisplayClippingArea
                0x0000000000001f50       0x1a ./Graphics/glib.o
                0x0000000000001f50                GLIB_resetDisplayClippingArea
 .text.GLIB_clear
                0x0000000000001f6a       0x34 ./Graphics/glib.o
                0x0000000000001f6a                GLIB_clear
 .text.GLIB_colorTranslate24bpp
                0x0000000000001f9e        0xe ./Graphics/glib.o
                0x0000000000001f9e                GLIB_colorTranslate24bpp
 .text.GLIB_drawPixel
                0x0000000000001fac       0x38 ./Graphics/glib.o
                0x0000000000001fac                GLIB_drawPixel
 .text.GLIB_drawPixelColor
                0x0000000000001fe4       0x36 ./Graphics/glib.o
                0x0000000000001fe4                GLIB_drawPixelColor
 .text.GLIB_getClipCode
                0x000000000000201a       0x30 ./Graphics/glib_line.o
 .text.GLIB_drawLineH
                0x000000000000204a       0x78 ./Graphics/glib_line.o
                0x000000000000204a                GLIB_drawLineH
 .text.GLIB_drawLineV
                0x00000000000020c2       0xa4 ./Graphics/glib_line.o
                0x00000000000020c2                GLIB_drawLineV
 .text.GLIB_drawLine
                0x0000000000002166      0x18a ./Graphics/glib_line.o
                0x0000000000002166                GLIB_drawLine
 .text.GLIB_rectContainsPoint
                0x00000000000022f0       0x2a ./Graphics/glib_rectangle.o
                0x00000000000022f0                GLIB_rectContainsPoint
 .text.GLIB_drawChar
                0x000000000000231a      0x128 ./Graphics/glib_string.o
                0x000000000000231a                GLIB_drawChar
 .text.GLIB_drawString
                0x0000000000002442       0x82 ./Graphics/glib_string.o
                0x0000000000002442                GLIB_drawString
 .text.GLIB_setFont
                0x00000000000024c4       0x20 ./Graphics/glib_string.o
                0x00000000000024c4                GLIB_setFont
 .text.DISPLAY_Init
                0x00000000000024e4       0x2c ./Drivers/display.o
                0x00000000000024e4                DISPLAY_Init
 .text.DISPLAY_DeviceGet
                0x0000000000002510       0x3c ./Drivers/display.o
                0x0000000000002510                DISPLAY_DeviceGet
 .text.DISPLAY_DeviceRegister
                0x000000000000254c       0x44 ./Drivers/display.o
                0x000000000000254c                DISPLAY_DeviceRegister
 .text.PixelMatrixAllocate
                0x0000000000002590       0x3c ./Drivers/displayls013b7dh03.o
 .text.PixelMatrixFree
                0x00000000000025cc        0x8 ./Drivers/displayls013b7dh03.o
 .text.DriverRefresh
                0x00000000000025d4        0xe ./Drivers/displayls013b7dh03.o
 .text.PixelMatrixClear
                0x00000000000025e2       0x20 ./Drivers/displayls013b7dh03.o
 .text.PixelMatrixDraw
                0x0000000000002602       0x76 ./Drivers/displayls013b7dh03.o
 .text.DisplayPolarityInverse
                0x0000000000002678        0xe ./Drivers/displayls013b7dh03.o
 .text.DisplayEnable.part.0
                0x0000000000002686       0x14 ./Drivers/displayls013b7dh03.o
 .text.DisplayEnable
                0x000000000000269a       0x20 ./Drivers/displayls013b7dh03.o
 *fill*         0x00000000000026ba        0x2 
 .text.DISPLAY_Ls013b7dh03Init
                0x00000000000026bc       0xfc ./Drivers/displayls013b7dh03.o
                0x00000000000026bc                DISPLAY_Ls013b7dh03Init
 .text.PAL_SpiInit
                0x00000000000027b8       0x44 ./Drivers/displaypalemlib.o
                0x00000000000027b8                PAL_SpiInit
 .text.PAL_SpiTransmit
                0x00000000000027fc       0x40 ./Drivers/displaypalemlib.o
                0x00000000000027fc                PAL_SpiTransmit
 .text.PAL_TimerInit
                0x000000000000283c        0xa ./Drivers/displaypalemlib.o
                0x000000000000283c                PAL_TimerInit
 .text.PAL_TimerMicroSecondsDelay
                0x0000000000002846        0xa ./Drivers/displaypalemlib.o
                0x0000000000002846                PAL_TimerMicroSecondsDelay
 .text.PAL_TimerRepeat
                0x0000000000002850       0x14 ./Drivers/displaypalemlib.o
                0x0000000000002850                PAL_TimerRepeat
 .text.PAL_GpioInit
                0x0000000000002864       0x14 ./Drivers/displaypalemlib.o
                0x0000000000002864                PAL_GpioInit
 .text.PAL_GpioPinModeSet
                0x0000000000002878       0x1c ./Drivers/displaypalemlib.o
                0x0000000000002878                PAL_GpioPinModeSet
 .text.PAL_GpioPinOutSet
                0x0000000000002894       0x1c ./Drivers/displaypalemlib.o
                0x0000000000002894                PAL_GpioPinOutSet
 .text.PAL_GpioPinOutClear
                0x00000000000028b0       0x1c ./Drivers/displaypalemlib.o
                0x00000000000028b0                PAL_GpioPinOutClear
 .text.PAL_GpioPinOutToggle
                0x00000000000028cc       0x1c ./Drivers/displaypalemlib.o
                0x00000000000028cc                PAL_GpioPinOutToggle
 .text.I2CSPM_Init
                0x00000000000028e8       0x90 ./Drivers/i2cspm.o
                0x00000000000028e8                I2CSPM_Init
 .text.I2CSPM_Transfer
                0x0000000000002978       0x24 ./Drivers/i2cspm.o
                0x0000000000002978                I2CSPM_Transfer
 .text.INT_Disable
                0x000000000000299c       0x18 ./Drivers/rtcdriver.o
 .text.INT_Enable
                0x00000000000029b4       0x1c ./Drivers/rtcdriver.o
 .text.checkAllTimers
                0x00000000000029d0       0xa0 ./Drivers/rtcdriver.o
 .text.executeTimerCallbacks
                0x0000000000002a70       0x28 ./Drivers/rtcdriver.o
 .text.delayTicks.part.0
                0x0000000000002a98       0x20 ./Drivers/rtcdriver.o
 .text.rescheduleRtc
                0x0000000000002ab8       0x90 ./Drivers/rtcdriver.o
 .text.RTCDRV_AllocateTimer
                0x0000000000002b48       0x44 ./Drivers/rtcdriver.o
                0x0000000000002b48                RTCDRV_AllocateTimer
 *fill*         0x0000000000002b8c        0x4 
 .text.RTCDRV_Delay
                0x0000000000002b90       0x68 ./Drivers/rtcdriver.o
                0x0000000000002b90                RTCDRV_Delay
 .text.RTCDRV_Init
                0x0000000000002bf8       0x98 ./Drivers/rtcdriver.o
                0x0000000000002bf8                RTCDRV_Init
 .text.RTCDRV_StartTimer
                0x0000000000002c90      0x1d8 ./Drivers/rtcdriver.o
                0x0000000000002c90                RTCDRV_StartTimer
 .text.RTC_IRQHandler
                0x0000000000002e68       0x78 ./Drivers/rtcdriver.o
                0x0000000000002e68                RTC_IRQHandler
 .text.Si1147_Read_Register
                0x0000000000002ee0       0x30 ./Drivers/si1147_i2c.o
                0x0000000000002ee0                Si1147_Read_Register
 .text.Si1147_Write_Register
                0x0000000000002f10       0x2a ./Drivers/si1147_i2c.o
                0x0000000000002f10                Si1147_Write_Register
 .text.Si114xWriteToRegister
                0x0000000000002f3a       0x16 ./Drivers/si1147_i2c.o
                0x0000000000002f3a                Si114xWriteToRegister
 .text.Si114xReadFromRegister
                0x0000000000002f50       0x18 ./Drivers/si1147_i2c.o
                0x0000000000002f50                Si114xReadFromRegister
 .text.delay_1ms
                0x0000000000002f68        0xa ./Drivers/si1147_i2c.o
                0x0000000000002f68                delay_1ms
 *fill*         0x0000000000002f72        0x2 
 .text.Si1147_Detect_Device
                0x0000000000002f74       0x20 ./Drivers/si114x_algorithm.o
                0x0000000000002f74                Si1147_Detect_Device
 .text.Si1147_GetInterruptOutputEnable
                0x0000000000002f94       0x1c ./Drivers/si114x_algorithm.o
                0x0000000000002f94                Si1147_GetInterruptOutputEnable
 .text.Si1147_MeasureUVAndObjectPresent
                0x0000000000002fb0       0x94 ./Drivers/si114x_algorithm.o
                0x0000000000002fb0                Si1147_MeasureUVAndObjectPresent
 .text._waitUntilSleep
                0x0000000000003044       0x32 ./Drivers/si114x_functions.o
 .text._sendCmd
                0x0000000000003076       0x8c ./Drivers/si114x_functions.o
 .text.Si114xPsAlsForce
                0x0000000000003102        0xa ./Drivers/si114x_functions.o
                0x0000000000003102                Si114xPsAlsForce
 .text.Si7013_Measure
                0x000000000000310c       0x44 ./Drivers/si7013.o
 .text.Si7013_MeasureRHAndTemp
                0x0000000000003150       0x5c ./Drivers/si7013.o
                0x0000000000003150                Si7013_MeasureRHAndTemp
 .text.Si7013_Detect
                0x00000000000031ac       0x44 ./Drivers/si7013.o
                0x00000000000031ac                Si7013_Detect
 .text.UDELAY_Calibrate
                0x00000000000031f0      0x1c0 ./Drivers/udelay.o
                0x00000000000031f0                UDELAY_Calibrate
 .text.UDELAY_Delay
                0x00000000000033b0       0x28 ./Drivers/udelay.o
                0x00000000000033b0                UDELAY_Delay
 .text          0x00000000000033d8       0x30 ./CMSIS/efm32zg/startup_efm32zg.o
                0x00000000000033d8                Reset_Handler
                0x0000000000003404                HardFault_Handler
                0x0000000000003404                SysTick_Handler
                0x0000000000003404                USART1_RX_IRQHandler
                0x0000000000003404                PendSV_Handler
                0x0000000000003404                NMI_Handler
                0x0000000000003404                USART1_TX_IRQHandler
                0x0000000000003404                MSC_IRQHandler
                0x0000000000003404                LEUART0_IRQHandler
                0x0000000000003404                TIMER0_IRQHandler
                0x0000000000003404                TIMER1_IRQHandler
                0x0000000000003404                Default_Handler
                0x0000000000003404                PCNT0_IRQHandler
                0x0000000000003404                ACMP0_IRQHandler
                0x0000000000003404                SVC_Handler
                0x0000000000003404                CMU_IRQHandler
                0x0000000000003404                AES_IRQHandler
                0x0000000000003404                VCMP_IRQHandler
                0x0000000000003404                I2C0_IRQHandler
                0x0000000000003404                DMA_IRQHandler
 .text.SystemHFClockGet
                0x0000000000003408       0x98 ./CMSIS/efm32zg/system_efm32zg.o
                0x0000000000003408                SystemHFClockGet
 .text.SystemCoreClockGet
                0x00000000000034a0       0x20 ./CMSIS/efm32zg/system_efm32zg.o
                0x00000000000034a0                SystemCoreClockGet
 .text.SystemInit
                0x00000000000034c0        0x2 ./CMSIS/efm32zg/system_efm32zg.o
                0x00000000000034c0                SystemInit
 .text.SystemLFRCOClockGet
                0x00000000000034c2        0x6 ./CMSIS/efm32zg/system_efm32zg.o
                0x00000000000034c2                SystemLFRCOClockGet
 .text.SystemULFRCOClockGet
                0x00000000000034c8        0x6 ./CMSIS/efm32zg/system_efm32zg.o
                0x00000000000034c8                SystemULFRCOClockGet
 *fill*         0x00000000000034ce        0x2 
 .text.SystemLFXOClockGet
                0x00000000000034d0        0xc ./CMSIS/efm32zg/system_efm32zg.o
                0x00000000000034d0                SystemLFXOClockGet
 .text          0x00000000000034dc       0x14 /Applications/SimplicityStudio_v3/developer/toolchains/gnu_arm/4.8_2013q4/bin/../lib/gcc/arm-none-eabi/4.8.3/armv6-m/libgcc.a(_thumb1_case_uqi.o)
                0x00000000000034dc                __gnu_thumb1_case_uqi
 .text          0x00000000000034f0       0x9c /Applications/SimplicityStudio_v3/developer/toolchains/gnu_arm/4.8_2013q4/bin/../lib/gcc/arm-none-eabi/4.8.3/armv6-m/libgcc.a(_udivsi3.o)
                0x00000000000034f0                __udivsi3
                0x00000000000034f0                __aeabi_uidiv
                0x0000000000003578                __aeabi_uidivmod
 .text          0x000000000000358c       0xc0 /Applications/SimplicityStudio_v3/developer/toolchains/gnu_arm/4.8_2013q4/bin/../lib/gcc/arm-none-eabi/4.8.3/armv6-m/libgcc.a(_divsi3.o)
                0x000000000000358c                __aeabi_idiv
                0x000000000000358c                __divsi3
                0x0000000000003638                __aeabi_idivmod
 .text          0x000000000000364c        0x4 /Applications/SimplicityStudio_v3/developer/toolchains/gnu_arm/4.8_2013q4/bin/../lib/gcc/arm-none-eabi/4.8.3/armv6-m/libgcc.a(_dvmd_tls.o)
                0x000000000000364c                __aeabi_ldiv0
                0x000000000000364c                __aeabi_idiv0
 .text          0x0000000000003650       0x40 /Applications/SimplicityStudio_v3/developer/toolchains/gnu_arm/4.8_2013q4/bin/../lib/gcc/arm-none-eabi/4.8.3/armv6-m/libgcc.a(_aeabi_uldivmod.o)
                0x0000000000003650                __aeabi_uldivmod
 .text          0x0000000000003690       0x44 /Applications/SimplicityStudio_v3/developer/toolchains/gnu_arm/4.8_2013q4/bin/../lib/gcc/arm-none-eabi/4.8.3/armv6-m/libgcc.a(_muldi3.o)
                0x0000000000003690                __aeabi_lmul
                0x0000000000003690                __muldi3
 .text          0x00000000000036d4       0x6c /Applications/SimplicityStudio_v3/developer/toolchains/gnu_arm/4.8_2013q4/bin/../lib/gcc/arm-none-eabi/4.8.3/armv6-m/libgcc.a(bpabi.o)
                0x00000000000036d4                __gnu_ldivmod_helper
                0x000000000000370c                __gnu_uldivmod_helper
 .text          0x0000000000003740      0x3b0 /Applications/SimplicityStudio_v3/developer/toolchains/gnu_arm/4.8_2013q4/bin/../lib/gcc/arm-none-eabi/4.8.3/armv6-m/libgcc.a(_divdi3.o)
                0x0000000000003740                __divdi3
 .text          0x0000000000003af0      0x380 /Applications/SimplicityStudio_v3/developer/toolchains/gnu_arm/4.8_2013q4/bin/../lib/gcc/arm-none-eabi/4.8.3/armv6-m/libgcc.a(_udivdi3.o)
                0x0000000000003af0                __udivdi3
 .text          0x0000000000003e70       0x3c /Applications/SimplicityStudio_v3/developer/toolchains/gnu_arm/4.8_2013q4/bin/../lib/gcc/arm-none-eabi/4.8.3/armv6-m/libgcc.a(_clzsi2.o)
                0x0000000000003e70                __clzsi2
 .text.exit     0x0000000000003eac       0x2c /Applications/SimplicityStudio_v3/developer/toolchains/gnu_arm/4.8_2013q4/bin/../lib/gcc/arm-none-eabi/4.8.3/../../../../arm-none-eabi/lib/armv6-m/libc_s.a(lib_a-exit.o)
                0x0000000000003eac                exit
 .text.__libc_init_array
                0x0000000000003ed8       0x4c /Applications/SimplicityStudio_v3/developer/toolchains/gnu_arm/4.8_2013q4/bin/../lib/gcc/arm-none-eabi/4.8.3/../../../../arm-none-eabi/lib/armv6-m/libc_s.a(lib_a-init.o)
                0x0000000000003ed8                __libc_init_array
 .text.memcpy   0x0000000000003f24       0x12 /Applications/SimplicityStudio_v3/developer/toolchains/gnu_arm/4.8_2013q4/bin/../lib/gcc/arm-none-eabi/4.8.3/../../../../arm-none-eabi/lib/armv6-m/libc_s.a(lib_a-memcpy-stub.o)
                0x0000000000003f24                memcpy
 .text.memset   0x0000000000003f36       0x10 /Applications/SimplicityStudio_v3/developer/toolchains/gnu_arm/4.8_2013q4/bin/../lib/gcc/arm-none-eabi/4.8.3/../../../../arm-none-eabi/lib/armv6-m/libc_s.a(lib_a-memset.o)
                0x0000000000003f36                memset
 *fill*         0x0000000000003f46        0x2 
 .text.sprintf  0x0000000000003f48       0x44 /Applications/SimplicityStudio_v3/developer/toolchains/gnu_arm/4.8_2013q4/bin/../lib/gcc/arm-none-eabi/4.8.3/../../../../arm-none-eabi/lib/armv6-m/libc_s.a(lib_a-sprintf.o)
                0x0000000000003f48                sprintf
                0x0000000000003f48                siprintf
 .text.strcpy   0x0000000000003f8c       0x10 /Applications/SimplicityStudio_v3/developer/toolchains/gnu_arm/4.8_2013q4/bin/../lib/gcc/arm-none-eabi/4.8.3/../../../../arm-none-eabi/lib/armv6-m/libc_s.a(lib_a-strcpy.o)
                0x0000000000003f8c                strcpy
 .text.strlen   0x0000000000003f9c        0xe /Applications/SimplicityStudio_v3/developer/toolchains/gnu_arm/4.8_2013q4/bin/../lib/gcc/arm-none-eabi/4.8.3/../../../../arm-none-eabi/lib/armv6-m/libc_s.a(lib_a-strlen.o)
                0x0000000000003f9c                strlen
 *fill*         0x0000000000003faa        0x2 
 .text.__ssputs_r
                0x0000000000003fac       0xc0 /Applications/SimplicityStudio_v3/developer/toolchains/gnu_arm/4.8_2013q4/bin/../lib/gcc/arm-none-eabi/4.8.3/../../../../arm-none-eabi/lib/armv6-m/libc_s.a(lib_a-svfprintf.o)
                0x0000000000003fac                __ssputs_r
 .text._svfprintf_r
                0x000000000000406c      0x1e0 /Applications/SimplicityStudio_v3/developer/toolchains/gnu_arm/4.8_2013q4/bin/../lib/gcc/arm-none-eabi/4.8.3/../../../../arm-none-eabi/lib/armv6-m/libc_s.a(lib_a-svfprintf.o)
                0x000000000000406c                _svfprintf_r
                0x000000000000406c                _svfiprintf_r
 .text._printf_common
                0x000000000000424c       0xe8 /Applications/SimplicityStudio_v3/developer/toolchains/gnu_arm/4.8_2013q4/bin/../lib/gcc/arm-none-eabi/4.8.3/../../../../arm-none-eabi/lib/armv6-m/libc_s.a(lib_a-vfprintf_i.o)
                0x000000000000424c                _printf_common
 .text._printf_i
                0x0000000000004334      0x22c /Applications/SimplicityStudio_v3/developer/toolchains/gnu_arm/4.8_2013q4/bin/../lib/gcc/arm-none-eabi/4.8.3/../../../../arm-none-eabi/lib/armv6-m/libc_s.a(lib_a-vfprintf_i.o)
                0x0000000000004334                _printf_i
 .text.memchr   0x0000000000004560       0x16 /Applications/SimplicityStudio_v3/developer/toolchains/gnu_arm/4.8_2013q4/bin/../lib/gcc/arm-none-eabi/4.8.3/../../../../arm-none-eabi/lib/armv6-m/libc_s.a(lib_a-memchr-stub.o)
                0x0000000000004560                memchr
 .text.memmove  0x0000000000004576       0x32 /Applications/SimplicityStudio_v3/developer/toolchains/gnu_arm/4.8_2013q4/bin/../lib/gcc/arm-none-eabi/4.8.3/../../../../arm-none-eabi/lib/armv6-m/libc_s.a(lib_a-memmove.o)
                0x0000000000004576                memmove
 .text._free_r  0x00000000000045a8       0x90 /Applications/SimplicityStudio_v3/developer/toolchains/gnu_arm/4.8_2013q4/bin/../lib/gcc/arm-none-eabi/4.8.3/../../../../arm-none-eabi/lib/armv6-m/libc_s.a(lib_a-nano-freer.o)
                0x00000000000045a8                _free_r
 .text._malloc_r
                0x0000000000004638       0xa8 /Applications/SimplicityStudio_v3/developer/toolchains/gnu_arm/4.8_2013q4/bin/../lib/gcc/arm-none-eabi/4.8.3/../../../../arm-none-eabi/lib/armv6-m/libc_s.a(lib_a-nano-mallocr.o)
                0x0000000000004638                _malloc_r
 .text._realloc_r
                0x00000000000046e0       0x4c /Applications/SimplicityStudio_v3/developer/toolchains/gnu_arm/4.8_2013q4/bin/../lib/gcc/arm-none-eabi/4.8.3/../../../../arm-none-eabi/lib/armv6-m/libc_s.a(lib_a-nano-reallocr.o)
                0x00000000000046e0                _realloc_r
 .text._sbrk_r  0x000000000000472c       0x24 /Applications/SimplicityStudio_v3/developer/toolchains/gnu_arm/4.8_2013q4/bin/../lib/gcc/arm-none-eabi/4.8.3/../../../../arm-none-eabi/lib/armv6-m/libc_s.a(lib_a-sbrkr.o)
                0x000000000000472c                _sbrk_r
 .text._malloc_usable_size_r
                0x0000000000004750       0x12 /Applications/SimplicityStudio_v3/developer/toolchains/gnu_arm/4.8_2013q4/bin/../lib/gcc/arm-none-eabi/4.8.3/../../../../arm-none-eabi/lib/armv6-m/libc_s.a(lib_a-nano-msizer.o)
                0x0000000000004750                _malloc_usable_size_r
 *fill*         0x0000000000004762        0x2 
 .text._sbrk    0x0000000000004764       0x34 /Applications/SimplicityStudio_v3/developer/toolchains/gnu_arm/4.8_2013q4/bin/../lib/gcc/arm-none-eabi/4.8.3/../../../../arm-none-eabi/lib/armv6-m/libnosys.a(sbrk.o)
                0x0000000000004764                _sbrk
 .text._exit    0x0000000000004798        0x4 /Applications/SimplicityStudio_v3/developer/toolchains/gnu_arm/4.8_2013q4/bin/../lib/gcc/arm-none-eabi/4.8.3/../../../../arm-none-eabi/lib/armv6-m/libnosys.a(_exit.o)
                0x0000000000004798                _exit
 *(.init)
 .init          0x000000000000479c        0x4 /Applications/SimplicityStudio_v3/developer/toolchains/gnu_arm/4.8_2013q4/bin/../lib/gcc/arm-none-eabi/4.8.3/armv6-m/crti.o
                0x000000000000479c                _init
 .init          0x00000000000047a0        0x8 /Applications/SimplicityStudio_v3/developer/toolchains/gnu_arm/4.8_2013q4/bin/../lib/gcc/arm-none-eabi/4.8.3/armv6-m/crtn.o
 *(.fini)
 .fini          0x00000000000047a8        0x4 /Applications/SimplicityStudio_v3/developer/toolchains/gnu_arm/4.8_2013q4/bin/../lib/gcc/arm-none-eabi/4.8.3/armv6-m/crti.o
                0x00000000000047a8                _fini
 .fini          0x00000000000047ac        0x8 /Applications/SimplicityStudio_v3/developer/toolchains/gnu_arm/4.8_2013q4/bin/../lib/gcc/arm-none-eabi/4.8.3/armv6-m/crtn.o
 *crtbegin.o(.ctors)
 *crtbegin?.o(.ctors)
 *(EXCLUDE_FILE(*crtend.o *crtend?.o) .ctors)
 *(SORT(.ctors.*))
 *(.ctors)
 *crtbegin.o(.dtors)
 *crtbegin?.o(.dtors)
 *(EXCLUDE_FILE(*crtend.o *crtend?.o) .dtors)
 *(SORT(.dtors.*))
 *(.dtors)
 *(.rodata*)
 .rodata.str1.1
                0x00000000000047b4       0x57 ./src/graphics.o
                                         0x5a (size before relaxing)
 .rodata.pooBitmap
                0x000000000000480b      0x800 ./src/graphics.o
                0x000000000000480b                pooBitmap
 *fill*         0x000000000000500b        0x1 
 .rodata        0x000000000000500c       0x18 ./src/weatherstation.o
 .rodata.i2cNSum
                0x0000000000005024        0x4 ./emlib/em_i2c.o
 .rodata.GLIB_FontNormal8x8
                0x0000000000005028       0x10 ./Graphics/glib_font_normal_8x8.o
                0x0000000000005028                GLIB_FontNormal8x8
 .rodata.GLIB_FontNormal8x8PixMap
                0x0000000000005038      0x320 ./Graphics/glib_font_normal_8x8.o
 .rodata.str1.1
                0x0000000000005358       0x15 ./Drivers/displayls013b7dh03.o
 *fill*         0x000000000000536d        0x3 
 .rodata        0x0000000000005370       0x18 ./Drivers/displaypalemlib.o
 .rodata.initRTC
                0x0000000000005388        0x3 ./Drivers/rtcdriver.o
 .rodata        0x000000000000538b        0x3 ./Drivers/udelay.o
 .rodata.str1.1
                0x0000000000000000       0x15 /Applications/SimplicityStudio_v3/developer/toolchains/gnu_arm/4.8_2013q4/bin/../lib/gcc/arm-none-eabi/4.8.3/../../../../arm-none-eabi/lib/armv6-m/libc_s.a(lib_a-impure.o)
                                          0x2 (size before relaxing)
 *fill*         0x000000000000538e        0x2 
 .rodata._global_impure_ptr
                0x0000000000005390        0x4 /Applications/SimplicityStudio_v3/developer/toolchains/gnu_arm/4.8_2013q4/bin/../lib/gcc/arm-none-eabi/4.8.3/../../../../arm-none-eabi/lib/armv6-m/libc_s.a(lib_a-impure.o)
                0x0000000000005390                _global_impure_ptr
 .rodata.str1.1
                0x0000000000005394       0x11 /Applications/SimplicityStudio_v3/developer/toolchains/gnu_arm/4.8_2013q4/bin/../lib/gcc/arm-none-eabi/4.8.3/../../../../arm-none-eabi/lib/armv6-m/libc_s.a(lib_a-svfprintf.o)
 .rodata.str1.1
                0x00000000000053a5       0x22 /Applications/SimplicityStudio_v3/developer/toolchains/gnu_arm/4.8_2013q4/bin/../lib/gcc/arm-none-eabi/4.8.3/../../../../arm-none-eabi/lib/armv6-m/libc_s.a(lib_a-vfprintf_i.o)
 *(.eh_frame*)
 *fill*         0x00000000000053c7        0x1 
 .eh_frame      0x00000000000053c8        0x0 /Applications/SimplicityStudio_v3/developer/toolchains/gnu_arm/4.8_2013q4/bin/../lib/gcc/arm-none-eabi/4.8.3/armv6-m/crtbegin.o
 .eh_frame      0x00000000000053c8        0x4 /Applications/SimplicityStudio_v3/developer/toolchains/gnu_arm/4.8_2013q4/bin/../lib/gcc/arm-none-eabi/4.8.3/armv6-m/crtend.o

.glue_7         0x00000000000053cc        0x0
 .glue_7        0x0000000000000000        0x0 linker stubs

.glue_7t        0x00000000000053cc        0x0
 .glue_7t       0x0000000000000000        0x0 linker stubs

.vfp11_veneer   0x00000000000053cc        0x0
 .vfp11_veneer  0x0000000000000000        0x0 linker stubs

.v4_bx          0x00000000000053cc        0x0
 .v4_bx         0x0000000000000000        0x0 linker stubs

.iplt           0x00000000000053cc        0x0
 .iplt          0x0000000000000000        0x0 /Applications/SimplicityStudio_v3/developer/toolchains/gnu_arm/4.8_2013q4/bin/../lib/gcc/arm-none-eabi/4.8.3/armv6-m/crtbegin.o

.ARM.extab
 *(.ARM.extab* .gnu.linkonce.armextab.*)
                0x00000000000053cc                __exidx_start = .

.ARM.exidx      0x00000000000053cc        0x8
 *(.ARM.exidx* .gnu.linkonce.armexidx.*)
 .ARM.exidx     0x00000000000053cc        0x8 /Applications/SimplicityStudio_v3/developer/toolchains/gnu_arm/4.8_2013q4/bin/../lib/gcc/arm-none-eabi/4.8.3/../../../../arm-none-eabi/lib/armv6-m/crt0.o
 .ARM.exidx     0x00000000000053d4        0x0 /Applications/SimplicityStudio_v3/developer/toolchains/gnu_arm/4.8_2013q4/bin/../lib/gcc/arm-none-eabi/4.8.3/armv6-m/libgcc.a(_divdi3.o)
                                          0x8 (size before relaxing)
 .ARM.exidx     0x00000000000053d4        0x0 /Applications/SimplicityStudio_v3/developer/toolchains/gnu_arm/4.8_2013q4/bin/../lib/gcc/arm-none-eabi/4.8.3/armv6-m/libgcc.a(_udivdi3.o)
                                          0x8 (size before relaxing)
                0x00000000000053d4                __exidx_end = .
                0x00000000000053d4                __etext = .

.rel.dyn        0x00000000000053d4        0x0
 .rel.iplt      0x0000000000000000        0x0 /Applications/SimplicityStudio_v3/developer/toolchains/gnu_arm/4.8_2013q4/bin/../lib/gcc/arm-none-eabi/4.8.3/armv6-m/crtbegin.o

.data           0x0000000020000000       0x90 load address 0x00000000000053d4
                0x0000000020000000                __data_start__ = .
 *(vtable)
 *(.data*)
 .data.displayState
                0x0000000020000000        0x4 ./src/weatherstation.o
 .data.updateDisplay
                0x0000000020000004        0x1 ./src/weatherstation.o
 .data.updateMeasurement
                0x0000000020000005        0x1 ./src/weatherstation.o
 *fill*         0x0000000020000006        0x2 
 .data.pDisplayDeviceDriverInitFunctions
                0x0000000020000008        0x8 ./Drivers/display.o
 .data.pixelMatrixPool
                0x0000000020000010        0x4 ./Drivers/displayls013b7dh03.o
 .data.loops_per_jiffy
                0x0000000020000014        0x4 ./Drivers/udelay.o
                0x0000000020000014                loops_per_jiffy
 .data.SystemLFXOClock
                0x0000000020000018        0x4 ./CMSIS/efm32zg/system_efm32zg.o
 .data.SystemHFXOClock
                0x000000002000001c        0x4 ./CMSIS/efm32zg/system_efm32zg.o
 .data.impure_data
                0x0000000020000020       0x60 /Applications/SimplicityStudio_v3/developer/toolchains/gnu_arm/4.8_2013q4/bin/../lib/gcc/arm-none-eabi/4.8.3/../../../../arm-none-eabi/lib/armv6-m/libc_s.a(lib_a-impure.o)
 .data._impure_ptr
                0x0000000020000080        0x4 /Applications/SimplicityStudio_v3/developer/toolchains/gnu_arm/4.8_2013q4/bin/../lib/gcc/arm-none-eabi/4.8.3/../../../../arm-none-eabi/lib/armv6-m/libc_s.a(lib_a-impure.o)
                0x0000000020000080                _impure_ptr
                0x0000000020000084                . = ALIGN (0x4)
 *(.ram)
                0x0000000020000084                . = ALIGN (0x4)
                0x0000000020000084                PROVIDE (__preinit_array_start, .)
 *(.preinit_array)
                0x0000000020000084                PROVIDE (__preinit_array_end, .)
                0x0000000020000084                . = ALIGN (0x4)
                0x0000000020000084                PROVIDE (__init_array_start, .)
 *(SORT(.init_array.*))
 *(.init_array)
 .init_array    0x0000000020000084        0x4 /Applications/SimplicityStudio_v3/developer/toolchains/gnu_arm/4.8_2013q4/bin/../lib/gcc/arm-none-eabi/4.8.3/armv6-m/crtbegin.o
                0x0000000020000088                PROVIDE (__init_array_end, .)
                0x0000000020000088                . = ALIGN (0x4)
                0x0000000020000088                PROVIDE (__fini_array_start, .)
 *(SORT(.fini_array.*))
 *(.fini_array)
 .fini_array    0x0000000020000088        0x4 /Applications/SimplicityStudio_v3/developer/toolchains/gnu_arm/4.8_2013q4/bin/../lib/gcc/arm-none-eabi/4.8.3/armv6-m/crtbegin.o
                0x000000002000008c                PROVIDE (__fini_array_end, .)
 *(.jcr*)
 .jcr           0x000000002000008c        0x0 /Applications/SimplicityStudio_v3/developer/toolchains/gnu_arm/4.8_2013q4/bin/../lib/gcc/arm-none-eabi/4.8.3/armv6-m/crtbegin.o
 .jcr           0x000000002000008c        0x4 /Applications/SimplicityStudio_v3/developer/toolchains/gnu_arm/4.8_2013q4/bin/../lib/gcc/arm-none-eabi/4.8.3/armv6-m/crtend.o
                0x0000000020000090                . = ALIGN (0x4)
                0x0000000020000090                __data_end__ = .

.igot.plt       0x0000000020000090        0x0 load address 0x0000000000005464
 .igot.plt      0x0000000000000000        0x0 /Applications/SimplicityStudio_v3/developer/toolchains/gnu_arm/4.8_2013q4/bin/../lib/gcc/arm-none-eabi/4.8.3/armv6-m/crtbegin.o

.bss            0x0000000020000090      0x9c4 load address 0x0000000000005468
                0x0000000020000090                . = ALIGN (0x4)
                0x0000000020000090                __bss_start__ = .
 *(.bss*)
 .bss           0x0000000020000090       0x1c /Applications/SimplicityStudio_v3/developer/toolchains/gnu_arm/4.8_2013q4/bin/../lib/gcc/arm-none-eabi/4.8.3/armv6-m/crtbegin.o
 .bss.displayIsAwake
                0x00000000200000ac        0x4 ./src/graphics.o
 .bss.glibContext
                0x00000000200000b0       0x2c ./src/graphics.o
 .bss.rtcCallbackArg
                0x00000000200000dc        0x4 ./src/weatherstation.o
 .bss.adcConversionComplete
                0x00000000200000e0        0x1 ./src/weatherstation.o
 *fill*         0x00000000200000e1        0x3 
 .bss.UPTIME_TICKS
                0x00000000200000e4        0x4 ./src/weatherstation.o
 .bss.rtcCallback
                0x00000000200000e8        0x4 ./src/weatherstation.o
 .bss.cmuStatus
                0x00000000200000ec        0x4 ./emlib/em_emu.o
 .bss.i2cTransfer
                0x00000000200000f0        0xc ./emlib/em_i2c.o
 .bss.INT_LockCnt
                0x00000000200000fc        0x4 ./emlib/em_int.o
                0x00000000200000fc                INT_LockCnt
 .bss.pixelMatrixBuffer
                0x0000000020000100        0x4 ./Graphics/dmd_display.o
 .bss.displayDevice
                0x0000000020000104       0x2c ./Graphics/dmd_display.o
 .bss.dimensions
                0x0000000020000130        0xc ./Graphics/dmd_display.o
 .bss.moduleInitialized
                0x000000002000013c        0x1 ./Graphics/dmd_display.o
 *fill*         0x000000002000013d        0x3 
 .bss.devicesRegistered
                0x0000000020000140        0x4 ./Drivers/display.o
 .bss.deviceTable
                0x0000000020000144       0x2c ./Drivers/display.o
 .bss.moduleInitialized
                0x0000000020000170        0x1 ./Drivers/display.o
 .bss.pixelMatrixPoolBase
                0x0000000020000171      0x800 ./Drivers/displayls013b7dh03.o
 .bss.rtcRunning
                0x0000000020000971        0x1 ./Drivers/rtcdriver.o
 .bss.rtcdrvIsInitialized
                0x0000000020000972        0x1 ./Drivers/rtcdriver.o
 .bss.inTimerIRQ
                0x0000000020000973        0x1 ./Drivers/rtcdriver.o
 *fill*         0x0000000020000974        0x4 
 .bss.timer     0x0000000020000978       0xa0 ./Drivers/rtcdriver.o
 .bss.startTimerNestingLevel
                0x0000000020000a18        0x4 ./Drivers/rtcdriver.o
 .bss.lastStart
                0x0000000020000a1c        0x4 ./Drivers/rtcdriver.o
 .bss.si114x_i2c
                0x0000000020000a20        0x8 ./Drivers/si114x_algorithm.o
 .bss.__malloc_sbrk_start
                0x0000000020000a28        0x4 /Applications/SimplicityStudio_v3/developer/toolchains/gnu_arm/4.8_2013q4/bin/../lib/gcc/arm-none-eabi/4.8.3/../../../../arm-none-eabi/lib/armv6-m/libc_s.a(lib_a-nano-mallocr.o)
                0x0000000020000a28                __malloc_sbrk_start
 .bss.__malloc_free_list
                0x0000000020000a2c        0x4 /Applications/SimplicityStudio_v3/developer/toolchains/gnu_arm/4.8_2013q4/bin/../lib/gcc/arm-none-eabi/4.8.3/../../../../arm-none-eabi/lib/armv6-m/libc_s.a(lib_a-nano-mallocr.o)
                0x0000000020000a2c                __malloc_free_list
 .bss.heap_end.4237
                0x0000000020000a30        0x4 /Applications/SimplicityStudio_v3/developer/toolchains/gnu_arm/4.8_2013q4/bin/../lib/gcc/arm-none-eabi/4.8.3/../../../../arm-none-eabi/lib/armv6-m/libnosys.a(sbrk.o)
 *(COMMON)
 COMMON         0x0000000020000a34        0x8 ./src/weatherstation.o
                0x0000000020000a34                periodicUpdateTimerId
                0x0000000020000a38                screenTimeoutTimerId
 COMMON         0x0000000020000a3c       0x10 ./Graphics/dmd_display.o
                0x0000000020000a3c                dirtyRows
 COMMON         0x0000000020000a4c        0x4 ./CMSIS/efm32zg/system_efm32zg.o
                0x0000000020000a4c                SystemCoreClock
 COMMON         0x0000000020000a50        0x4 /Applications/SimplicityStudio_v3/developer/toolchains/gnu_arm/4.8_2013q4/bin/../lib/gcc/arm-none-eabi/4.8.3/../../../../arm-none-eabi/lib/armv6-m/libc_s.a(lib_a-reent.o)
                0x0000000020000a50                errno
                0x0000000020000a54                . = ALIGN (0x4)
                0x0000000020000a54                __bss_end__ = .

.heap           0x0000000020000a58        0x0
                0x0000000020000a58                __HeapBase = .
                0x0000000020000a58                __end__ = .
                0x0000000020000a58                end = __end__
                0x0000000020000a58                _end = __end__
 *(.heap*)
 .heap          0x0000000020000a58        0x0 ./CMSIS/efm32zg/startup_efm32zg.o
                0x0000000020000a58                __HeapLimit = .

.stack_dummy    0x0000000020000a58      0x400
 *(.stack*)
 .stack         0x0000000020000a58      0x400 ./CMSIS/efm32zg/startup_efm32zg.o
                0x0000000020001000                __StackTop = (ORIGIN (RAM) + 0x1000)
                0x0000000020000c00                __StackLimit = (__StackTop - SIZEOF (.stack_dummy))
                0x0000000020001000                PROVIDE (__stack, __StackTop)
                0x0000000000000001                ASSERT ((__StackLimit >= __HeapLimit), region RAM overflowed with stack)
                0x0000000000000001                ASSERT ((0x8000 >= (__etext + SIZEOF (.data))), FLASH memory overflowed !)
OUTPUT(sensor_log.axf elf32-littlearm)

.ARM.attributes
                0x0000000000000000       0x28
 .ARM.attributes
                0x0000000000000000       0x1e /Applications/SimplicityStudio_v3/developer/toolchains/gnu_arm/4.8_2013q4/bin/../lib/gcc/arm-none-eabi/4.8.3/armv6-m/crti.o
 .ARM.attributes
                0x000000000000001e       0x2c /Applications/SimplicityStudio_v3/developer/toolchains/gnu_arm/4.8_2013q4/bin/../lib/gcc/arm-none-eabi/4.8.3/armv6-m/crtbegin.o
 .ARM.attributes
                0x000000000000004a       0x1b /Applications/SimplicityStudio_v3/developer/toolchains/gnu_arm/4.8_2013q4/bin/../lib/gcc/arm-none-eabi/4.8.3/../../../../arm-none-eabi/lib/armv6-m/crt0.o
 .ARM.attributes
                0x0000000000000065       0x32 ./src/graphics.o
 .ARM.attributes
                0x0000000000000097       0x32 ./src/weatherstation.o
 .ARM.attributes
                0x00000000000000c9       0x32 ./emlib/em_adc.o
 .ARM.attributes
                0x00000000000000fb       0x32 ./emlib/em_cmu.o
 .ARM.attributes
                0x000000000000012d       0x32 ./emlib/em_emu.o
 .ARM.attributes
                0x000000000000015f       0x32 ./emlib/em_gpio.o
 .ARM.attributes
                0x0000000000000191       0x32 ./emlib/em_i2c.o
 .ARM.attributes
                0x00000000000001c3       0x32 ./emlib/em_int.o
 .ARM.attributes
                0x00000000000001f5       0x32 ./emlib/em_rtc.o
 .ARM.attributes
                0x0000000000000227       0x32 ./emlib/em_usart.o
 .ARM.attributes
                0x0000000000000259       0x32 ./Graphics/dmd_display.o
 .ARM.attributes
                0x000000000000028b       0x32 ./Graphics/glib.o
 .ARM.attributes
                0x00000000000002bd       0x32 ./Graphics/glib_font_normal_8x8.o
 .ARM.attributes
                0x00000000000002ef       0x32 ./Graphics/glib_line.o
 .ARM.attributes
                0x0000000000000321       0x32 ./Graphics/glib_rectangle.o
 .ARM.attributes
                0x0000000000000353       0x32 ./Graphics/glib_string.o
 .ARM.attributes
                0x0000000000000385       0x32 ./Drivers/display.o
 .ARM.attributes
                0x00000000000003b7       0x32 ./Drivers/displayls013b7dh03.o
 .ARM.attributes
                0x00000000000003e9       0x32 ./Drivers/displaypalemlib.o
 .ARM.attributes
                0x000000000000041b       0x32 ./Drivers/i2cspm.o
 .ARM.attributes
                0x000000000000044d       0x32 ./Drivers/rtcdriver.o
 .ARM.attributes
                0x000000000000047f       0x32 ./Drivers/si1147_i2c.o
 .ARM.attributes
                0x00000000000004b1       0x32 ./Drivers/si114x_algorithm.o
 .ARM.attributes
                0x00000000000004e3       0x32 ./Drivers/si114x_functions.o
 .ARM.attributes
                0x0000000000000515       0x32 ./Drivers/si7013.o
 .ARM.attributes
                0x0000000000000547       0x2b ./Drivers/udelay.o
 .ARM.attributes
                0x0000000000000572       0x1b ./CMSIS/efm32zg/startup_efm32zg.o
 .ARM.attributes
                0x000000000000058d       0x32 ./CMSIS/efm32zg/system_efm32zg.o
 .ARM.attributes
                0x00000000000005bf       0x1e /Applications/SimplicityStudio_v3/developer/toolchains/gnu_arm/4.8_2013q4/bin/../lib/gcc/arm-none-eabi/4.8.3/armv6-m/libgcc.a(_thumb1_case_uqi.o)
 .ARM.attributes
                0x00000000000005dd       0x1e /Applications/SimplicityStudio_v3/developer/toolchains/gnu_arm/4.8_2013q4/bin/../lib/gcc/arm-none-eabi/4.8.3/armv6-m/libgcc.a(_udivsi3.o)
 .ARM.attributes
                0x00000000000005fb       0x1e /Applications/SimplicityStudio_v3/developer/toolchains/gnu_arm/4.8_2013q4/bin/../lib/gcc/arm-none-eabi/4.8.3/armv6-m/libgcc.a(_divsi3.o)
 .ARM.attributes
                0x0000000000000619       0x1e /Applications/SimplicityStudio_v3/developer/toolchains/gnu_arm/4.8_2013q4/bin/../lib/gcc/arm-none-eabi/4.8.3/armv6-m/libgcc.a(_dvmd_tls.o)
 .ARM.attributes
                0x0000000000000637       0x1e /Applications/SimplicityStudio_v3/developer/toolchains/gnu_arm/4.8_2013q4/bin/../lib/gcc/arm-none-eabi/4.8.3/armv6-m/libgcc.a(_aeabi_uldivmod.o)
 .ARM.attributes
                0x0000000000000655       0x2c /Applications/SimplicityStudio_v3/developer/toolchains/gnu_arm/4.8_2013q4/bin/../lib/gcc/arm-none-eabi/4.8.3/armv6-m/libgcc.a(_muldi3.o)
 .ARM.attributes
                0x0000000000000681       0x2c /Applications/SimplicityStudio_v3/developer/toolchains/gnu_arm/4.8_2013q4/bin/../lib/gcc/arm-none-eabi/4.8.3/armv6-m/libgcc.a(bpabi.o)
 .ARM.attributes
                0x00000000000006ad       0x2c /Applications/SimplicityStudio_v3/developer/toolchains/gnu_arm/4.8_2013q4/bin/../lib/gcc/arm-none-eabi/4.8.3/armv6-m/libgcc.a(_divdi3.o)
 .ARM.attributes
                0x00000000000006d9       0x2c /Applications/SimplicityStudio_v3/developer/toolchains/gnu_arm/4.8_2013q4/bin/../lib/gcc/arm-none-eabi/4.8.3/armv6-m/libgcc.a(_udivdi3.o)
 .ARM.attributes
                0x0000000000000705       0x1e /Applications/SimplicityStudio_v3/developer/toolchains/gnu_arm/4.8_2013q4/bin/../lib/gcc/arm-none-eabi/4.8.3/armv6-m/libgcc.a(_clzsi2.o)
 .ARM.attributes
                0x0000000000000723       0x2c /Applications/SimplicityStudio_v3/developer/toolchains/gnu_arm/4.8_2013q4/bin/../lib/gcc/arm-none-eabi/4.8.3/../../../../arm-none-eabi/lib/armv6-m/libc_s.a(lib_a-exit.o)
 .ARM.attributes
                0x000000000000074f       0x2c /Applications/SimplicityStudio_v3/developer/toolchains/gnu_arm/4.8_2013q4/bin/../lib/gcc/arm-none-eabi/4.8.3/../../../../arm-none-eabi/lib/armv6-m/libc_s.a(lib_a-impure.o)
 .ARM.attributes
                0x000000000000077b       0x2c /Applications/SimplicityStudio_v3/developer/toolchains/gnu_arm/4.8_2013q4/bin/../lib/gcc/arm-none-eabi/4.8.3/../../../../arm-none-eabi/lib/armv6-m/libc_s.a(lib_a-init.o)
 .ARM.attributes
                0x00000000000007a7       0x2c /Applications/SimplicityStudio_v3/developer/toolchains/gnu_arm/4.8_2013q4/bin/../lib/gcc/arm-none-eabi/4.8.3/../../../../arm-none-eabi/lib/armv6-m/libc_s.a(lib_a-memcpy-stub.o)
 .ARM.attributes
                0x00000000000007d3       0x2c /Applications/SimplicityStudio_v3/developer/toolchains/gnu_arm/4.8_2013q4/bin/../lib/gcc/arm-none-eabi/4.8.3/../../../../arm-none-eabi/lib/armv6-m/libc_s.a(lib_a-memset.o)
 .ARM.attributes
                0x00000000000007ff       0x2c /Applications/SimplicityStudio_v3/developer/toolchains/gnu_arm/4.8_2013q4/bin/../lib/gcc/arm-none-eabi/4.8.3/../../../../arm-none-eabi/lib/armv6-m/libc_s.a(lib_a-sprintf.o)
 .ARM.attributes
                0x000000000000082b       0x2c /Applications/SimplicityStudio_v3/developer/toolchains/gnu_arm/4.8_2013q4/bin/../lib/gcc/arm-none-eabi/4.8.3/../../../../arm-none-eabi/lib/armv6-m/libc_s.a(lib_a-strcpy.o)
 .ARM.attributes
                0x0000000000000857       0x2c /Applications/SimplicityStudio_v3/developer/toolchains/gnu_arm/4.8_2013q4/bin/../lib/gcc/arm-none-eabi/4.8.3/../../../../arm-none-eabi/lib/armv6-m/libc_s.a(lib_a-strlen.o)
 .ARM.attributes
                0x0000000000000883       0x2c /Applications/SimplicityStudio_v3/developer/toolchains/gnu_arm/4.8_2013q4/bin/../lib/gcc/arm-none-eabi/4.8.3/../../../../arm-none-eabi/lib/armv6-m/libc_s.a(lib_a-svfprintf.o)
 .ARM.attributes
                0x00000000000008af       0x2c /Applications/SimplicityStudio_v3/developer/toolchains/gnu_arm/4.8_2013q4/bin/../lib/gcc/arm-none-eabi/4.8.3/../../../../arm-none-eabi/lib/armv6-m/libc_s.a(lib_a-vfprintf_i.o)
 .ARM.attributes
                0x00000000000008db       0x2c /Applications/SimplicityStudio_v3/developer/toolchains/gnu_arm/4.8_2013q4/bin/../lib/gcc/arm-none-eabi/4.8.3/../../../../arm-none-eabi/lib/armv6-m/libc_s.a(lib_a-memchr-stub.o)
 .ARM.attributes
                0x0000000000000907       0x2c /Applications/SimplicityStudio_v3/developer/toolchains/gnu_arm/4.8_2013q4/bin/../lib/gcc/arm-none-eabi/4.8.3/../../../../arm-none-eabi/lib/armv6-m/libc_s.a(lib_a-memmove.o)
 .ARM.attributes
                0x0000000000000933       0x2c /Applications/SimplicityStudio_v3/developer/toolchains/gnu_arm/4.8_2013q4/bin/../lib/gcc/arm-none-eabi/4.8.3/../../../../arm-none-eabi/lib/armv6-m/libc_s.a(lib_a-nano-freer.o)
 .ARM.attributes
                0x000000000000095f       0x2c /Applications/SimplicityStudio_v3/developer/toolchains/gnu_arm/4.8_2013q4/bin/../lib/gcc/arm-none-eabi/4.8.3/../../../../arm-none-eabi/lib/armv6-m/libc_s.a(lib_a-nano-mallocr.o)
 .ARM.attributes
                0x000000000000098b       0x2c /Applications/SimplicityStudio_v3/developer/toolchains/gnu_arm/4.8_2013q4/bin/../lib/gcc/arm-none-eabi/4.8.3/../../../../arm-none-eabi/lib/armv6-m/libc_s.a(lib_a-nano-reallocr.o)
 .ARM.attributes
                0x00000000000009b7       0x2c /Applications/SimplicityStudio_v3/developer/toolchains/gnu_arm/4.8_2013q4/bin/../lib/gcc/arm-none-eabi/4.8.3/../../../../arm-none-eabi/lib/armv6-m/libc_s.a(lib_a-sbrkr.o)
 .ARM.attributes
                0x00000000000009e3       0x2c /Applications/SimplicityStudio_v3/developer/toolchains/gnu_arm/4.8_2013q4/bin/../lib/gcc/arm-none-eabi/4.8.3/../../../../arm-none-eabi/lib/armv6-m/libc_s.a(lib_a-nano-msizer.o)
 .ARM.attributes
                0x0000000000000a0f       0x2c /Applications/SimplicityStudio_v3/developer/toolchains/gnu_arm/4.8_2013q4/bin/../lib/gcc/arm-none-eabi/4.8.3/../../../../arm-none-eabi/lib/armv6-m/libc_s.a(lib_a-reent.o)
 .ARM.attributes
                0x0000000000000a3b       0x2c /Applications/SimplicityStudio_v3/developer/toolchains/gnu_arm/4.8_2013q4/bin/../lib/gcc/arm-none-eabi/4.8.3/../../../../arm-none-eabi/lib/armv6-m/libnosys.a(sbrk.o)
 .ARM.attributes
                0x0000000000000a67       0x2c /Applications/SimplicityStudio_v3/developer/toolchains/gnu_arm/4.8_2013q4/bin/../lib/gcc/arm-none-eabi/4.8.3/../../../../arm-none-eabi/lib/armv6-m/libnosys.a(_exit.o)
 .ARM.attributes
                0x0000000000000a93       0x2c /Applications/SimplicityStudio_v3/developer/toolchains/gnu_arm/4.8_2013q4/bin/../lib/gcc/arm-none-eabi/4.8.3/armv6-m/crtend.o
 .ARM.attributes
                0x0000000000000abf       0x1e /Applications/SimplicityStudio_v3/developer/toolchains/gnu_arm/4.8_2013q4/bin/../lib/gcc/arm-none-eabi/4.8.3/armv6-m/crtn.o

.comment        0x0000000000000000       0x70
 .comment       0x0000000000000000       0x70 ./src/graphics.o
                                         0x71 (size before relaxing)
 .comment       0x0000000000000000       0x71 ./src/weatherstation.o
 .comment       0x0000000000000000       0x71 ./emlib/em_adc.o
 .comment       0x0000000000000000       0x71 ./emlib/em_cmu.o
 .comment       0x0000000000000000       0x71 ./emlib/em_emu.o
 .comment       0x0000000000000000       0x71 ./emlib/em_gpio.o
 .comment       0x0000000000000000       0x71 ./emlib/em_i2c.o
 .comment       0x0000000000000000       0x71 ./emlib/em_int.o
 .comment       0x0000000000000000       0x71 ./emlib/em_rtc.o
 .comment       0x0000000000000000       0x71 ./emlib/em_usart.o
 .comment       0x0000000000000000       0x71 ./Graphics/dmd_display.o
 .comment       0x0000000000000000       0x71 ./Graphics/glib.o
 .comment       0x0000000000000000       0x71 ./Graphics/glib_font_normal_8x8.o
 .comment       0x0000000000000000       0x71 ./Graphics/glib_line.o
 .comment       0x0000000000000000       0x71 ./Graphics/glib_rectangle.o
 .comment       0x0000000000000000       0x71 ./Graphics/glib_string.o
 .comment       0x0000000000000000       0x71 ./Drivers/display.o
 .comment       0x0000000000000000       0x71 ./Drivers/displayls013b7dh03.o
 .comment       0x0000000000000000       0x71 ./Drivers/displaypalemlib.o
 .comment       0x0000000000000000       0x71 ./Drivers/i2cspm.o
 .comment       0x0000000000000000       0x71 ./Drivers/rtcdriver.o
 .comment       0x0000000000000000       0x71 ./Drivers/si1147_i2c.o
 .comment       0x0000000000000000       0x71 ./Drivers/si114x_algorithm.o
 .comment       0x0000000000000000       0x71 ./Drivers/si114x_functions.o
 .comment       0x0000000000000000       0x71 ./Drivers/si7013.o
 .comment       0x0000000000000000       0x71 ./Drivers/udelay.o
 .comment       0x0000000000000000       0x71 ./CMSIS/efm32zg/system_efm32zg.o

.debug_info     0x0000000000000000    0x11fe9
 .debug_info    0x0000000000000000     0x152b ./src/graphics.o
 .debug_info    0x000000000000152b     0x1ab7 ./src/weatherstation.o
 .debug_info    0x0000000000002fe2      0xa72 ./emlib/em_adc.o
 .debug_info    0x0000000000003a54     0x1450 ./emlib/em_cmu.o
 .debug_info    0x0000000000004ea4      0x648 ./emlib/em_emu.o
 .debug_info    0x00000000000054ec      0x56e ./emlib/em_gpio.o
 .debug_info    0x0000000000005a5a      0x865 ./emlib/em_i2c.o
 .debug_info    0x00000000000062bf       0xa0 ./emlib/em_int.o
 .debug_info    0x000000000000635f      0x362 ./emlib/em_rtc.o
 .debug_info    0x00000000000066c1      0xe87 ./emlib/em_usart.o
 .debug_info    0x0000000000007548      0xb2e ./Graphics/dmd_display.o
 .debug_info    0x0000000000008076      0xaa7 ./Graphics/glib.o
 .debug_info    0x0000000000008b1d      0x184 ./Graphics/glib_font_normal_8x8.o
 .debug_info    0x0000000000008ca1      0x807 ./Graphics/glib_line.o
 .debug_info    0x00000000000094a8      0x61a ./Graphics/glib_rectangle.o
 .debug_info    0x0000000000009ac2      0x60f ./Graphics/glib_string.o
 .debug_info    0x000000000000a0d1      0x4b8 ./Drivers/display.o
 .debug_info    0x000000000000a589      0xafe ./Drivers/displayls013b7dh03.o
 .debug_info    0x000000000000b087      0xd76 ./Drivers/displaypalemlib.o
 .debug_info    0x000000000000bdfd      0x950 ./Drivers/i2cspm.o
 .debug_info    0x000000000000c74d     0x115a ./Drivers/rtcdriver.o
 .debug_info    0x000000000000d8a7      0x7dc ./Drivers/si1147_i2c.o
 .debug_info    0x000000000000e083      0xbe1 ./Drivers/si114x_algorithm.o
 .debug_info    0x000000000000ec64     0x181e ./Drivers/si114x_functions.o
 .debug_info    0x0000000000010482      0x935 ./Drivers/si7013.o
 .debug_info    0x0000000000010db7      0xd24 ./Drivers/udelay.o
 .debug_info    0x0000000000011adb       0xec ./CMSIS/efm32zg/startup_efm32zg.o
 .debug_info    0x0000000000011bc7      0x422 ./CMSIS/efm32zg/system_efm32zg.o

.debug_abbrev   0x0000000000000000     0x3f45
 .debug_abbrev  0x0000000000000000      0x2a9 ./src/graphics.o
 .debug_abbrev  0x00000000000002a9      0x4b1 ./src/weatherstation.o
 .debug_abbrev  0x000000000000075a      0x251 ./emlib/em_adc.o
 .debug_abbrev  0x00000000000009ab      0x3d7 ./emlib/em_cmu.o
 .debug_abbrev  0x0000000000000d82      0x228 ./emlib/em_emu.o
 .debug_abbrev  0x0000000000000faa      0x1e2 ./emlib/em_gpio.o
 .debug_abbrev  0x000000000000118c      0x2d0 ./emlib/em_i2c.o
 .debug_abbrev  0x000000000000145c       0x42 ./emlib/em_int.o
 .debug_abbrev  0x000000000000149e      0x1e9 ./emlib/em_rtc.o
 .debug_abbrev  0x0000000000001687      0x248 ./emlib/em_usart.o
 .debug_abbrev  0x00000000000018cf      0x250 ./Graphics/dmd_display.o
 .debug_abbrev  0x0000000000001b1f      0x270 ./Graphics/glib.o
 .debug_abbrev  0x0000000000001d8f       0xa7 ./Graphics/glib_font_normal_8x8.o
 .debug_abbrev  0x0000000000001e36      0x241 ./Graphics/glib_line.o
 .debug_abbrev  0x0000000000002077      0x194 ./Graphics/glib_rectangle.o
 .debug_abbrev  0x000000000000220b      0x13f ./Graphics/glib_string.o
 .debug_abbrev  0x000000000000234a      0x158 ./Drivers/display.o
 .debug_abbrev  0x00000000000024a2      0x29b ./Drivers/displayls013b7dh03.o
 .debug_abbrev  0x000000000000273d      0x2a7 ./Drivers/displaypalemlib.o
 .debug_abbrev  0x00000000000029e4      0x22c ./Drivers/i2cspm.o
 .debug_abbrev  0x0000000000002c10      0x423 ./Drivers/rtcdriver.o
 .debug_abbrev  0x0000000000003033      0x1e1 ./Drivers/si1147_i2c.o
 .debug_abbrev  0x0000000000003214      0x27c ./Drivers/si114x_algorithm.o
 .debug_abbrev  0x0000000000003490      0x356 ./Drivers/si114x_functions.o
 .debug_abbrev  0x00000000000037e6      0x2b6 ./Drivers/si7013.o
 .debug_abbrev  0x0000000000003a9c      0x2f4 ./Drivers/udelay.o
 .debug_abbrev  0x0000000000003d90       0x14 ./CMSIS/efm32zg/startup_efm32zg.o
 .debug_abbrev  0x0000000000003da4      0x1a1 ./CMSIS/efm32zg/system_efm32zg.o

.debug_loc      0x0000000000000000     0xa295
 .debug_loc     0x0000000000000000      0x897 ./src/graphics.o
 .debug_loc     0x0000000000000897      0x3b6 ./src/weatherstation.o
 .debug_loc     0x0000000000000c4d      0x3bf ./emlib/em_adc.o
 .debug_loc     0x000000000000100c     0x147a ./emlib/em_cmu.o
 .debug_loc     0x0000000000002486      0x178 ./emlib/em_emu.o
 .debug_loc     0x00000000000025fe      0x219 ./emlib/em_gpio.o
 .debug_loc     0x0000000000002817      0x541 ./emlib/em_i2c.o
 .debug_loc     0x0000000000002d58       0xfb ./emlib/em_rtc.o
 .debug_loc     0x0000000000002e53      0x715 ./emlib/em_usart.o
 .debug_loc     0x0000000000003568      0xc8d ./Graphics/dmd_display.o
 .debug_loc     0x00000000000041f5      0x889 ./Graphics/glib.o
 .debug_loc     0x0000000000004a7e      0x8dc ./Graphics/glib_line.o
 .debug_loc     0x000000000000535a      0x4c1 ./Graphics/glib_rectangle.o
 .debug_loc     0x000000000000581b      0x533 ./Graphics/glib_string.o
 .debug_loc     0x0000000000005d4e      0x250 ./Drivers/display.o
 .debug_loc     0x0000000000005f9e      0x5cd ./Drivers/displayls013b7dh03.o
 .debug_loc     0x000000000000656b      0x474 ./Drivers/displaypalemlib.o
 .debug_loc     0x00000000000069df      0x1d0 ./Drivers/i2cspm.o
 .debug_loc     0x0000000000006baf      0x97e ./Drivers/rtcdriver.o
 .debug_loc     0x000000000000752d      0x5c5 ./Drivers/si1147_i2c.o
 .debug_loc     0x0000000000007af2      0x5ea ./Drivers/si114x_algorithm.o
 .debug_loc     0x00000000000080dc     0x1762 ./Drivers/si114x_functions.o
 .debug_loc     0x000000000000983e      0x697 ./Drivers/si7013.o
 .debug_loc     0x0000000000009ed5      0x2c4 ./Drivers/udelay.o
 .debug_loc     0x000000000000a199       0xfc ./CMSIS/efm32zg/system_efm32zg.o

.debug_aranges  0x0000000000000000      0x9e0
 .debug_aranges
                0x0000000000000000       0x50 ./src/graphics.o
 .debug_aranges
                0x0000000000000050       0x60 ./src/weatherstation.o
 .debug_aranges
                0x00000000000000b0       0x48 ./emlib/em_adc.o
 .debug_aranges
                0x00000000000000f8       0xe8 ./emlib/em_cmu.o
 .debug_aranges
                0x00000000000001e0       0x50 ./emlib/em_emu.o
 .debug_aranges
                0x0000000000000230       0x38 ./emlib/em_gpio.o
 .debug_aranges
                0x0000000000000268       0x50 ./emlib/em_i2c.o
 .debug_aranges
                0x00000000000002b8       0x18 ./emlib/em_int.o
 .debug_aranges
                0x00000000000002d0       0x50 ./emlib/em_rtc.o
 .debug_aranges
                0x0000000000000320       0xb8 ./emlib/em_usart.o
 .debug_aranges
                0x00000000000003d8       0x88 ./Graphics/dmd_display.o
 .debug_aranges
                0x0000000000000460       0x78 ./Graphics/glib.o
 .debug_aranges
                0x00000000000004d8       0x18 ./Graphics/glib_font_normal_8x8.o
 .debug_aranges
                0x00000000000004f0       0x38 ./Graphics/glib_line.o
 .debug_aranges
                0x0000000000000528       0x38 ./Graphics/glib_rectangle.o
 .debug_aranges
                0x0000000000000560       0x30 ./Graphics/glib_string.o
 .debug_aranges
                0x0000000000000590       0x38 ./Drivers/display.o
 .debug_aranges
                0x00000000000005c8       0x60 ./Drivers/displayls013b7dh03.o
 .debug_aranges
                0x0000000000000628       0x80 ./Drivers/displaypalemlib.o
 .debug_aranges
                0x00000000000006a8       0x28 ./Drivers/i2cspm.o
 .debug_aranges
                0x00000000000006d0       0x98 ./Drivers/rtcdriver.o
 .debug_aranges
                0x0000000000000768       0x68 ./Drivers/si1147_i2c.o
 .debug_aranges
                0x00000000000007d0       0x48 ./Drivers/si114x_algorithm.o
 .debug_aranges
                0x0000000000000818       0xc8 ./Drivers/si114x_functions.o
 .debug_aranges
                0x00000000000008e0       0x58 ./Drivers/si7013.o
 .debug_aranges
                0x0000000000000938       0x28 ./Drivers/udelay.o
 .debug_aranges
                0x0000000000000960       0x20 ./CMSIS/efm32zg/startup_efm32zg.o
 .debug_aranges
                0x0000000000000980       0x60 ./CMSIS/efm32zg/system_efm32zg.o

.debug_ranges   0x0000000000000000      0xcd8
 .debug_ranges  0x0000000000000000       0x70 ./src/graphics.o
 .debug_ranges  0x0000000000000070      0x130 ./src/weatherstation.o
 .debug_ranges  0x00000000000001a0       0x60 ./emlib/em_adc.o
 .debug_ranges  0x0000000000000200      0x178 ./emlib/em_cmu.o
 .debug_ranges  0x0000000000000378       0x70 ./emlib/em_emu.o
 .debug_ranges  0x00000000000003e8       0x58 ./emlib/em_gpio.o
 .debug_ranges  0x0000000000000440       0x68 ./emlib/em_i2c.o
 .debug_ranges  0x00000000000004a8       0x58 ./emlib/em_rtc.o
 .debug_ranges  0x0000000000000500       0xa8 ./emlib/em_usart.o
 .debug_ranges  0x00000000000005a8       0xa8 ./Graphics/dmd_display.o
 .debug_ranges  0x0000000000000650       0x80 ./Graphics/glib.o
 .debug_ranges  0x00000000000006d0       0x28 ./Graphics/glib_line.o
 .debug_ranges  0x00000000000006f8       0x28 ./Graphics/glib_rectangle.o
 .debug_ranges  0x0000000000000720       0x20 ./Graphics/glib_string.o
 .debug_ranges  0x0000000000000740       0x28 ./Drivers/display.o
 .debug_ranges  0x0000000000000768       0x50 ./Drivers/displayls013b7dh03.o
 .debug_ranges  0x00000000000007b8       0xb8 ./Drivers/displaypalemlib.o
 .debug_ranges  0x0000000000000870       0x18 ./Drivers/i2cspm.o
 .debug_ranges  0x0000000000000888      0x1a0 ./Drivers/rtcdriver.o
 .debug_ranges  0x0000000000000a28       0x58 ./Drivers/si1147_i2c.o
 .debug_ranges  0x0000000000000a80       0x68 ./Drivers/si114x_algorithm.o
 .debug_ranges  0x0000000000000ae8      0x118 ./Drivers/si114x_functions.o
 .debug_ranges  0x0000000000000c00       0x70 ./Drivers/si7013.o
 .debug_ranges  0x0000000000000c70       0x18 ./Drivers/udelay.o
 .debug_ranges  0x0000000000000c88       0x50 ./CMSIS/efm32zg/system_efm32zg.o

.debug_line     0x0000000000000000     0x5c95
 .debug_line    0x0000000000000000      0x417 ./src/graphics.o
 .debug_line    0x0000000000000417      0x572 ./src/weatherstation.o
 .debug_line    0x0000000000000989      0x30d ./emlib/em_adc.o
 .debug_line    0x0000000000000c96      0x6b2 ./emlib/em_cmu.o
 .debug_line    0x0000000000001348      0x393 ./emlib/em_emu.o
 .debug_line    0x00000000000016db      0x253 ./emlib/em_gpio.o
 .debug_line    0x000000000000192e      0x35a ./emlib/em_i2c.o
 .debug_line    0x0000000000001c88       0xd9 ./emlib/em_int.o
 .debug_line    0x0000000000001d61      0x26a ./emlib/em_rtc.o
 .debug_line    0x0000000000001fcb      0x41b ./emlib/em_usart.o
 .debug_line    0x00000000000023e6      0x508 ./Graphics/dmd_display.o
 .debug_line    0x00000000000028ee      0x303 ./Graphics/glib.o
 .debug_line    0x0000000000002bf1       0xf9 ./Graphics/glib_font_normal_8x8.o
 .debug_line    0x0000000000002cea      0x2e6 ./Graphics/glib_line.o
 .debug_line    0x0000000000002fd0      0x227 ./Graphics/glib_rectangle.o
 .debug_line    0x00000000000031f7      0x2eb ./Graphics/glib_string.o
 .debug_line    0x00000000000034e2      0x243 ./Drivers/display.o
 .debug_line    0x0000000000003725      0x32e ./Drivers/displayls013b7dh03.o
 .debug_line    0x0000000000003a53      0x42c ./Drivers/displaypalemlib.o
 .debug_line    0x0000000000003e7f      0x25b ./Drivers/i2cspm.o
 .debug_line    0x00000000000040da      0x78c ./Drivers/rtcdriver.o
 .debug_line    0x0000000000004866      0x37c ./Drivers/si1147_i2c.o
 .debug_line    0x0000000000004be2      0x30d ./Drivers/si114x_algorithm.o
 .debug_line    0x0000000000004eef      0x479 ./Drivers/si114x_functions.o
 .debug_line    0x0000000000005368      0x2de ./Drivers/si7013.o
 .debug_line    0x0000000000005646      0x359 ./Drivers/udelay.o
 .debug_line    0x000000000000599f       0xbf ./CMSIS/efm32zg/startup_efm32zg.o
 .debug_line    0x0000000000005a5e      0x237 ./CMSIS/efm32zg/system_efm32zg.o

.debug_str      0x0000000000000000     0x47d3
 .debug_str     0x0000000000000000      0x61e ./src/graphics.o
                                        0x6d3 (size before relaxing)
 .debug_str     0x000000000000061e     0x107e ./src/weatherstation.o
                                       0x1311 (size before relaxing)
 .debug_str     0x000000000000169c      0x15e ./emlib/em_adc.o
                                        0xa21 (size before relaxing)
 .debug_str     0x00000000000017fa      0x71c ./emlib/em_cmu.o
                                        0xb27 (size before relaxing)
 .debug_str     0x0000000000001f16      0x13b ./emlib/em_emu.o
                                        0x44e (size before relaxing)
 .debug_str     0x0000000000002051       0xf8 ./emlib/em_gpio.o
                                        0x545 (size before relaxing)
 .debug_str     0x0000000000002149      0x2c3 ./emlib/em_i2c.o
                                        0x6b2 (size before relaxing)
 .debug_str     0x000000000000240c       0x59 ./emlib/em_int.o
                                        0x1e2 (size before relaxing)
 .debug_str     0x0000000000002465       0xf9 ./emlib/em_rtc.o
                                        0x2c1 (size before relaxing)
 .debug_str     0x000000000000255e      0x86f ./emlib/em_usart.o
                                        0xbd0 (size before relaxing)
 .debug_str     0x0000000000002dcd      0x429 ./Graphics/dmd_display.o
                                        0x679 (size before relaxing)
 .debug_str     0x00000000000031f6      0x16c ./Graphics/glib.o
                                        0x5af (size before relaxing)
 .debug_str     0x0000000000003362       0x7c ./Graphics/glib_font_normal_8x8.o
                                        0x2d7 (size before relaxing)
 .debug_str     0x00000000000033de       0xcf ./Graphics/glib_line.o
                                        0x4cc (size before relaxing)
 .debug_str     0x00000000000034ad       0x9f ./Graphics/glib_rectangle.o
                                        0x4a9 (size before relaxing)
 .debug_str     0x000000000000354c       0xde ./Graphics/glib_string.o
                                        0x4a9 (size before relaxing)
 .debug_str     0x000000000000362a      0x120 ./Drivers/display.o
                                        0x478 (size before relaxing)
 .debug_str     0x000000000000374a      0x1f3 ./Drivers/displayls013b7dh03.o
                                        0x5fe (size before relaxing)
 .debug_str     0x000000000000393d       0xef ./Drivers/displaypalemlib.o
                                        0xb1c (size before relaxing)
 .debug_str     0x0000000000003a2c       0x78 ./Drivers/i2cspm.o
                                        0x855 (size before relaxing)
 .debug_str     0x0000000000003aa4      0x2f4 ./Drivers/rtcdriver.o
                                        0x9dc (size before relaxing)
 .debug_str     0x0000000000003d98      0x16e ./Drivers/si1147_i2c.o
                                        0x45a (size before relaxing)
 .debug_str     0x0000000000003f06      0x293 ./Drivers/si114x_algorithm.o
                                        0x523 (size before relaxing)
 .debug_str     0x0000000000004199      0x32f ./Drivers/si114x_functions.o
                                        0x65b (size before relaxing)
 .debug_str     0x00000000000044c8      0x123 ./Drivers/si7013.o
                                        0x458 (size before relaxing)
 .debug_str     0x00000000000045eb      0x107 ./Drivers/udelay.o
                                        0x8f6 (size before relaxing)
 .debug_str     0x00000000000046f2       0xe1 ./CMSIS/efm32zg/system_efm32zg.o
                                        0x3e3 (size before relaxing)

.debug_frame    0x0000000000000000     0x1c7c
 .debug_frame   0x0000000000000000       0xc8 ./src/graphics.o
 .debug_frame   0x00000000000000c8       0xec ./src/weatherstation.o
 .debug_frame   0x00000000000001b4       0xac ./emlib/em_adc.o
 .debug_frame   0x0000000000000260      0x238 ./emlib/em_cmu.o
 .debug_frame   0x0000000000000498       0xa0 ./emlib/em_emu.o
 .debug_frame   0x0000000000000538       0x74 ./emlib/em_gpio.o
 .debug_frame   0x00000000000005ac       0xb8 ./emlib/em_i2c.o
 .debug_frame   0x0000000000000664       0x88 ./emlib/em_rtc.o
 .debug_frame   0x00000000000006ec      0x1b8 ./emlib/em_usart.o
 .debug_frame   0x00000000000008a4      0x178 ./Graphics/dmd_display.o
 .debug_frame   0x0000000000000a1c      0x160 ./Graphics/glib.o
 .debug_frame   0x0000000000000b7c       0x88 ./Graphics/glib_line.o
 .debug_frame   0x0000000000000c04       0x7c ./Graphics/glib_rectangle.o
 .debug_frame   0x0000000000000c80       0x68 ./Graphics/glib_string.o
 .debug_frame   0x0000000000000ce8       0x70 ./Drivers/display.o
 .debug_frame   0x0000000000000d58       0xf8 ./Drivers/displayls013b7dh03.o
 .debug_frame   0x0000000000000e50      0x130 ./Drivers/displaypalemlib.o
 .debug_frame   0x0000000000000f80       0x50 ./Drivers/i2cspm.o
 .debug_frame   0x0000000000000fd0      0x1b8 ./Drivers/rtcdriver.o
 .debug_frame   0x0000000000001188      0x128 ./Drivers/si1147_i2c.o
 .debug_frame   0x00000000000012b0       0xbc ./Drivers/si114x_algorithm.o
 .debug_frame   0x000000000000136c      0x24c ./Drivers/si114x_functions.o
 .debug_frame   0x00000000000015b8       0xfc ./Drivers/si7013.o
 .debug_frame   0x00000000000016b4       0x40 ./Drivers/udelay.o
 .debug_frame   0x00000000000016f4       0xb8 ./CMSIS/efm32zg/system_efm32zg.o
 .debug_frame   0x00000000000017ac       0x20 /Applications/SimplicityStudio_v3/developer/toolchains/gnu_arm/4.8_2013q4/bin/../lib/gcc/arm-none-eabi/4.8.3/armv6-m/libgcc.a(_udivsi3.o)
 .debug_frame   0x00000000000017cc       0x20 /Applications/SimplicityStudio_v3/developer/toolchains/gnu_arm/4.8_2013q4/bin/../lib/gcc/arm-none-eabi/4.8.3/armv6-m/libgcc.a(_divsi3.o)
 .debug_frame   0x00000000000017ec       0x30 /Applications/SimplicityStudio_v3/developer/toolchains/gnu_arm/4.8_2013q4/bin/../lib/gcc/arm-none-eabi/4.8.3/armv6-m/libgcc.a(_muldi3.o)
 .debug_frame   0x000000000000181c       0x50 /Applications/SimplicityStudio_v3/developer/toolchains/gnu_arm/4.8_2013q4/bin/../lib/gcc/arm-none-eabi/4.8.3/armv6-m/libgcc.a(bpabi.o)
 .debug_frame   0x000000000000186c       0x3c /Applications/SimplicityStudio_v3/developer/toolchains/gnu_arm/4.8_2013q4/bin/../lib/gcc/arm-none-eabi/4.8.3/armv6-m/libgcc.a(_divdi3.o)
 .debug_frame   0x00000000000018a8       0x3c /Applications/SimplicityStudio_v3/developer/toolchains/gnu_arm/4.8_2013q4/bin/../lib/gcc/arm-none-eabi/4.8.3/armv6-m/libgcc.a(_udivdi3.o)
 .debug_frame   0x00000000000018e4       0x28 /Applications/SimplicityStudio_v3/developer/toolchains/gnu_arm/4.8_2013q4/bin/../lib/gcc/arm-none-eabi/4.8.3/../../../../arm-none-eabi/lib/armv6-m/libc_s.a(lib_a-exit.o)
 .debug_frame   0x000000000000190c       0x2c /Applications/SimplicityStudio_v3/developer/toolchains/gnu_arm/4.8_2013q4/bin/../lib/gcc/arm-none-eabi/4.8.3/../../../../arm-none-eabi/lib/armv6-m/libc_s.a(lib_a-init.o)
 .debug_frame   0x0000000000001938       0x28 /Applications/SimplicityStudio_v3/developer/toolchains/gnu_arm/4.8_2013q4/bin/../lib/gcc/arm-none-eabi/4.8.3/../../../../arm-none-eabi/lib/armv6-m/libc_s.a(lib_a-memcpy-stub.o)
 .debug_frame   0x0000000000001960       0x20 /Applications/SimplicityStudio_v3/developer/toolchains/gnu_arm/4.8_2013q4/bin/../lib/gcc/arm-none-eabi/4.8.3/../../../../arm-none-eabi/lib/armv6-m/libc_s.a(lib_a-memset.o)
 .debug_frame   0x0000000000001980       0x4c /Applications/SimplicityStudio_v3/developer/toolchains/gnu_arm/4.8_2013q4/bin/../lib/gcc/arm-none-eabi/4.8.3/../../../../arm-none-eabi/lib/armv6-m/libc_s.a(lib_a-sprintf.o)
 .debug_frame   0x00000000000019cc       0x20 /Applications/SimplicityStudio_v3/developer/toolchains/gnu_arm/4.8_2013q4/bin/../lib/gcc/arm-none-eabi/4.8.3/../../../../arm-none-eabi/lib/armv6-m/libc_s.a(lib_a-strcpy.o)
 .debug_frame   0x00000000000019ec       0x20 /Applications/SimplicityStudio_v3/developer/toolchains/gnu_arm/4.8_2013q4/bin/../lib/gcc/arm-none-eabi/4.8.3/../../../../arm-none-eabi/lib/armv6-m/libc_s.a(lib_a-strlen.o)
 .debug_frame   0x0000000000001a0c       0x74 /Applications/SimplicityStudio_v3/developer/toolchains/gnu_arm/4.8_2013q4/bin/../lib/gcc/arm-none-eabi/4.8.3/../../../../arm-none-eabi/lib/armv6-m/libc_s.a(lib_a-svfprintf.o)
 .debug_frame   0x0000000000001a80       0x54 /Applications/SimplicityStudio_v3/developer/toolchains/gnu_arm/4.8_2013q4/bin/../lib/gcc/arm-none-eabi/4.8.3/../../../../arm-none-eabi/lib/armv6-m/libc_s.a(lib_a-vfprintf_i.o)
 .debug_frame   0x0000000000001ad4       0x20 /Applications/SimplicityStudio_v3/developer/toolchains/gnu_arm/4.8_2013q4/bin/../lib/gcc/arm-none-eabi/4.8.3/../../../../arm-none-eabi/lib/armv6-m/libc_s.a(lib_a-memchr-stub.o)
 .debug_frame   0x0000000000001af4       0x2c /Applications/SimplicityStudio_v3/developer/toolchains/gnu_arm/4.8_2013q4/bin/../lib/gcc/arm-none-eabi/4.8.3/../../../../arm-none-eabi/lib/armv6-m/libc_s.a(lib_a-memmove.o)
 .debug_frame   0x0000000000001b20       0x2c /Applications/SimplicityStudio_v3/developer/toolchains/gnu_arm/4.8_2013q4/bin/../lib/gcc/arm-none-eabi/4.8.3/../../../../arm-none-eabi/lib/armv6-m/libc_s.a(lib_a-nano-freer.o)
 .debug_frame   0x0000000000001b4c       0x2c /Applications/SimplicityStudio_v3/developer/toolchains/gnu_arm/4.8_2013q4/bin/../lib/gcc/arm-none-eabi/4.8.3/../../../../arm-none-eabi/lib/armv6-m/libc_s.a(lib_a-nano-mallocr.o)
 .debug_frame   0x0000000000001b78       0x30 /Applications/SimplicityStudio_v3/developer/toolchains/gnu_arm/4.8_2013q4/bin/../lib/gcc/arm-none-eabi/4.8.3/../../../../arm-none-eabi/lib/armv6-m/libc_s.a(lib_a-nano-reallocr.o)
 .debug_frame   0x0000000000001ba8       0x2c /Applications/SimplicityStudio_v3/developer/toolchains/gnu_arm/4.8_2013q4/bin/../lib/gcc/arm-none-eabi/4.8.3/../../../../arm-none-eabi/lib/armv6-m/libc_s.a(lib_a-sbrkr.o)
 .debug_frame   0x0000000000001bd4       0x20 /Applications/SimplicityStudio_v3/developer/toolchains/gnu_arm/4.8_2013q4/bin/../lib/gcc/arm-none-eabi/4.8.3/../../../../arm-none-eabi/lib/armv6-m/libc_s.a(lib_a-nano-msizer.o)
 .debug_frame   0x0000000000001bf4       0x48 /Applications/SimplicityStudio_v3/developer/toolchains/gnu_arm/4.8_2013q4/bin/../lib/gcc/arm-none-eabi/4.8.3/../../../../arm-none-eabi/lib/armv6-m/libc_s.a(lib_a-reent.o)
 .debug_frame   0x0000000000001c3c       0x20 /Applications/SimplicityStudio_v3/developer/toolchains/gnu_arm/4.8_2013q4/bin/../lib/gcc/arm-none-eabi/4.8.3/../../../../arm-none-eabi/lib/armv6-m/libnosys.a(sbrk.o)
 .debug_frame   0x0000000000001c5c       0x20 /Applications/SimplicityStudio_v3/developer/toolchains/gnu_arm/4.8_2013q4/bin/../lib/gcc/arm-none-eabi/4.8.3/../../../../arm-none-eabi/lib/armv6-m/libnosys.a(_exit.o)
